Archive member included to satisfy reference by file (symbol)

C:/ST/STM32CubeIDE_1.13.2/STM32CubeIDE/plugins/com.st.stm32cube.ide.mcu.externaltools.gnu-tools-for-stm32.11.3.rel1.win32_1.1.100.202309141235/tools/bin/../lib/gcc/arm-none-eabi/11.3.1/../../../../arm-none-eabi/lib/thumb/v7e-m+fp/hard\libc_nano.a(libc_a-exit.o)
                              C:/ST/STM32CubeIDE_1.13.2/STM32CubeIDE/plugins/com.st.stm32cube.ide.mcu.externaltools.gnu-tools-for-stm32.11.3.rel1.win32_1.1.100.202309141235/tools/bin/../lib/gcc/arm-none-eabi/11.3.1/../../../../arm-none-eabi/lib/thumb/v7e-m+fp/hard/crt0.o (exit)
C:/ST/STM32CubeIDE_1.13.2/STM32CubeIDE/plugins/com.st.stm32cube.ide.mcu.externaltools.gnu-tools-for-stm32.11.3.rel1.win32_1.1.100.202309141235/tools/bin/../lib/gcc/arm-none-eabi/11.3.1/../../../../arm-none-eabi/lib/thumb/v7e-m+fp/hard\libc_nano.a(libc_a-strtol.o)
                              ./STM32F4xx_ESP32_firmware-main/Src/MQTT_dispatcher.o (strtol)
C:/ST/STM32CubeIDE_1.13.2/STM32CubeIDE/plugins/com.st.stm32cube.ide.mcu.externaltools.gnu-tools-for-stm32.11.3.rel1.win32_1.1.100.202309141235/tools/bin/../lib/gcc/arm-none-eabi/11.3.1/../../../../arm-none-eabi/lib/thumb/v7e-m+fp/hard\libc_nano.a(libc_a-ctype_.o)
                              C:/ST/STM32CubeIDE_1.13.2/STM32CubeIDE/plugins/com.st.stm32cube.ide.mcu.externaltools.gnu-tools-for-stm32.11.3.rel1.win32_1.1.100.202309141235/tools/bin/../lib/gcc/arm-none-eabi/11.3.1/../../../../arm-none-eabi/lib/thumb/v7e-m+fp/hard\libc_nano.a(libc_a-strtol.o) (_ctype_)
C:/ST/STM32CubeIDE_1.13.2/STM32CubeIDE/plugins/com.st.stm32cube.ide.mcu.externaltools.gnu-tools-for-stm32.11.3.rel1.win32_1.1.100.202309141235/tools/bin/../lib/gcc/arm-none-eabi/11.3.1/../../../../arm-none-eabi/lib/thumb/v7e-m+fp/hard\libc_nano.a(libc_a-findfp.o)
                              ./Middlewares/Third_Party/FreeRTOS/Source/tasks.o (__sf)
C:/ST/STM32CubeIDE_1.13.2/STM32CubeIDE/plugins/com.st.stm32cube.ide.mcu.externaltools.gnu-tools-for-stm32.11.3.rel1.win32_1.1.100.202309141235/tools/bin/../lib/gcc/arm-none-eabi/11.3.1/../../../../arm-none-eabi/lib/thumb/v7e-m+fp/hard\libc_nano.a(libc_a-fwalk.o)
                              C:/ST/STM32CubeIDE_1.13.2/STM32CubeIDE/plugins/com.st.stm32cube.ide.mcu.externaltools.gnu-tools-for-stm32.11.3.rel1.win32_1.1.100.202309141235/tools/bin/../lib/gcc/arm-none-eabi/11.3.1/../../../../arm-none-eabi/lib/thumb/v7e-m+fp/hard\libc_nano.a(libc_a-findfp.o) (_fwalk_sglue)
C:/ST/STM32CubeIDE_1.13.2/STM32CubeIDE/plugins/com.st.stm32cube.ide.mcu.externaltools.gnu-tools-for-stm32.11.3.rel1.win32_1.1.100.202309141235/tools/bin/../lib/gcc/arm-none-eabi/11.3.1/../../../../arm-none-eabi/lib/thumb/v7e-m+fp/hard\libc_nano.a(libc_a-sprintf.o)
                              ./Middlewares/Third_Party/FreeRTOS/Source/tasks.o (sprintf)
C:/ST/STM32CubeIDE_1.13.2/STM32CubeIDE/plugins/com.st.stm32cube.ide.mcu.externaltools.gnu-tools-for-stm32.11.3.rel1.win32_1.1.100.202309141235/tools/bin/../lib/gcc/arm-none-eabi/11.3.1/../../../../arm-none-eabi/lib/thumb/v7e-m+fp/hard\libc_nano.a(libc_a-stdio.o)
                              C:/ST/STM32CubeIDE_1.13.2/STM32CubeIDE/plugins/com.st.stm32cube.ide.mcu.externaltools.gnu-tools-for-stm32.11.3.rel1.win32_1.1.100.202309141235/tools/bin/../lib/gcc/arm-none-eabi/11.3.1/../../../../arm-none-eabi/lib/thumb/v7e-m+fp/hard\libc_nano.a(libc_a-findfp.o) (__sread)
C:/ST/STM32CubeIDE_1.13.2/STM32CubeIDE/plugins/com.st.stm32cube.ide.mcu.externaltools.gnu-tools-for-stm32.11.3.rel1.win32_1.1.100.202309141235/tools/bin/../lib/gcc/arm-none-eabi/11.3.1/../../../../arm-none-eabi/lib/thumb/v7e-m+fp/hard\libc_nano.a(libc_a-memset.o)
                              C:/ST/STM32CubeIDE_1.13.2/STM32CubeIDE/plugins/com.st.stm32cube.ide.mcu.externaltools.gnu-tools-for-stm32.11.3.rel1.win32_1.1.100.202309141235/tools/bin/../lib/gcc/arm-none-eabi/11.3.1/../../../../arm-none-eabi/lib/thumb/v7e-m+fp/hard/crt0.o (memset)
C:/ST/STM32CubeIDE_1.13.2/STM32CubeIDE/plugins/com.st.stm32cube.ide.mcu.externaltools.gnu-tools-for-stm32.11.3.rel1.win32_1.1.100.202309141235/tools/bin/../lib/gcc/arm-none-eabi/11.3.1/../../../../arm-none-eabi/lib/thumb/v7e-m+fp/hard\libc_nano.a(libc_a-strncmp.o)
                              ./STM32F4xx_ESP32_firmware-main/Src/MQTT_dispatcher.o (strncmp)
C:/ST/STM32CubeIDE_1.13.2/STM32CubeIDE/plugins/com.st.stm32cube.ide.mcu.externaltools.gnu-tools-for-stm32.11.3.rel1.win32_1.1.100.202309141235/tools/bin/../lib/gcc/arm-none-eabi/11.3.1/../../../../arm-none-eabi/lib/thumb/v7e-m+fp/hard\libc_nano.a(libc_a-strtok.o)
                              ./STM32F4xx_ESP32_firmware-main/Src/MQTT_dispatcher.o (strtok)
C:/ST/STM32CubeIDE_1.13.2/STM32CubeIDE/plugins/com.st.stm32cube.ide.mcu.externaltools.gnu-tools-for-stm32.11.3.rel1.win32_1.1.100.202309141235/tools/bin/../lib/gcc/arm-none-eabi/11.3.1/../../../../arm-none-eabi/lib/thumb/v7e-m+fp/hard\libc_nano.a(libc_a-strtok_r.o)
[...]
Memory Configuration

Name             Origin             Length             Attributes
RAM              0x0000000020000000 0x0000000000020000 xrw
FLASH            0x0000000008000000 0x0000000000080000 xr
*default*        0x0000000000000000 0xffffffffffffffff

Linker script and memory map

LOAD C:/ST/STM32CubeIDE_1.13.2/STM32CubeIDE/plugins/com.st.stm32cube.ide.mcu.externaltools.gnu-tools-for-stm32.11.3.rel1.win32_1.1.100.202309141235/tools/bin/../lib/gcc/arm-none-eabi/11.3.1/thumb/v7e-m+fp/hard/crti.o
LOAD C:/ST/STM32CubeIDE_1.13.2/STM32CubeIDE/plugins/com.st.stm32cube.ide.mcu.externaltools.gnu-tools-for-stm32.11.3.rel1.win32_1.1.100.202309141235/tools/bin/../lib/gcc/arm-none-eabi/11.3.1/thumb/v7e-m+fp/hard/crtbegin.o
LOAD C:/ST/STM32CubeIDE_1.13.2/STM32CubeIDE/plugins/com.st.stm32cube.ide.mcu.externaltools.gnu-tools-for-stm32.11.3.rel1.win32_1.1.100.202309141235/tools/bin/../lib/gcc/arm-none-eabi/11.3.1/../../../../arm-none-eabi/lib/thumb/v7e-m+fp/hard/crt0.o
LOAD ./Core/Src/freertos.o
LOAD ./Core/Src/main.o
LOAD ./Core/Src/stm32f4xx_hal_msp.o
LOAD ./Core/Src/stm32f4xx_hal_timebase_tim.o
LOAD ./Core/Src/stm32f4xx_it.o
LOAD ./Core/Src/syscalls.o
LOAD ./Core/Src/sysmem.o
LOAD ./Core/Src/system_stm32f4xx.o
LOAD ./Core/Startup/startup_stm32f411vetx.o
LOAD ./Drivers/STM32F4xx_HAL_Driver/Src/stm32f4xx_hal.o
LOAD ./Drivers/STM32F4xx_HAL_Driver/Src/stm32f4xx_hal_cortex.o
LOAD ./Drivers/STM32F4xx_HAL_Driver/Src/stm32f4xx_hal_dma.o
LOAD ./Drivers/STM32F4xx_HAL_Driver/Src/stm32f4xx_hal_dma_ex.o
LOAD ./Drivers/STM32F4xx_HAL_Driver/Src/stm32f4xx_hal_exti.o
LOAD ./Drivers/STM32F4xx_HAL_Driver/Src/stm32f4xx_hal_flash.o
LOAD ./Drivers/STM32F4xx_HAL_Driver/Src/stm32f4xx_hal_flash_ex.o
LOAD ./Drivers/STM32F4xx_HAL_Driver/Src/stm32f4xx_hal_flash_ramfunc.o
LOAD ./Drivers/STM32F4xx_HAL_Driver/Src/stm32f4xx_hal_gpio.o
LOAD ./Drivers/STM32F4xx_HAL_Driver/Src/stm32f4xx_hal_i2c.o
LOAD ./Drivers/STM32F4xx_HAL_Driver/Src/stm32f4xx_hal_i2c_ex.o
LOAD ./Drivers/STM32F4xx_HAL_Driver/Src/stm32f4xx_hal_pcd.o
LOAD ./Drivers/STM32F4xx_HAL_Driver/Src/stm32f4xx_hal_pcd_ex.o
LOAD ./Drivers/STM32F4xx_HAL_Driver/Src/stm32f4xx_hal_pwr.o
LOAD ./Drivers/STM32F4xx_HAL_Driver/Src/stm32f4xx_hal_pwr_ex.o
LOAD ./Drivers/STM32F4xx_HAL_Driver/Src/stm32f4xx_hal_rcc.o
LOAD ./Drivers/STM32F4xx_HAL_Driver/Src/stm32f4xx_hal_rcc_ex.o
LOAD ./Drivers/STM32F4xx_HAL_Driver/Src/stm32f4xx_hal_spi.o
LOAD ./Drivers/STM32F4xx_HAL_Driver/Src/stm32f4xx_hal_tim.o
LOAD ./Drivers/STM32F4xx_HAL_Driver/Src/stm32f4xx_hal_tim_ex.o
LOAD ./Drivers/STM32F4xx_HAL_Driver/Src/stm32f4xx_hal_uart.o
LOAD ./Drivers/STM32F4xx_HAL_Driver/Src/stm32f4xx_ll_usb.o
LOAD ./Middlewares/ST/STM32_USB_Device_Library/Class/CDC/Src/usbd_cdc.o
LOAD ./Middlewares/ST/STM32_USB_Device_Library/Core/Src/usbd_core.o
LOAD ./Middlewares/ST/STM32_USB_Device_Library/Core/Src/usbd_ctlreq.o
LOAD ./Middlewares/ST/STM32_USB_Device_Library/Core/Src/usbd_ioreq.o
LOAD ./Middlewares/Third_Party/FreeRTOS/Source/CMSIS_RTOS_V2/cmsis_os2.o
LOAD ./Middlewares/Third_Party/FreeRTOS/Source/croutine.o
LOAD ./Middlewares/Third_Party/FreeRTOS/Source/event_groups.o
LOAD ./Middlewares/Third_Party/FreeRTOS/Source/list.o
LOAD ./Middlewares/Third_Party/FreeRTOS/Source/queue.o
LOAD ./Middlewares/Third_Party/FreeRTOS/Source/stream_buffer.o
LOAD ./Middlewares/Third_Party/FreeRTOS/Source/tasks.o
LOAD ./Middlewares/Third_Party/FreeRTOS/Source/timers.o
LOAD ./Middlewares/Third_Party/FreeRTOS/Source/portable/GCC/ARM_CM4F/port.o
LOAD ./Middlewares/Third_Party/FreeRTOS/Source/portable/MemMang/heap_4.o
LOAD ./STM32F4xx_ESP32_firmware-main/Src/MQTT_dispatcher.o
LOAD ./STM32F4xx_ESP32_firmware-main/Src/Wifi_MQTT_Example.o
LOAD ./STM32F4xx_ESP32_firmware-main/Src/esp32_manager.o
LOAD ./STM32F4xx_ESP32_firmware-main/Src/usart_rx_queue.o
LOAD ./USB_DEVICE/App/usb_device.o
LOAD ./USB_DEVICE/App/usbd_cdc_if.o
LOAD ./USB_DEVICE/App/usbd_desc.o
LOAD ./USB_DEVICE/Target/usbd_conf.o
START GROUP
LOAD C:/ST/STM32CubeIDE_1.13.2/STM32CubeIDE/plugins/com.st.stm32cube.ide.mcu.externaltools.gnu-tools-for-stm32.11.3.rel1.win32_1.1.100.202309141235/tools/bin/../lib/gcc/arm-none-eabi/11.3.1/../../../../arm-none-eabi/lib/thumb/v7e-m+fp/hard\libc_nano.a
LOAD C:/ST/STM32CubeIDE_1.13.2/STM32CubeIDE/plugins/com.st.stm32cube.ide.mcu.externaltools.gnu-tools-for-stm32.11.3.rel1.win32_1.1.100.202309141235/tools/bin/../lib/gcc/arm-none-eabi/11.3.1/../../../../arm-none-eabi/lib/thumb/v7e-m+fp/hard\libm.a
END GROUP
START GROUP
LOAD C:/ST/STM32CubeIDE_1.13.2/STM32CubeIDE/plugins/com.st.stm32cube.ide.mcu.externaltools.gnu-tools-for-stm32.11.3.rel1.win32_1.1.100.202309141235/tools/bin/../lib/gcc/arm-none-eabi/11.3.1/thumb/v7e-m+fp/hard\libgcc.a
LOAD C:/ST/STM32CubeIDE_1.13.2/STM32CubeIDE/plugins/com.st.stm32cube.ide.mcu.externaltools.gnu-tools-for-stm32.11.3.rel1.win32_1.1.100.202309141235/tools/bin/../lib/gcc/arm-none-eabi/11.3.1/../../../../arm-none-eabi/lib/thumb/v7e-m+fp/hard\libc_nano.a
END GROUP
START GROUP
LOAD C:/ST/STM32CubeIDE_1.13.2/STM32CubeIDE/plugins/com.st.stm32cube.ide.mcu.externaltools.gnu-tools-for-stm32.11.3.rel1.win32_1.1.100.202309141235/tools/bin/../lib/gcc/arm-none-eabi/11.3.1/thumb/v7e-m+fp/hard\libgcc.a
LOAD C:/ST/STM32CubeIDE_1.13.2/STM32CubeIDE/plugins/com.st.stm32cube.ide.mcu.externaltools.gnu-tools-for-stm32.11.3.rel1.win32_1.1.100.202309141235/tools/bin/../lib/gcc/arm-none-eabi/11.3.1/../../../../arm-none-eabi/lib/thumb/v7e-m+fp/hard\libc_nano.a
LOAD C:/ST/STM32CubeIDE_1.13.2/STM32CubeIDE/plugins/com.st.stm32cube.ide.mcu.externaltools.gnu-tools-for-stm32.11.3.rel1.win32_1.1.100.202309141235/tools/bin/../lib/gcc/arm-none-eabi/11.3.1/../../../../arm-none-eabi/lib/thumb/v7e-m+fp/hard\libnosys.a
END GROUP
START GROUP
LOAD C:/ST/STM32CubeIDE_1.13.2/STM32CubeIDE/plugins/com.st.stm32cube.ide.mcu.externaltools.gnu-tools-for-stm32.11.3.rel1.win32_1.1.100.202309141235/tools/bin/../lib/gcc/arm-none-eabi/11.3.1/thumb/v7e-m+fp/hard\libgcc.a
LOAD C:/ST/STM32CubeIDE_1.13.2/STM32CubeIDE/plugins/com.st.stm32cube.ide.mcu.externaltools.gnu-tools-for-stm32.11.3.rel1.win32_1.1.100.202309141235/tools/bin/../lib/gcc/arm-none-eabi/11.3.1/../../../../arm-none-eabi/lib/thumb/v7e-m+fp/hard\libc_nano.a
LOAD C:/ST/STM32CubeIDE_1.13.2/STM32CubeIDE/plugins/com.st.stm32cube.ide.mcu.externaltools.gnu-tools-for-stm32.11.3.rel1.win32_1.1.100.202309141235/tools/bin/../lib/gcc/arm-none-eabi/11.3.1/../../../../arm-none-eabi/lib/thumb/v7e-m+fp/hard\libnosys.a
END GROUP
LOAD C:/ST/STM32CubeIDE_1.13.2/STM32CubeIDE/plugins/com.st.stm32cube.ide.mcu.externaltools.gnu-tools-for-stm32.11.3.rel1.win32_1.1.100.202309141235/tools/bin/../lib/gcc/arm-none-eabi/11.3.1/thumb/v7e-m+fp/hard/crtend.o
LOAD C:/ST/STM32CubeIDE_1.13.2/STM32CubeIDE/plugins/com.st.stm32cube.ide.mcu.externaltools.gnu-tools-for-stm32.11.3.rel1.win32_1.1.100.202309141235/tools/bin/../lib/gcc/arm-none-eabi/11.3.1/thumb/v7e-m+fp/hard/crtn.o
                0x0000000020020000                _estack = (ORIGIN (RAM) + LENGTH (RAM))
                0x0000000000000200                _Min_Heap_Size = 0x200
                0x0000000000000400                _Min_Stack_Size = 0x400

.isr_vector     0x0000000008000000      0x198
                0x0000000008000000                . = ALIGN (0x4)
 *(.isr_vector)
 .isr_vector    0x0000000008000000      0x198 ./Core/Startup/startup_stm32f411vetx.o
                0x0000000008000000                g_pfnVectors
                0x0000000008000198                . = ALIGN (0x4)

.text           0x00000000080001a0     0xe3dc
                0x00000000080001a0                . = ALIGN (0x4)
 *(.text)
 .text          0x00000000080001a0       0x40 C:/ST/STM32CubeIDE_1.13.2/STM32CubeIDE/plugins/com.st.stm32cube.ide.mcu.externaltools.gnu-tools-for-stm32.11.3.rel1.win32_1.1.100.202309141235/tools/bin/../lib/gcc/arm-none-eabi/11.3.1/thumb/v7e-m+fp/hard/crtbegin.o
 .text          0x00000000080001e0      0x254 C:/ST/STM32CubeIDE_1.13.2/STM32CubeIDE/plugins/com.st.stm32cube.ide.mcu.externaltools.gnu-tools-for-stm32.11.3.rel1.win32_1.1.100.202309141235/tools/bin/../lib/gcc/arm-none-eabi/11.3.1/thumb/v7e-m+fp/hard\libgcc.a(_arm_muldf3.o)
                0x00000000080001e0                __muldf3
                0x00000000080001e0                __aeabi_dmul
 .text          0x0000000008000434      0x378 C:/ST/STM32CubeIDE_1.13.2/STM32CubeIDE/plugins/com.st.stm32cube.ide.mcu.externaltools.gnu-tools-for-stm32.11.3.rel1.win32_1.1.100.202309141235/tools/bin/../lib/gcc/arm-none-eabi/11.3.1/thumb/v7e-m+fp/hard\libgcc.a(_arm_addsubdf3.o)
                0x0000000008000434                __aeabi_drsub
                0x000000000800043c                __aeabi_dsub
                0x000000000800043c                __subdf3
                0x0000000008000440                __aeabi_dadd
                0x0000000008000440                __adddf3
                0x00000000080006b8                __floatunsidf
                0x00000000080006b8                __aeabi_ui2d
                0x00000000080006d8                __floatsidf
                0x00000000080006d8                __aeabi_i2d
                0x00000000080006fc                __aeabi_f2d
                0x00000000080006fc                __extendsfdf2
                0x0000000008000740                __floatundidf
                0x0000000008000740                __aeabi_ul2d
                0x0000000008000750                __floatdidf
                0x0000000008000750                __aeabi_l2d
 .text          0x00000000080007ac       0xa0 C:/ST/STM32CubeIDE_1.13.2/STM32CubeIDE/plugins/com.st.stm32cube.ide.mcu.externaltools.gnu-tools-for-stm32.11.3.rel1.win32_1.1.100.202309141235/tools/bin/../lib/gcc/arm-none-eabi/11.3.1/thumb/v7e-m+fp/hard\libgcc.a(_arm_truncdfsf2.o)
                0x00000000080007ac                __truncdfsf2
                0x00000000080007ac                __aeabi_d2f
 .text          0x000000000800084c       0x30 C:/ST/STM32CubeIDE_1.13.2/STM32CubeIDE/plugins/com.st.stm32cube.ide.mcu.externaltools.gnu-tools-for-stm32.11.3.rel1.win32_1.1.100.202309141235/tools/bin/../lib/gcc/arm-none-eabi/11.3.1/thumb/v7e-m+fp/hard\libgcc.a(_aeabi_uldivmod.o)
                0x000000000800084c                __aeabi_uldivmod
 .text          0x000000000800087c      0x2c8 C:/ST/STM32CubeIDE_1.13.2/STM32CubeIDE/plugins/com.st.stm32cube.ide.mcu.externaltools.gnu-tools-for-stm32.11.3.rel1.win32_1.1.100.202309141235/tools/bin/../lib/gcc/arm-none-eabi/11.3.1/thumb/v7e-m+fp/hard\libgcc.a(_udivmoddi4.o)
                0x000000000800087c                __udivmoddi4
 .text          0x0000000008000b44        0x4 C:/ST/STM32CubeIDE_1.13.2/STM32CubeIDE/plugins/com.st.stm32cube.ide.mcu.externaltools.gnu-tools-for-stm32.11.3.rel1.win32_1.1.100.202309141235/tools/bin/../lib/gcc/arm-none-eabi/11.3.1/thumb/v7e-m+fp/hard\libgcc.a(_dvmd_tls.o)
                0x0000000008000b44                __aeabi_idiv0
                0x0000000008000b44                __aeabi_ldiv0
 *(.text*)
 .text.configureTimerForRunTimeStats
                0x0000000008000b48       0x34 ./Core/Src/freertos.o
                0x0000000008000b48                configureTimerForRunTimeStats
 .text.getRunTimeCounterValue
                0x0000000008000b7c       0x18 ./Core/Src/freertos.o
                0x0000000008000b7c                getRunTimeCounterValue
 .text.spi1_beriRegister
                0x0000000008000b94       0x58 ./Core/Src/main.o
                0x0000000008000b94                spi1_beriRegister
 .text.spi1_pisiRegister
                0x0000000008000bec       0x54 ./Core/Src/main.o
                0x0000000008000bec                spi1_pisiRegister
 .text.spi1_beriRegistre
                0x0000000008000c40       0x58 ./Core/Src/main.o
                0x0000000008000c40                spi1_beriRegistre
 .text.initGyro
                0x0000000008000c98       0x3e ./Core/Src/main.o
                0x0000000008000c98                initGyro
 *fill*         0x0000000008000cd6        0x2 
 .text.i2c1_pisiRegister
                0x0000000008000cd8       0x44 ./Core/Src/main.o
                0x0000000008000cd8                i2c1_pisiRegister
 .text.i2c1_beriRegistre
                0x0000000008000d1c       0x5c ./Core/Src/main.o
                0x0000000008000d1c                i2c1_beriRegistre
 .text.initAccel
                0x0000000008000d78       0x1c ./Core/Src/main.o
                0x0000000008000d78                initAccel
 .text.TaskReadGyro
                0x0000000008000d94       0x84 ./Core/Src/main.o
                0x0000000008000d94                TaskReadGyro
 .text.TaskReadAccel
                0x0000000008000e18       0xf0 ./Core/Src/main.o
                0x0000000008000e18                TaskReadAccel
 .text.TaskSendGyro
                0x0000000008000f08       0x8c ./Core/Src/main.o
                0x0000000008000f08                TaskSendGyro
 .text.TaskSendAccel
                0x0000000008000f94       0x80 ./Core/Src/main.o
                0x0000000008000f94                TaskSendAccel
 .text.main     0x0000000008001014      0x12c ./Core/Src/main.o
                0x0000000008001014                main
 .text.SystemClock_Config
                0x0000000008001140       0xd0 ./Core/Src/main.o
                0x0000000008001140                SystemClock_Config
 .text.MX_I2C1_Init
                0x0000000008001210       0x60 ./Core/Src/main.o
 .text.MX_SPI1_Init
                0x0000000008001270       0x6c ./Core/Src/main.o
 .text.MX_TIM10_Init
                0x00000000080012dc       0x48 ./Core/Src/main.o
 .text.MX_USART2_UART_Init
                0x0000000008001324       0x54 ./Core/Src/main.o
 .text.MX_GPIO_Init
                0x0000000008001378      0x23c ./Core/Src/main.o
 .text.StartDefaultTask
                0x00000000080015b4       0x14 ./Core/Src/main.o
                0x00000000080015b4                StartDefaultTask
 .text.HAL_TIM_PeriodElapsedCallback
                0x00000000080015c8       0x24 ./Core/Src/main.o
                0x00000000080015c8                HAL_TIM_PeriodElapsedCallback
 .text.Error_Handler
                0x00000000080015ec        0xa ./Core/Src/main.o
                0x00000000080015ec                Error_Handler
 *fill*         0x00000000080015f6        0x2 
 .text.HAL_MspInit
                0x00000000080015f8       0x58 ./Core/Src/stm32f4xx_hal_msp.o
                0x00000000080015f8                HAL_MspInit
 .text.HAL_I2C_MspInit
                0x0000000008001650       0x90 ./Core/Src/stm32f4xx_hal_msp.o
                0x0000000008001650                HAL_I2C_MspInit
 .text.HAL_SPI_MspInit
                0x00000000080016e0       0x90 ./Core/Src/stm32f4xx_hal_msp.o
                0x00000000080016e0                HAL_SPI_MspInit
 .text.HAL_TIM_Base_MspInit
                0x0000000008001770       0x44 ./Core/Src/stm32f4xx_hal_msp.o
                0x0000000008001770                HAL_TIM_Base_MspInit
 .text.HAL_UART_MspInit
                0x00000000080017b4       0xa0 ./Core/Src/stm32f4xx_hal_msp.o
                0x00000000080017b4                HAL_UART_MspInit
 .text.HAL_InitTick
                0x0000000008001854       0xf8 ./Core/Src/stm32f4xx_hal_timebase_tim.o
                0x0000000008001854                HAL_InitTick
 .text.NMI_Handler
                0x000000000800194c        0x6 ./Core/Src/stm32f4xx_it.o
                0x000000000800194c                NMI_Handler
 .text.HardFault_Handler
                0x0000000008001952        0x6 ./Core/Src/stm32f4xx_it.o
                0x0000000008001952                HardFault_Handler
 .text.MemManage_Handler
                0x0000000008001958        0x6 ./Core/Src/stm32f4xx_it.o
                0x0000000008001958                MemManage_Handler
 .text.BusFault_Handler
                0x000000000800195e        0x6 ./Core/Src/stm32f4xx_it.o
                0x000000000800195e                BusFault_Handler
 .text.UsageFault_Handler
                0x0000000008001964        0x6 ./Core/Src/stm32f4xx_it.o
                0x0000000008001964                UsageFault_Handler
 .text.DebugMon_Handler
                0x000000000800196a        0xe ./Core/Src/stm32f4xx_it.o
                0x000000000800196a                DebugMon_Handler
 .text.TIM4_IRQHandler
                0x0000000008001978       0x14 ./Core/Src/stm32f4xx_it.o
                0x0000000008001978                TIM4_IRQHandler
 .text.USART2_IRQHandler
                0x000000000800198c       0x78 ./Core/Src/stm32f4xx_it.o
                0x000000000800198c                USART2_IRQHandler
 .text.OTG_FS_IRQHandler
                0x0000000008001a04       0x14 ./Core/Src/stm32f4xx_it.o
                0x0000000008001a04                OTG_FS_IRQHandler
 .text.SystemInit
                0x0000000008001a18       0x24 ./Core/Src/system_stm32f4xx.o
                0x0000000008001a18                SystemInit
 .text.Reset_Handler
                0x0000000008001a3c       0x50 ./Core/Startup/startup_stm32f411vetx.o
                0x0000000008001a3c                Reset_Handler
 .text.Default_Handler
                0x0000000008001a8c        0x2 ./Core/Startup/startup_stm32f411vetx.o
                0x0000000008001a8c                RTC_Alarm_IRQHandler
                0x0000000008001a8c                EXTI2_IRQHandler
                0x0000000008001a8c                SPI4_IRQHandler
                0x0000000008001a8c                TIM1_CC_IRQHandler
                0x0000000008001a8c                DMA2_Stream5_IRQHandler
                0x0000000008001a8c                DMA1_Stream5_IRQHandler
                0x0000000008001a8c                PVD_IRQHandler
                0x0000000008001a8c                SDIO_IRQHandler
                0x0000000008001a8c                TAMP_STAMP_IRQHandler
                0x0000000008001a8c                EXTI3_IRQHandler
                0x0000000008001a8c                TIM1_UP_TIM10_IRQHandler
                0x0000000008001a8c                I2C3_ER_IRQHandler
                0x0000000008001a8c                EXTI0_IRQHandler
                0x0000000008001a8c                I2C2_EV_IRQHandler
                0x0000000008001a8c                DMA1_Stream2_IRQHandler
                0x0000000008001a8c                FPU_IRQHandler
                0x0000000008001a8c                DMA2_Stream2_IRQHandler
                0x0000000008001a8c                SPI1_IRQHandler
                0x0000000008001a8c                TIM1_BRK_TIM9_IRQHandler
                0x0000000008001a8c                DMA2_Stream3_IRQHandler
                0x0000000008001a8c                USART6_IRQHandler
                0x0000000008001a8c                DMA2_Stream0_IRQHandler
                0x0000000008001a8c                I2C1_EV_IRQHandler
                0x0000000008001a8c                DMA1_Stream6_IRQHandler
                0x0000000008001a8c                DMA1_Stream1_IRQHandler
                0x0000000008001a8c                TIM3_IRQHandler
                0x0000000008001a8c                RCC_IRQHandler
                0x0000000008001a8c                Default_Handler
                0x0000000008001a8c                EXTI15_10_IRQHandler
                0x0000000008001a8c                ADC_IRQHandler
                0x0000000008001a8c                DMA1_Stream7_IRQHandler
                0x0000000008001a8c                SPI5_IRQHandler
                0x0000000008001a8c                TIM5_IRQHandler
                0x0000000008001a8c                DMA2_Stream7_IRQHandler
                0x0000000008001a8c                I2C3_EV_IRQHandler
                0x0000000008001a8c                EXTI9_5_IRQHandler
                0x0000000008001a8c                RTC_WKUP_IRQHandler
                0x0000000008001a8c                SPI2_IRQHandler
                0x0000000008001a8c                DMA1_Stream0_IRQHandler
                0x0000000008001a8c                EXTI4_IRQHandler
                0x0000000008001a8c                WWDG_IRQHandler
                0x0000000008001a8c                TIM2_IRQHandler
                0x0000000008001a8c                OTG_FS_WKUP_IRQHandler
                0x0000000008001a8c                TIM1_TRG_COM_TIM11_IRQHandler
                0x0000000008001a8c                EXTI1_IRQHandler
                0x0000000008001a8c                I2C2_ER_IRQHandler
                0x0000000008001a8c                DMA2_Stream1_IRQHandler
                0x0000000008001a8c                FLASH_IRQHandler
                0x0000000008001a8c                DMA2_Stream4_IRQHandler
                0x0000000008001a8c                USART1_IRQHandler
                0x0000000008001a8c                SPI3_IRQHandler
                0x0000000008001a8c                DMA1_Stream4_IRQHandler
                0x0000000008001a8c                I2C1_ER_IRQHandler
                0x0000000008001a8c                DMA2_Stream6_IRQHandler
                0x0000000008001a8c                DMA1_Stream3_IRQHandler
 *fill*         0x0000000008001a8e        0x2 
 .text.HAL_Init
                0x0000000008001a90       0x44 ./Drivers/STM32F4xx_HAL_Driver/Src/stm32f4xx_hal.o
                0x0000000008001a90                HAL_Init
 .text.HAL_IncTick
                0x0000000008001ad4       0x28 ./Drivers/STM32F4xx_HAL_Driver/Src/stm32f4xx_hal.o
                0x0000000008001ad4                HAL_IncTick
 .text.HAL_GetTick
                0x0000000008001afc       0x18 ./Drivers/STM32F4xx_HAL_Driver/Src/stm32f4xx_hal.o
                0x0000000008001afc                HAL_GetTick
 .text.HAL_Delay
                0x0000000008001b14       0x48 ./Drivers/STM32F4xx_HAL_Driver/Src/stm32f4xx_hal.o
                0x0000000008001b14                HAL_Delay
 .text.__NVIC_SetPriorityGrouping
                0x0000000008001b5c       0x48 ./Drivers/STM32F4xx_HAL_Driver/Src/stm32f4xx_hal_cortex.o
 .text.__NVIC_GetPriorityGrouping
                0x0000000008001ba4       0x1c ./Drivers/STM32F4xx_HAL_Driver/Src/stm32f4xx_hal_cortex.o
 .text.__NVIC_EnableIRQ
                0x0000000008001bc0       0x3c ./Drivers/STM32F4xx_HAL_Driver/Src/stm32f4xx_hal_cortex.o
 .text.__NVIC_SetPriority
                0x0000000008001bfc       0x54 ./Drivers/STM32F4xx_HAL_Driver/Src/stm32f4xx_hal_cortex.o
 .text.NVIC_EncodePriority
                0x0000000008001c50       0x66 ./Drivers/STM32F4xx_HAL_Driver/Src/stm32f4xx_hal_cortex.o
 .text.HAL_NVIC_SetPriorityGrouping
                0x0000000008001cb6       0x16 ./Drivers/STM32F4xx_HAL_Driver/Src/stm32f4xx_hal_cortex.o
                0x0000000008001cb6                HAL_NVIC_SetPriorityGrouping
 .text.HAL_NVIC_SetPriority
                0x0000000008001ccc       0x38 ./Drivers/STM32F4xx_HAL_Driver/Src/stm32f4xx_hal_cortex.o
                0x0000000008001ccc                HAL_NVIC_SetPriority
 .text.HAL_NVIC_EnableIRQ
                0x0000000008001d04       0x1c ./Drivers/STM32F4xx_HAL_Driver/Src/stm32f4xx_hal_cortex.o
                0x0000000008001d04                HAL_NVIC_EnableIRQ
 .text.HAL_DMA_Abort
                0x0000000008001d20       0xe0 ./Drivers/STM32F4xx_HAL_Driver/Src/stm32f4xx_hal_dma.o
                0x0000000008001d20                HAL_DMA_Abort
 .text.HAL_DMA_Abort_IT
                0x0000000008001e00       0x44 ./Drivers/STM32F4xx_HAL_Driver/Src/stm32f4xx_hal_dma.o
                0x0000000008001e00                HAL_DMA_Abort_IT
 .text.HAL_GPIO_Init
                0x0000000008001e44      0x308 ./Drivers/STM32F4xx_HAL_Driver/Src/stm32f4xx_hal_gpio.o
                0x0000000008001e44                HAL_GPIO_Init
 .text.HAL_GPIO_WritePin
                0x000000000800214c       0x32 ./Drivers/STM32F4xx_HAL_Driver/Src/stm32f4xx_hal_gpio.o
                0x000000000800214c                HAL_GPIO_WritePin
 *fill*         0x000000000800217e        0x2 
 .text.HAL_I2C_Init
                0x0000000008002180      0x288 ./Drivers/STM32F4xx_HAL_Driver/Src/stm32f4xx_hal_i2c.o
                0x0000000008002180                HAL_I2C_Init
 .text.HAL_I2C_Mem_Write
                0x0000000008002408      0x1f4 ./Drivers/STM32F4xx_HAL_Driver/Src/stm32f4xx_hal_i2c.o
                0x0000000008002408                HAL_I2C_Mem_Write
 .text.HAL_I2C_Mem_Read
                0x00000000080025fc      0x44c ./Drivers/STM32F4xx_HAL_Driver/Src/stm32f4xx_hal_i2c.o
                0x00000000080025fc                HAL_I2C_Mem_Read
 .text.I2C_RequestMemoryWrite
                0x0000000008002a48      0x12c ./Drivers/STM32F4xx_HAL_Driver/Src/stm32f4xx_hal_i2c.o
 .text.I2C_RequestMemoryRead
                0x0000000008002b74      0x1d0 ./Drivers/STM32F4xx_HAL_Driver/Src/stm32f4xx_hal_i2c.o
 .text.I2C_WaitOnFlagUntilTimeout
                0x0000000008002d44       0xae ./Drivers/STM32F4xx_HAL_Driver/Src/stm32f4xx_hal_i2c.o
 .text.I2C_WaitOnMasterAddressFlagUntilTimeout
                0x0000000008002df2       0xfe ./Drivers/STM32F4xx_HAL_Driver/Src/stm32f4xx_hal_i2c.o
 .text.I2C_WaitOnTXEFlagUntilTimeout
                0x0000000008002ef0       0x82 ./Drivers/STM32F4xx_HAL_Driver/Src/stm32f4xx_hal_i2c.o
 .text.I2C_WaitOnBTFFlagUntilTimeout
                0x0000000008002f72       0x82 ./Drivers/STM32F4xx_HAL_Driver/Src/stm32f4xx_hal_i2c.o
 .text.I2C_WaitOnRXNEFlagUntilTimeout
                0x0000000008002ff4       0xac ./Drivers/STM32F4xx_HAL_Driver/Src/stm32f4xx_hal_i2c.o
 .text.I2C_IsAcknowledgeFailed
                0x00000000080030a0       0x5e ./Drivers/STM32F4xx_HAL_Driver/Src/stm32f4xx_hal_i2c.o
 .text.HAL_PCD_Init
                0x00000000080030fe      0x23a ./Drivers/STM32F4xx_HAL_Driver/Src/stm32f4xx_hal_pcd.o
                0x00000000080030fe                HAL_PCD_Init
 .text.HAL_PCD_Start
                0x0000000008003338       0x66 ./Drivers/STM32F4xx_HAL_Driver/Src/stm32f4xx_hal_pcd.o
                0x0000000008003338                HAL_PCD_Start
 .text.HAL_PCD_IRQHandler
                0x000000000800339e      0x93e ./Drivers/STM32F4xx_HAL_Driver/Src/stm32f4xx_hal_pcd.o
                0x000000000800339e                HAL_PCD_IRQHandler
 .text.HAL_PCD_SetAddress
                0x0000000008003cdc       0x4a ./Drivers/STM32F4xx_HAL_Driver/Src/stm32f4xx_hal_pcd.o
                0x0000000008003cdc                HAL_PCD_SetAddress
 .text.HAL_PCD_EP_Open
                0x0000000008003d26       0xd0 ./Drivers/STM32F4xx_HAL_Driver/Src/stm32f4xx_hal_pcd.o
                0x0000000008003d26                HAL_PCD_EP_Open
 .text.HAL_PCD_EP_Close
                0x0000000008003df6       0x94 ./Drivers/STM32F4xx_HAL_Driver/Src/stm32f4xx_hal_pcd.o
                0x0000000008003df6                HAL_PCD_EP_Close
 .text.HAL_PCD_EP_Receive
                0x0000000008003e8a       0x96 ./Drivers/STM32F4xx_HAL_Driver/Src/stm32f4xx_hal_pcd.o
                0x0000000008003e8a                HAL_PCD_EP_Receive
 .text.HAL_PCD_EP_GetRxCount
                0x0000000008003f20       0x30 ./Drivers/STM32F4xx_HAL_Driver/Src/stm32f4xx_hal_pcd.o
                0x0000000008003f20                HAL_PCD_EP_GetRxCount
 .text.HAL_PCD_EP_Transmit
                0x0000000008003f50       0x94 ./Drivers/STM32F4xx_HAL_Driver/Src/stm32f4xx_hal_pcd.o
                0x0000000008003f50                HAL_PCD_EP_Transmit
 .text.HAL_PCD_EP_SetStall
                0x0000000008003fe4       0xc8 ./Drivers/STM32F4xx_HAL_Driver/Src/stm32f4xx_hal_pcd.o
                0x0000000008003fe4                HAL_PCD_EP_SetStall
 .text.HAL_PCD_EP_ClrStall
                0x00000000080040ac       0xac ./Drivers/STM32F4xx_HAL_Driver/Src/stm32f4xx_hal_pcd.o
                0x00000000080040ac                HAL_PCD_EP_ClrStall
 .text.HAL_PCD_EP_Abort
                0x0000000008004158       0x62 ./Drivers/STM32F4xx_HAL_Driver/Src/stm32f4xx_hal_pcd.o
                0x0000000008004158                HAL_PCD_EP_Abort
 .text.PCD_WriteEmptyTxFifo
                0x00000000080041ba      0x11a ./Drivers/STM32F4xx_HAL_Driver/Src/stm32f4xx_hal_pcd.o
 .text.PCD_EP_OutXfrComplete_int
                0x00000000080042d4      0x1d0 ./Drivers/STM32F4xx_HAL_Driver/Src/stm32f4xx_hal_pcd.o
 .text.PCD_EP_OutSetupPacket_int
                0x00000000080044a4       0x8c ./Drivers/STM32F4xx_HAL_Driver/Src/stm32f4xx_hal_pcd.o
 .text.HAL_PCDEx_SetTxFiFo
                0x0000000008004530       0x8e ./Drivers/STM32F4xx_HAL_Driver/Src/stm32f4xx_hal_pcd_ex.o
                0x0000000008004530                HAL_PCDEx_SetTxFiFo
 .text.HAL_PCDEx_SetRxFiFo
                0x00000000080045be       0x22 ./Drivers/STM32F4xx_HAL_Driver/Src/stm32f4xx_hal_pcd_ex.o
                0x00000000080045be                HAL_PCDEx_SetRxFiFo
 .text.HAL_PCDEx_LPM_Callback
                0x00000000080045e0       0x18 ./Drivers/STM32F4xx_HAL_Driver/Src/stm32f4xx_hal_pcd_ex.o
                0x00000000080045e0                HAL_PCDEx_LPM_Callback
 .text.HAL_RCC_OscConfig
                0x00000000080045f8      0x4f0 ./Drivers/STM32F4xx_HAL_Driver/Src/stm32f4xx_hal_rcc.o
                0x00000000080045f8                HAL_RCC_OscConfig
 .text.HAL_RCC_ClockConfig
                0x0000000008004ae8      0x1cc ./Drivers/STM32F4xx_HAL_Driver/Src/stm32f4xx_hal_rcc.o
                0x0000000008004ae8                HAL_RCC_ClockConfig
 .text.HAL_RCC_GetSysClockFreq
                0x0000000008004cb4      0x20c ./Drivers/STM32F4xx_HAL_Driver/Src/stm32f4xx_hal_rcc.o
                0x0000000008004cb4                HAL_RCC_GetSysClockFreq
 .text.HAL_RCC_GetHCLKFreq
                0x0000000008004ec0       0x18 ./Drivers/STM32F4xx_HAL_Driver/Src/stm32f4xx_hal_rcc.o
                0x0000000008004ec0                HAL_RCC_GetHCLKFreq
 .text.HAL_RCC_GetPCLK1Freq
                0x0000000008004ed8       0x28 ./Drivers/STM32F4xx_HAL_Driver/Src/stm32f4xx_hal_rcc.o
                0x0000000008004ed8                HAL_RCC_GetPCLK1Freq
 .text.HAL_RCC_GetPCLK2Freq
                0x0000000008004f00       0x28 ./Drivers/STM32F4xx_HAL_Driver/Src/stm32f4xx_hal_rcc.o
                0x0000000008004f00                HAL_RCC_GetPCLK2Freq
 .text.HAL_RCC_GetClockConfig
                0x0000000008004f28       0x64 ./Drivers/STM32F4xx_HAL_Driver/Src/stm32f4xx_hal_rcc.o
                0x0000000008004f28                HAL_RCC_GetClockConfig
 .text.HAL_SPI_Init
                0x0000000008004f8c      0x112 ./Drivers/STM32F4xx_HAL_Driver/Src/stm32f4xx_hal_spi.o
                0x0000000008004f8c                HAL_SPI_Init
 .text.HAL_SPI_Transmit
                0x000000000800509e      0x278 ./Drivers/STM32F4xx_HAL_Driver/Src/stm32f4xx_hal_spi.o
                0x000000000800509e                HAL_SPI_Transmit
 .text.HAL_SPI_Receive
                0x0000000008005316      0x222 ./Drivers/STM32F4xx_HAL_Driver/Src/stm32f4xx_hal_spi.o
                0x0000000008005316                HAL_SPI_Receive
 .text.HAL_SPI_TransmitReceive
                0x0000000008005538      0x344 ./Drivers/STM32F4xx_HAL_Driver/Src/stm32f4xx_hal_spi.o
                0x0000000008005538                HAL_SPI_TransmitReceive
 .text.SPI_WaitFlagStateUntilTimeout
                0x000000000800587c      0x110 ./Drivers/STM32F4xx_HAL_Driver/Src/stm32f4xx_hal_spi.o
 .text.SPI_EndRxTransaction
                0x000000000800598c       0xca ./Drivers/STM32F4xx_HAL_Driver/Src/stm32f4xx_hal_spi.o
 *fill*         0x0000000008005a56        0x2 
 .text.SPI_EndRxTxTransaction
                0x0000000008005a58       0x84 ./Drivers/STM32F4xx_HAL_Driver/Src/stm32f4xx_hal_spi.o
 .text.HAL_TIM_Base_Init
                0x0000000008005adc       0x9e ./Drivers/STM32F4xx_HAL_Driver/Src/stm32f4xx_hal_tim.o
                0x0000000008005adc                HAL_TIM_Base_Init
 *fill*         0x0000000008005b7a        0x2 
 .text.HAL_TIM_Base_Start_IT
                0x0000000008005b7c       0xc4 ./Drivers/STM32F4xx_HAL_Driver/Src/stm32f4xx_hal_tim.o
                0x0000000008005b7c                HAL_TIM_Base_Start_IT
 .text.HAL_TIM_IRQHandler
                0x0000000008005c40      0x210 ./Drivers/STM32F4xx_HAL_Driver/Src/stm32f4xx_hal_tim.o
                0x0000000008005c40                HAL_TIM_IRQHandler
 .text.HAL_TIM_OC_DelayElapsedCallback
                0x0000000008005e50       0x14 ./Drivers/STM32F4xx_HAL_Driver/Src/stm32f4xx_hal_tim.o
                0x0000000008005e50                HAL_TIM_OC_DelayElapsedCallback
 .text.HAL_TIM_IC_CaptureCallback
                0x0000000008005e64       0x14 ./Drivers/STM32F4xx_HAL_Driver/Src/stm32f4xx_hal_tim.o
                0x0000000008005e64                HAL_TIM_IC_CaptureCallback
 .text.HAL_TIM_PWM_PulseFinishedCallback
                0x0000000008005e78       0x14 ./Drivers/STM32F4xx_HAL_Driver/Src/stm32f4xx_hal_tim.o
                0x0000000008005e78                HAL_TIM_PWM_PulseFinishedCallback
 .text.HAL_TIM_TriggerCallback
                0x0000000008005e8c       0x14 ./Drivers/STM32F4xx_HAL_Driver/Src/stm32f4xx_hal_tim.o
                0x0000000008005e8c                HAL_TIM_TriggerCallback
 .text.TIM_Base_SetConfig
                0x0000000008005ea0      0x100 ./Drivers/STM32F4xx_HAL_Driver/Src/stm32f4xx_hal_tim.o
                0x0000000008005ea0                TIM_Base_SetConfig
 .text.HAL_TIMEx_CommutCallback
                0x0000000008005fa0       0x14 ./Drivers/STM32F4xx_HAL_Driver/Src/stm32f4xx_hal_tim_ex.o
                0x0000000008005fa0                HAL_TIMEx_CommutCallback
 .text.HAL_TIMEx_BreakCallback
                0x0000000008005fb4       0x14 ./Drivers/STM32F4xx_HAL_Driver/Src/stm32f4xx_hal_tim_ex.o
                0x0000000008005fb4                HAL_TIMEx_BreakCallback
 .text.HAL_UART_Init
                0x0000000008005fc8       0x9a ./Drivers/STM32F4xx_HAL_Driver/Src/stm32f4xx_hal_uart.o
                0x0000000008005fc8                HAL_UART_Init
 *fill*         0x0000000008006062        0x2 
 .text.HAL_UART_IRQHandler
                0x0000000008006064      0x51c ./Drivers/STM32F4xx_HAL_Driver/Src/stm32f4xx_hal_uart.o
                0x0000000008006064                HAL_UART_IRQHandler
 .text.HAL_UART_TxCpltCallback
                0x0000000008006580       0x14 ./Drivers/STM32F4xx_HAL_Driver/Src/stm32f4xx_hal_uart.o
                0x0000000008006580                HAL_UART_TxCpltCallback
 .text.HAL_UART_RxCpltCallback
                0x0000000008006594       0x14 ./Drivers/STM32F4xx_HAL_Driver/Src/stm32f4xx_hal_uart.o
                0x0000000008006594                HAL_UART_RxCpltCallback
 .text.HAL_UART_ErrorCallback
                0x00000000080065a8       0x14 ./Drivers/STM32F4xx_HAL_Driver/Src/stm32f4xx_hal_uart.o
                0x00000000080065a8                HAL_UART_ErrorCallback
 .text.HAL_UARTEx_RxEventCallback
                0x00000000080065bc       0x18 ./Drivers/STM32F4xx_HAL_Driver/Src/stm32f4xx_hal_uart.o
                0x00000000080065bc                HAL_UARTEx_RxEventCallback
 .text.UART_EndRxTransfer
                0x00000000080065d4       0xc6 ./Drivers/STM32F4xx_HAL_Driver/Src/stm32f4xx_hal_uart.o
 .text.UART_DMAAbortOnError
                0x000000000800669a       0x28 ./Drivers/STM32F4xx_HAL_Driver/Src/stm32f4xx_hal_uart.o
 .text.UART_Transmit_IT
                0x00000000080066c2       0xa0 ./Drivers/STM32F4xx_HAL_Driver/Src/stm32f4xx_hal_uart.o
 .text.UART_EndTransmit_IT
                0x0000000008006762       0x30 ./Drivers/STM32F4xx_HAL_Driver/Src/stm32f4xx_hal_uart.o
 .text.UART_Receive_IT
                0x0000000008006792      0x176 ./Drivers/STM32F4xx_HAL_Driver/Src/stm32f4xx_hal_uart.o
 .text.UART_SetConfig
                0x0000000008006908      0x4e8 ./Drivers/STM32F4xx_HAL_Driver/Src/stm32f4xx_hal_uart.o
 .text.USB_CoreInit
                0x0000000008006df0       0xc2 ./Drivers/STM32F4xx_HAL_Driver/Src/stm32f4xx_ll_usb.o
                0x0000000008006df0                USB_CoreInit
 *fill*         0x0000000008006eb2        0x2 
 .text.USB_SetTurnaroundTime
                0x0000000008006eb4      0x144 ./Drivers/STM32F4xx_HAL_Driver/Src/stm32f4xx_ll_usb.o
                0x0000000008006eb4                USB_SetTurnaroundTime
 .text.USB_EnableGlobalInt
                0x0000000008006ff8       0x22 ./Drivers/STM32F4xx_HAL_Driver/Src/stm32f4xx_ll_usb.o
                0x0000000008006ff8                USB_EnableGlobalInt
 .text.USB_DisableGlobalInt
                0x000000000800701a       0x22 ./Drivers/STM32F4xx_HAL_Driver/Src/stm32f4xx_ll_usb.o
                0x000000000800701a                USB_DisableGlobalInt
 .text.USB_SetCurrentMode
                0x000000000800703c       0x98 ./Drivers/STM32F4xx_HAL_Driver/Src/stm32f4xx_ll_usb.o
                0x000000000800703c                USB_SetCurrentMode
 .text.USB_DevInit
                0x00000000080070d4      0x2c8 ./Drivers/STM32F4xx_HAL_Driver/Src/stm32f4xx_ll_usb.o
                0x00000000080070d4                USB_DevInit
 .text.USB_FlushTxFifo
                0x000000000800739c       0x68 ./Drivers/STM32F4xx_HAL_Driver/Src/stm32f4xx_ll_usb.o
                0x000000000800739c                USB_FlushTxFifo
 .text.USB_FlushRxFifo
                0x0000000008007404       0x60 ./Drivers/STM32F4xx_HAL_Driver/Src/stm32f4xx_ll_usb.o
                0x0000000008007404                USB_FlushRxFifo
 .text.USB_SetDevSpeed
                0x0000000008007464       0x32 ./Drivers/STM32F4xx_HAL_Driver/Src/stm32f4xx_ll_usb.o
                0x0000000008007464                USB_SetDevSpeed
 .text.USB_GetDevSpeed
                0x0000000008007496       0x4a ./Drivers/STM32F4xx_HAL_Driver/Src/stm32f4xx_ll_usb.o
                0x0000000008007496                USB_GetDevSpeed
 .text.USB_ActivateEndpoint
                0x00000000080074e0      0x10e ./Drivers/STM32F4xx_HAL_Driver/Src/stm32f4xx_ll_usb.o
                0x00000000080074e0                USB_ActivateEndpoint
 *fill*         0x00000000080075ee        0x2 
 .text.USB_DeactivateEndpoint
                0x00000000080075f0      0x1b8 ./Drivers/STM32F4xx_HAL_Driver/Src/stm32f4xx_ll_usb.o
                0x00000000080075f0                USB_DeactivateEndpoint
 .text.USB_EPStartXfer
                0x00000000080077a8      0x490 ./Drivers/STM32F4xx_HAL_Driver/Src/stm32f4xx_ll_usb.o
                0x00000000080077a8                USB_EPStartXfer
 .text.USB_EP0StartXfer
                0x0000000008007c38      0x2b0 ./Drivers/STM32F4xx_HAL_Driver/Src/stm32f4xx_ll_usb.o
                0x0000000008007c38                USB_EP0StartXfer
 .text.USB_EPStopXfer
                0x0000000008007ee8      0x154 ./Drivers/STM32F4xx_HAL_Driver/Src/stm32f4xx_ll_usb.o
                0x0000000008007ee8                USB_EPStopXfer
 .text.USB_WritePacket
                0x000000000800803c       0x7c ./Drivers/STM32F4xx_HAL_Driver/Src/stm32f4xx_ll_usb.o
                0x000000000800803c                USB_WritePacket
 .text.USB_ReadPacket
                0x00000000080080b8       0xb0 ./Drivers/STM32F4xx_HAL_Driver/Src/stm32f4xx_ll_usb.o
                0x00000000080080b8                USB_ReadPacket
 .text.USB_EPSetStall
                0x0000000008008168       0xdc ./Drivers/STM32F4xx_HAL_Driver/Src/stm32f4xx_ll_usb.o
                0x0000000008008168                USB_EPSetStall
 .text.USB_EPClearStall
                0x0000000008008244       0xcc ./Drivers/STM32F4xx_HAL_Driver/Src/stm32f4xx_ll_usb.o
                0x0000000008008244                USB_EPClearStall
 .text.USB_SetDevAddress
                0x0000000008008310       0x4c ./Drivers/STM32F4xx_HAL_Driver/Src/stm32f4xx_ll_usb.o
                0x0000000008008310                USB_SetDevAddress
 .text.USB_DevConnect
                0x000000000800835c       0x42 ./Drivers/STM32F4xx_HAL_Driver/Src/stm32f4xx_ll_usb.o
                0x000000000800835c                USB_DevConnect
 .text.USB_DevDisconnect
                0x000000000800839e       0x42 ./Drivers/STM32F4xx_HAL_Driver/Src/stm32f4xx_ll_usb.o
                0x000000000800839e                USB_DevDisconnect
 .text.USB_ReadInterrupts
                0x00000000080083e0       0x26 ./Drivers/STM32F4xx_HAL_Driver/Src/stm32f4xx_ll_usb.o
                0x00000000080083e0                USB_ReadInterrupts
 .text.USB_ReadDevAllOutEpInterrupt
                0x0000000008008406       0x34 ./Drivers/STM32F4xx_HAL_Driver/Src/stm32f4xx_ll_usb.o
                0x0000000008008406                USB_ReadDevAllOutEpInterrupt
 .text.USB_ReadDevAllInEpInterrupt
                0x000000000800843a       0x34 ./Drivers/STM32F4xx_HAL_Driver/Src/stm32f4xx_ll_usb.o
                0x000000000800843a                USB_ReadDevAllInEpInterrupt
 .text.USB_ReadDevOutEPInterrupt
                0x000000000800846e       0x3c ./Drivers/STM32F4xx_HAL_Driver/Src/stm32f4xx_ll_usb.o
                0x000000000800846e                USB_ReadDevOutEPInterrupt
 .text.USB_ReadDevInEPInterrupt
                0x00000000080084aa       0x5c ./Drivers/STM32F4xx_HAL_Driver/Src/stm32f4xx_ll_usb.o
                0x00000000080084aa                USB_ReadDevInEPInterrupt
 .text.USB_GetMode
                0x0000000008008506       0x1c ./Drivers/STM32F4xx_HAL_Driver/Src/stm32f4xx_ll_usb.o
                0x0000000008008506                USB_GetMode
 .text.USB_ActivateSetup
                0x0000000008008522       0x46 ./Drivers/STM32F4xx_HAL_Driver/Src/stm32f4xx_ll_usb.o
                0x0000000008008522                USB_ActivateSetup
 .text.USB_EP0_OutStart
                0x0000000008008568       0xbc ./Drivers/STM32F4xx_HAL_Driver/Src/stm32f4xx_ll_usb.o
                0x0000000008008568                USB_EP0_OutStart
 .text.USB_CoreReset
                0x0000000008008624       0x68 ./Drivers/STM32F4xx_HAL_Driver/Src/stm32f4xx_ll_usb.o
 .text.USBD_CDC_Init
                0x000000000800868c      0x1f0 ./Middlewares/ST/STM32_USB_Device_Library/Class/CDC/Src/usbd_cdc.o
 .text.USBD_CDC_DeInit
                0x000000000800887c      0x104 ./Middlewares/ST/STM32_USB_Device_Library/Class/CDC/Src/usbd_cdc.o
 .text.USBD_CDC_Setup
                0x0000000008008980      0x1b8 ./Middlewares/ST/STM32_USB_Device_Library/Class/CDC/Src/usbd_cdc.o
 .text.USBD_CDC_DataIn
                0x0000000008008b38       0xfe ./Middlewares/ST/STM32_USB_Device_Library/Class/CDC/Src/usbd_cdc.o
 .text.USBD_CDC_DataOut
                0x0000000008008c36       0x70 ./Middlewares/ST/STM32_USB_Device_Library/Class/CDC/Src/usbd_cdc.o
 .text.USBD_CDC_EP0_RxReady
                0x0000000008008ca6       0x76 ./Middlewares/ST/STM32_USB_Device_Library/Class/CDC/Src/usbd_cdc.o
 .text.USBD_CDC_GetFSCfgDesc
                0x0000000008008d1c       0x70 ./Middlewares/ST/STM32_USB_Device_Library/Class/CDC/Src/usbd_cdc.o
 .text.USBD_CDC_GetHSCfgDesc
                0x0000000008008d8c       0x70 ./Middlewares/ST/STM32_USB_Device_Library/Class/CDC/Src/usbd_cdc.o
 .text.USBD_CDC_GetOtherSpeedCfgDesc
                0x0000000008008dfc       0x70 ./Middlewares/ST/STM32_USB_Device_Library/Class/CDC/Src/usbd_cdc.o
 .text.USBD_CDC_GetDeviceQualifierDescriptor
                0x0000000008008e6c       0x20 ./Middlewares/ST/STM32_USB_Device_Library/Class/CDC/Src/usbd_cdc.o
                0x0000000008008e6c                USBD_CDC_GetDeviceQualifierDescriptor
 .text.USBD_CDC_RegisterInterface
                0x0000000008008e8c       0x34 ./Middlewares/ST/STM32_USB_Device_Library/Class/CDC/Src/usbd_cdc.o
                0x0000000008008e8c                USBD_CDC_RegisterInterface
 .text.USBD_CDC_SetTxBuffer
                0x0000000008008ec0       0x44 ./Middlewares/ST/STM32_USB_Device_Library/Class/CDC/Src/usbd_cdc.o
                0x0000000008008ec0                USBD_CDC_SetTxBuffer
 .text.USBD_CDC_SetRxBuffer
                0x0000000008008f04       0x3a ./Middlewares/ST/STM32_USB_Device_Library/Class/CDC/Src/usbd_cdc.o
                0x0000000008008f04                USBD_CDC_SetRxBuffer
 *fill*         0x0000000008008f3e        0x2 
 .text.USBD_CDC_TransmitPacket
                0x0000000008008f40       0x8c ./Middlewares/ST/STM32_USB_Device_Library/Class/CDC/Src/usbd_cdc.o
                0x0000000008008f40                USBD_CDC_TransmitPacket
 .text.USBD_CDC_ReceivePacket
                0x0000000008008fcc       0x6c ./Middlewares/ST/STM32_USB_Device_Library/Class/CDC/Src/usbd_cdc.o
                0x0000000008008fcc                USBD_CDC_ReceivePacket
 .text.USBD_Init
                0x0000000008009038       0x60 ./Middlewares/ST/STM32_USB_Device_Library/Core/Src/usbd_core.o
                0x0000000008009038                USBD_Init
 .text.USBD_RegisterClass
                0x0000000008009098       0x6c ./Middlewares/ST/STM32_USB_Device_Library/Core/Src/usbd_core.o
                0x0000000008009098                USBD_RegisterClass
 .text.USBD_Start
                0x0000000008009104       0x18 ./Middlewares/ST/STM32_USB_Device_Library/Core/Src/usbd_core.o
                0x0000000008009104                USBD_Start
 .text.USBD_RunTestMode
                0x000000000800911c       0x16 ./Middlewares/ST/STM32_USB_Device_Library/Core/Src/usbd_core.o
                0x000000000800911c                USBD_RunTestMode
 .text.USBD_SetClassConfig
                0x0000000008009132       0x38 ./Middlewares/ST/STM32_USB_Device_Library/Core/Src/usbd_core.o
                0x0000000008009132                USBD_SetClassConfig
 .text.USBD_ClrClassConfig
                0x000000000800916a       0x34 ./Middlewares/ST/STM32_USB_Device_Library/Core/Src/usbd_core.o
                0x000000000800916a                USBD_ClrClassConfig
 .text.USBD_LL_SetupStage
                0x000000000800919e       0xaa ./Middlewares/ST/STM32_USB_Device_Library/Core/Src/usbd_core.o
                0x000000000800919e                USBD_LL_SetupStage
 .text.USBD_LL_DataOutStage
                0x0000000008009248      0x166 ./Middlewares/ST/STM32_USB_Device_Library/Core/Src/usbd_core.o
                0x0000000008009248                USBD_LL_DataOutStage
 .text.USBD_LL_DataInStage
                0x00000000080093ae      0x164 ./Middlewares/ST/STM32_USB_Device_Library/Core/Src/usbd_core.o
                0x00000000080093ae                USBD_LL_DataInStage
 .text.USBD_LL_Reset
                0x0000000008009512       0xa4 ./Middlewares/ST/STM32_USB_Device_Library/Core/Src/usbd_core.o
                0x0000000008009512                USBD_LL_Reset
 .text.USBD_LL_SetSpeed
                0x00000000080095b6       0x20 ./Middlewares/ST/STM32_USB_Device_Library/Core/Src/usbd_core.o
                0x00000000080095b6                USBD_LL_SetSpeed
 .text.USBD_LL_Suspend
                0x00000000080095d6       0x2c ./Middlewares/ST/STM32_USB_Device_Library/Core/Src/usbd_core.o
                0x00000000080095d6                USBD_LL_Suspend
 .text.USBD_LL_Resume
                0x0000000008009602       0x30 ./Middlewares/ST/STM32_USB_Device_Library/Core/Src/usbd_core.o
                0x0000000008009602                USBD_LL_Resume
 .text.USBD_LL_SOF
                0x0000000008009632       0x40 ./Middlewares/ST/STM32_USB_Device_Library/Core/Src/usbd_core.o
                0x0000000008009632                USBD_LL_SOF
 .text.USBD_LL_IsoINIncomplete
                0x0000000008009672       0x64 ./Middlewares/ST/STM32_USB_Device_Library/Core/Src/usbd_core.o
                0x0000000008009672                USBD_LL_IsoINIncomplete
 .text.USBD_LL_IsoOUTIncomplete
                0x00000000080096d6       0x64 ./Middlewares/ST/STM32_USB_Device_Library/Core/Src/usbd_core.o
                0x00000000080096d6                USBD_LL_IsoOUTIncomplete
 .text.USBD_LL_DevConnected
                0x000000000800973a       0x16 ./Middlewares/ST/STM32_USB_Device_Library/Core/Src/usbd_core.o
                0x000000000800973a                USBD_LL_DevConnected
 .text.USBD_LL_DevDisconnected
                0x0000000008009750       0x46 ./Middlewares/ST/STM32_USB_Device_Library/Core/Src/usbd_core.o
                0x0000000008009750                USBD_LL_DevDisconnected
 .text.USBD_CoreFindIF
                0x0000000008009796       0x1a ./Middlewares/ST/STM32_USB_Device_Library/Core/Src/usbd_core.o
                0x0000000008009796                USBD_CoreFindIF
 .text.USBD_CoreFindEP
                0x00000000080097b0       0x1a ./Middlewares/ST/STM32_USB_Device_Library/Core/Src/usbd_core.o
                0x00000000080097b0                USBD_CoreFindEP
 .text.USBD_GetEpDesc
                0x00000000080097ca       0x74 ./Middlewares/ST/STM32_USB_Device_Library/Core/Src/usbd_core.o
                0x00000000080097ca                USBD_GetEpDesc
 .text.USBD_GetNextDesc
                0x000000000800983e       0x3a ./Middlewares/ST/STM32_USB_Device_Library/Core/Src/usbd_core.o
                0x000000000800983e                USBD_GetNextDesc
 .text.SWAPBYTE
                0x0000000008009878       0x3c ./Middlewares/ST/STM32_USB_Device_Library/Core/Src/usbd_ctlreq.o
 .text.USBD_StdDevReq
                0x00000000080098b4       0xe4 ./Middlewares/ST/STM32_USB_Device_Library/Core/Src/usbd_ctlreq.o
                0x00000000080098b4                USBD_StdDevReq
 .text.USBD_StdItfReq
                0x0000000008009998       0xd8 ./Middlewares/ST/STM32_USB_Device_Library/Core/Src/usbd_ctlreq.o
                0x0000000008009998                USBD_StdItfReq
 .text.USBD_StdEPReq
                0x0000000008009a70      0x33a ./Middlewares/ST/STM32_USB_Device_Library/Core/Src/usbd_ctlreq.o
                0x0000000008009a70                USBD_StdEPReq
 *fill*         0x0000000008009daa        0x2 
 .text.USBD_GetDescriptor
                0x0000000008009dac      0x2d4 ./Middlewares/ST/STM32_USB_Device_Library/Core/Src/usbd_ctlreq.o
 .text.USBD_SetAddress
                0x000000000800a080       0x88 ./Middlewares/ST/STM32_USB_Device_Library/Core/Src/usbd_ctlreq.o
 .text.USBD_SetConfig
                0x000000000800a108      0x154 ./Middlewares/ST/STM32_USB_Device_Library/Core/Src/usbd_ctlreq.o
 .text.USBD_GetConfig
                0x000000000800a25c       0x6c ./Middlewares/ST/STM32_USB_Device_Library/Core/Src/usbd_ctlreq.o
 .text.USBD_GetStatus
                0x000000000800a2c8       0x68 ./Middlewares/ST/STM32_USB_Device_Library/Core/Src/usbd_ctlreq.o
 .text.USBD_SetFeature
                0x000000000800a330       0x52 ./Middlewares/ST/STM32_USB_Device_Library/Core/Src/usbd_ctlreq.o
 .text.USBD_ClrFeature
                0x000000000800a382       0x44 ./Middlewares/ST/STM32_USB_Device_Library/Core/Src/usbd_ctlreq.o
 .text.USBD_ParseSetupRequest
                0x000000000800a3c6       0x74 ./Middlewares/ST/STM32_USB_Device_Library/Core/Src/usbd_ctlreq.o
                0x000000000800a3c6                USBD_ParseSetupRequest
 .text.USBD_CtlError
                0x000000000800a43a       0x22 ./Middlewares/ST/STM32_USB_Device_Library/Core/Src/usbd_ctlreq.o
                0x000000000800a43a                USBD_CtlError
 .text.USBD_GetString
                0x000000000800a45c       0x8c ./Middlewares/ST/STM32_USB_Device_Library/Core/Src/usbd_ctlreq.o
                0x000000000800a45c                USBD_GetString
 .text.USBD_GetLen
                0x000000000800a4e8       0x34 ./Middlewares/ST/STM32_USB_Device_Library/Core/Src/usbd_ctlreq.o
 .text.USBD_CtlSendData
                0x000000000800a51c       0x36 ./Middlewares/ST/STM32_USB_Device_Library/Core/Src/usbd_ioreq.o
                0x000000000800a51c                USBD_CtlSendData
 .text.USBD_CtlContinueSendData
                0x000000000800a552       0x22 ./Middlewares/ST/STM32_USB_Device_Library/Core/Src/usbd_ioreq.o
                0x000000000800a552                USBD_CtlContinueSendData
 .text.USBD_CtlPrepareRx
                0x000000000800a574       0x3a ./Middlewares/ST/STM32_USB_Device_Library/Core/Src/usbd_ioreq.o
                0x000000000800a574                USBD_CtlPrepareRx
 .text.USBD_CtlContinueRx
                0x000000000800a5ae       0x22 ./Middlewares/ST/STM32_USB_Device_Library/Core/Src/usbd_ioreq.o
                0x000000000800a5ae                USBD_CtlContinueRx
 .text.USBD_CtlSendStatus
                0x000000000800a5d0       0x26 ./Middlewares/ST/STM32_USB_Device_Library/Core/Src/usbd_ioreq.o
                0x000000000800a5d0                USBD_CtlSendStatus
 .text.USBD_CtlReceiveStatus
                0x000000000800a5f6       0x26 ./Middlewares/ST/STM32_USB_Device_Library/Core/Src/usbd_ioreq.o
                0x000000000800a5f6                USBD_CtlReceiveStatus
 .text.__NVIC_SetPriority
                0x000000000800a61c       0x54 ./Middlewares/Third_Party/FreeRTOS/Source/CMSIS_RTOS_V2/cmsis_os2.o
 .text.SysTick_Handler
                0x000000000800a670       0x20 ./Middlewares/Third_Party/FreeRTOS/Source/CMSIS_RTOS_V2/cmsis_os2.o
                0x000000000800a670                SysTick_Handler
 .text.SVC_Setup
                0x000000000800a690       0x12 ./Middlewares/Third_Party/FreeRTOS/Source/CMSIS_RTOS_V2/cmsis_os2.o
 *fill*         0x000000000800a6a2        0x2 
 .text.osKernelInitialize
                0x000000000800a6a4       0x48 ./Middlewares/Third_Party/FreeRTOS/Source/CMSIS_RTOS_V2/cmsis_os2.o
                0x000000000800a6a4                osKernelInitialize
 .text.osKernelStart
                0x000000000800a6ec       0x4c ./Middlewares/Third_Party/FreeRTOS/Source/CMSIS_RTOS_V2/cmsis_os2.o
                0x000000000800a6ec                osKernelStart
 .text.osThreadNew
                0x000000000800a738      0x124 ./Middlewares/Third_Party/FreeRTOS/Source/CMSIS_RTOS_V2/cmsis_os2.o
                0x000000000800a738                osThreadNew
 .text.osDelay  0x000000000800a85c       0x36 ./Middlewares/Third_Party/FreeRTOS/Source/CMSIS_RTOS_V2/cmsis_os2.o
                0x000000000800a85c                osDelay
 *fill*         0x000000000800a892        0x2 
 .text.vApplicationGetIdleTaskMemory
                0x000000000800a894       0x34 ./Middlewares/Third_Party/FreeRTOS/Source/CMSIS_RTOS_V2/cmsis_os2.o
                0x000000000800a894                vApplicationGetIdleTaskMemory
 .text.vApplicationGetTimerTaskMemory
                0x000000000800a8c8       0x34 ./Middlewares/Third_Party/FreeRTOS/Source/CMSIS_RTOS_V2/cmsis_os2.o
                0x000000000800a8c8                vApplicationGetTimerTaskMemory
 .text.xEventGroupCreate
                0x000000000800a8fc       0x34 ./Middlewares/Third_Party/FreeRTOS/Source/event_groups.o
                0x000000000800a8fc                xEventGroupCreate
 .text.xEventGroupWaitBits
                0x000000000800a930      0x19c ./Middlewares/Third_Party/FreeRTOS/Source/event_groups.o
                0x000000000800a930                xEventGroupWaitBits
 .text.xEventGroupSetBits
                0x000000000800aacc      0x116 ./Middlewares/Third_Party/FreeRTOS/Source/event_groups.o
                0x000000000800aacc                xEventGroupSetBits
 .text.prvTestWaitCondition
                0x000000000800abe2       0x44 ./Middlewares/Third_Party/FreeRTOS/Source/event_groups.o
 .text.vListInitialise
                0x000000000800ac26       0x40 ./Middlewares/Third_Party/FreeRTOS/Source/list.o
                0x000000000800ac26                vListInitialise
 .text.vListInitialiseItem
                0x000000000800ac66       0x1a ./Middlewares/Third_Party/FreeRTOS/Source/list.o
                0x000000000800ac66                vListInitialiseItem
 .text.vListInsertEnd
                0x000000000800ac80       0x48 ./Middlewares/Third_Party/FreeRTOS/Source/list.o
                0x000000000800ac80                vListInsertEnd
 .text.vListInsert
                0x000000000800acc8       0x72 ./Middlewares/Third_Party/FreeRTOS/Source/list.o
                0x000000000800acc8                vListInsert
 .text.uxListRemove
                0x000000000800ad3a       0x54 ./Middlewares/Third_Party/FreeRTOS/Source/list.o
                0x000000000800ad3a                uxListRemove
 *fill*         0x000000000800ad8e        0x2 
 .text.xQueueGenericReset
                0x000000000800ad90       0xd0 ./Middlewares/Third_Party/FreeRTOS/Source/queue.o
                0x000000000800ad90                xQueueGenericReset
 .text.xQueueGenericCreateStatic
                0x000000000800ae60       0xf0 ./Middlewares/Third_Party/FreeRTOS/Source/queue.o
                0x000000000800ae60                xQueueGenericCreateStatic
 .text.xQueueGenericCreate
                0x000000000800af50       0x74 ./Middlewares/Third_Party/FreeRTOS/Source/queue.o
                0x000000000800af50                xQueueGenericCreate
 .text.prvInitialiseNewQueue
                0x000000000800afc4       0x46 ./Middlewares/Third_Party/FreeRTOS/Source/queue.o
 *fill*         0x000000000800b00a        0x2 
 .text.xQueueGenericSend
                0x000000000800b00c      0x1fc ./Middlewares/Third_Party/FreeRTOS/Source/queue.o
                0x000000000800b00c                xQueueGenericSend
 .text.xQueueGenericSendFromISR
                0x000000000800b208      0x136 ./Middlewares/Third_Party/FreeRTOS/Source/queue.o
                0x000000000800b208                xQueueGenericSendFromISR
 *fill*         0x000000000800b33e        0x2 
 .text.xQueueReceive
                0x000000000800b340      0x1c0 ./Middlewares/Third_Party/FreeRTOS/Source/queue.o
                0x000000000800b340                xQueueReceive
 .text.prvCopyDataToQueue
                0x000000000800b500       0xd4 ./Middlewares/Third_Party/FreeRTOS/Source/queue.o
 .text.prvCopyDataFromQueue
                0x000000000800b5d4       0x4c ./Middlewares/Third_Party/FreeRTOS/Source/queue.o
 .text.prvUnlockQueue
                0x000000000800b620       0xa4 ./Middlewares/Third_Party/FreeRTOS/Source/queue.o
 .text.prvIsQueueEmpty
                0x000000000800b6c4       0x2c ./Middlewares/Third_Party/FreeRTOS/Source/queue.o
 .text.prvIsQueueFull
                0x000000000800b6f0       0x30 ./Middlewares/Third_Party/FreeRTOS/Source/queue.o
 .text.vQueueAddToRegistry
                0x000000000800b720       0x54 ./Middlewares/Third_Party/FreeRTOS/Source/queue.o
                0x000000000800b720                vQueueAddToRegistry
 .text.vQueueWaitForMessageRestricted
                0x000000000800b774       0x68 ./Middlewares/Third_Party/FreeRTOS/Source/queue.o
                0x000000000800b774                vQueueWaitForMessageRestricted
 .text.xTaskCreateStatic
                0x000000000800b7dc       0xba ./Middlewares/Third_Party/FreeRTOS/Source/tasks.o
                0x000000000800b7dc                xTaskCreateStatic
 .text.xTaskCreate
                0x000000000800b896       0x8a ./Middlewares/Third_Party/FreeRTOS/Source/tasks.o
                0x000000000800b896                xTaskCreate
 .text.prvInitialiseNewTask
                0x000000000800b920      0x158 ./Middlewares/Third_Party/FreeRTOS/Source/tasks.o
 .text.prvAddNewTaskToReadyList
                0x000000000800ba78       0xe0 ./Middlewares/Third_Party/FreeRTOS/Source/tasks.o
 .text.vTaskDelay
                0x000000000800bb58       0x68 ./Middlewares/Third_Party/FreeRTOS/Source/tasks.o
                0x000000000800bb58                vTaskDelay
 .text.vTaskStartScheduler
                0x000000000800bbc0       0xe4 ./Middlewares/Third_Party/FreeRTOS/Source/tasks.o
                0x000000000800bbc0                vTaskStartScheduler
 .text.vTaskSuspendAll
                0x000000000800bca4       0x1c ./Middlewares/Third_Party/FreeRTOS/Source/tasks.o
                0x000000000800bca4                vTaskSuspendAll
 .text.xTaskResumeAll
                0x000000000800bcc0      0x13c ./Middlewares/Third_Party/FreeRTOS/Source/tasks.o
                0x000000000800bcc0                xTaskResumeAll
 .text.xTaskGetTickCount
                0x000000000800bdfc       0x20 ./Middlewares/Third_Party/FreeRTOS/Source/tasks.o
                0x000000000800bdfc                xTaskGetTickCount
 .text.xTaskIncrementTick
                0x000000000800be1c      0x174 ./Middlewares/Third_Party/FreeRTOS/Source/tasks.o
                0x000000000800be1c                xTaskIncrementTick
 .text.vTaskSwitchContext
                0x000000000800bf90      0x100 ./Middlewares/Third_Party/FreeRTOS/Source/tasks.o
                0x000000000800bf90                vTaskSwitchContext
 .text.vTaskPlaceOnEventList
                0x000000000800c090       0x48 ./Middlewares/Third_Party/FreeRTOS/Source/tasks.o
                0x000000000800c090                vTaskPlaceOnEventList
 .text.vTaskPlaceOnUnorderedEventList
                0x000000000800c0d8       0x78 ./Middlewares/Third_Party/FreeRTOS/Source/tasks.o
                0x000000000800c0d8                vTaskPlaceOnUnorderedEventList
 .text.vTaskPlaceOnEventListRestricted
                0x000000000800c150       0x58 ./Middlewares/Third_Party/FreeRTOS/Source/tasks.o
                0x000000000800c150                vTaskPlaceOnEventListRestricted
 .text.xTaskRemoveFromEventList
                0x000000000800c1a8       0xc8 ./Middlewares/Third_Party/FreeRTOS/Source/tasks.o
                0x000000000800c1a8                xTaskRemoveFromEventList
 .text.vTaskRemoveFromUnorderedEventList
                0x000000000800c270       0xc4 ./Middlewares/Third_Party/FreeRTOS/Source/tasks.o
                0x000000000800c270                vTaskRemoveFromUnorderedEventList
 .text.vTaskInternalSetTimeOutState
                0x000000000800c334       0x2c ./Middlewares/Third_Party/FreeRTOS/Source/tasks.o
                0x000000000800c334                vTaskInternalSetTimeOutState
 .text.xTaskCheckForTimeOut
                0x000000000800c360       0xc4 ./Middlewares/Third_Party/FreeRTOS/Source/tasks.o
                0x000000000800c360                xTaskCheckForTimeOut
 .text.vTaskMissedYield
                0x000000000800c424       0x18 ./Middlewares/Third_Party/FreeRTOS/Source/tasks.o
                0x000000000800c424                vTaskMissedYield
 .text.prvIdleTask
                0x000000000800c43c       0x30 ./Middlewares/Third_Party/FreeRTOS/Source/tasks.o
 .text.prvInitialiseTaskLists
                0x000000000800c46c       0x80 ./Middlewares/Third_Party/FreeRTOS/Source/tasks.o
 .text.prvCheckTasksWaitingTermination
                0x000000000800c4ec       0x5c ./Middlewares/Third_Party/FreeRTOS/Source/tasks.o
 .text.prvDeleteTCB
                0x000000000800c548       0x68 ./Middlewares/Third_Party/FreeRTOS/Source/tasks.o
 .text.prvResetNextTaskUnblockTime
                0x000000000800c5b0       0x40 ./Middlewares/Third_Party/FreeRTOS/Source/tasks.o
 .text.xTaskGetSchedulerState
                0x000000000800c5f0       0x3c ./Middlewares/Third_Party/FreeRTOS/Source/tasks.o
                0x000000000800c5f0                xTaskGetSchedulerState
 .text.xTaskPriorityDisinherit
                0x000000000800c62c       0xdc ./Middlewares/Third_Party/FreeRTOS/Source/tasks.o
                0x000000000800c62c                xTaskPriorityDisinherit
 .text.uxTaskResetEventItemValue
                0x000000000800c708       0x30 ./Middlewares/Third_Party/FreeRTOS/Source/tasks.o
                0x000000000800c708                uxTaskResetEventItemValue
 .text.xTaskGenericNotifyFromISR
                0x000000000800c738      0x1c8 ./Middlewares/Third_Party/FreeRTOS/Source/tasks.o
                0x000000000800c738                xTaskGenericNotifyFromISR
 .text.prvAddCurrentTaskToDelayedList
                0x000000000800c900       0xa8 ./Middlewares/Third_Party/FreeRTOS/Source/tasks.o
 .text.xTimerCreateTimerTask
                0x000000000800c9a8       0x90 ./Middlewares/Third_Party/FreeRTOS/Source/timers.o
                0x000000000800c9a8                xTimerCreateTimerTask
 .text.xTimerGenericCommand
                0x000000000800ca38       0x9c ./Middlewares/Third_Party/FreeRTOS/Source/timers.o
                0x000000000800ca38                xTimerGenericCommand
 .text.prvProcessExpiredTimer
                0x000000000800cad4       0x98 ./Middlewares/Third_Party/FreeRTOS/Source/timers.o
 .text.prvTimerTask
                0x000000000800cb6c       0x24 ./Middlewares/Third_Party/FreeRTOS/Source/timers.o
 .text.prvProcessTimerOrBlockTask
                0x000000000800cb90       0x9c ./Middlewares/Third_Party/FreeRTOS/Source/timers.o
 .text.prvGetNextExpireTime
                0x000000000800cc2c       0x48 ./Middlewares/Third_Party/FreeRTOS/Source/timers.o
 .text.prvSampleTimeNow
                0x000000000800cc74       0x40 ./Middlewares/Third_Party/FreeRTOS/Source/timers.o
 .text.prvInsertTimerInActiveList
                0x000000000800ccb4       0x84 ./Middlewares/Third_Party/FreeRTOS/Source/timers.o
 .text.prvProcessReceivedCommands
                0x000000000800cd38      0x1c4 ./Middlewares/Third_Party/FreeRTOS/Source/timers.o
 .text.prvSwitchTimerLists
                0x000000000800cefc       0xc8 ./Middlewares/Third_Party/FreeRTOS/Source/timers.o
 .text.prvCheckForValidListAndQueue
                0x000000000800cfc4       0x80 ./Middlewares/Third_Party/FreeRTOS/Source/timers.o
 .text.pxPortInitialiseStack
                0x000000000800d044       0x68 ./Middlewares/Third_Party/FreeRTOS/Source/portable/GCC/ARM_CM4F/port.o
                0x000000000800d044                pxPortInitialiseStack
 .text.prvTaskExitError
                0x000000000800d0ac       0x58 ./Middlewares/Third_Party/FreeRTOS/Source/portable/GCC/ARM_CM4F/port.o
 *fill*         0x000000000800d104        0xc 
 .text.SVC_Handler
                0x000000000800d110       0x28 ./Middlewares/Third_Party/FreeRTOS/Source/portable/GCC/ARM_CM4F/port.o
                0x000000000800d110                SVC_Handler
 .text.prvPortStartFirstTask
                0x000000000800d138       0x28 ./Middlewares/Third_Party/FreeRTOS/Source/portable/GCC/ARM_CM4F/port.o
 .text.xPortStartScheduler
                0x000000000800d160      0x144 ./Middlewares/Third_Party/FreeRTOS/Source/portable/GCC/ARM_CM4F/port.o
                0x000000000800d160                xPortStartScheduler
 .text.vPortEnterCritical
                0x000000000800d2a4       0x60 ./Middlewares/Third_Party/FreeRTOS/Source/portable/GCC/ARM_CM4F/port.o
                0x000000000800d2a4                vPortEnterCritical
 .text.vPortExitCritical
                0x000000000800d304       0x54 ./Middlewares/Third_Party/FreeRTOS/Source/portable/GCC/ARM_CM4F/port.o
                0x000000000800d304                vPortExitCritical
 *fill*         0x000000000800d358        0x8 
 .text.PendSV_Handler
                0x000000000800d360       0x68 ./Middlewares/Third_Party/FreeRTOS/Source/portable/GCC/ARM_CM4F/port.o
                0x000000000800d360                PendSV_Handler
 .text.xPortSysTickHandler
                0x000000000800d3c8       0x44 ./Middlewares/Third_Party/FreeRTOS/Source/portable/GCC/ARM_CM4F/port.o
                0x000000000800d3c8                xPortSysTickHandler
 .text.vPortSetupTimerInterrupt
                0x000000000800d40c       0x48 ./Middlewares/Third_Party/FreeRTOS/Source/portable/GCC/ARM_CM4F/port.o
                0x000000000800d40c                vPortSetupTimerInterrupt
 .text.vPortEnableVFP
                0x000000000800d454       0x14 ./Middlewares/Third_Party/FreeRTOS/Source/portable/GCC/ARM_CM4F/port.o
 .text.vPortValidateInterruptPriority
                0x000000000800d468       0x80 ./Middlewares/Third_Party/FreeRTOS/Source/portable/GCC/ARM_CM4F/port.o
                0x000000000800d468                vPortValidateInterruptPriority
 .text.pvPortMalloc
                0x000000000800d4e8      0x198 ./Middlewares/Third_Party/FreeRTOS/Source/portable/MemMang/heap_4.o
                0x000000000800d4e8                pvPortMalloc
 .text.vPortFree
                0x000000000800d680       0xc4 ./Middlewares/Third_Party/FreeRTOS/Source/portable/MemMang/heap_4.o
                0x000000000800d680                vPortFree
 .text.prvHeapInit
                0x000000000800d744       0xc4 ./Middlewares/Third_Party/FreeRTOS/Source/portable/MemMang/heap_4.o
 .text.prvInsertBlockIntoFreeList
                0x000000000800d808       0xb4 ./Middlewares/Third_Party/FreeRTOS/Source/portable/MemMang/heap_4.o
 .text.rx_queue_put
                0x000000000800d8bc       0x44 ./STM32F4xx_ESP32_firmware-main/Src/usart_rx_queue.o
                0x000000000800d8bc                rx_queue_put
 .text.count    0x000000000800d900       0x3c ./STM32F4xx_ESP32_firmware-main/Src/usart_rx_queue.o
                0x000000000800d900                count
 .text.getTaskHandle
                0x000000000800d93c       0x18 ./STM32F4xx_ESP32_firmware-main/Src/usart_rx_queue.o
                0x000000000800d93c                getTaskHandle
 .text.MX_USB_DEVICE_Init
                0x000000000800d954       0x60 ./USB_DEVICE/App/usb_device.o
                0x000000000800d954                MX_USB_DEVICE_Init
 .text.CDC_Init_FS
                0x000000000800d9b4       0x28 ./USB_DEVICE/App/usbd_cdc_if.o
 .text.CDC_DeInit_FS
                0x000000000800d9dc       0x10 ./USB_DEVICE/App/usbd_cdc_if.o
 .text.CDC_Control_FS
                0x000000000800d9ec       0xbc ./USB_DEVICE/App/usbd_cdc_if.o
 .text.CDC_Receive_FS
                0x000000000800daa8       0x28 ./USB_DEVICE/App/usbd_cdc_if.o
 .text.CDC_Transmit_FS
                0x000000000800dad0       0x4c ./USB_DEVICE/App/usbd_cdc_if.o
                0x000000000800dad0                CDC_Transmit_FS
 .text.CDC_TransmitCplt_FS
                0x000000000800db1c       0x22 ./USB_DEVICE/App/usbd_cdc_if.o
 *fill*         0x000000000800db3e        0x2 
 .text.USBD_FS_DeviceDescriptor
                0x000000000800db40       0x24 ./USB_DEVICE/App/usbd_desc.o
                0x000000000800db40                USBD_FS_DeviceDescriptor
 .text.USBD_FS_LangIDStrDescriptor
                0x000000000800db64       0x24 ./USB_DEVICE/App/usbd_desc.o
                0x000000000800db64                USBD_FS_LangIDStrDescriptor
 .text.USBD_FS_ProductStrDescriptor
                0x000000000800db88       0x3c ./USB_DEVICE/App/usbd_desc.o
                0x000000000800db88                USBD_FS_ProductStrDescriptor
 .text.USBD_FS_ManufacturerStrDescriptor
                0x000000000800dbc4       0x28 ./USB_DEVICE/App/usbd_desc.o
                0x000000000800dbc4                USBD_FS_ManufacturerStrDescriptor
 .text.USBD_FS_SerialStrDescriptor
                0x000000000800dbec       0x24 ./USB_DEVICE/App/usbd_desc.o
                0x000000000800dbec                USBD_FS_SerialStrDescriptor
 .text.USBD_FS_ConfigStrDescriptor
                0x000000000800dc10       0x3c ./USB_DEVICE/App/usbd_desc.o
                0x000000000800dc10                USBD_FS_ConfigStrDescriptor
 .text.USBD_FS_InterfaceStrDescriptor
                0x000000000800dc4c       0x3c ./USB_DEVICE/App/usbd_desc.o
                0x000000000800dc4c                USBD_FS_InterfaceStrDescriptor
 .text.Get_SerialNum
                0x000000000800dc88       0x58 ./USB_DEVICE/App/usbd_desc.o
 .text.IntToUnicode
                0x000000000800dce0       0x7e ./USB_DEVICE/App/usbd_desc.o
 *fill*         0x000000000800dd5e        0x2 
 .text.HAL_PCD_MspInit
                0x000000000800dd60       0xc4 ./USB_DEVICE/Target/usbd_conf.o
                0x000000000800dd60                HAL_PCD_MspInit
 .text.HAL_PCD_SetupStageCallback
                0x000000000800de24       0x24 ./USB_DEVICE/Target/usbd_conf.o
                0x000000000800de24                HAL_PCD_SetupStageCallback
 .text.HAL_PCD_DataOutStageCallback
                0x000000000800de48       0x36 ./USB_DEVICE/Target/usbd_conf.o
                0x000000000800de48                HAL_PCD_DataOutStageCallback
 .text.HAL_PCD_DataInStageCallback
                0x000000000800de7e       0x34 ./USB_DEVICE/Target/usbd_conf.o
                0x000000000800de7e                HAL_PCD_DataInStageCallback
 .text.HAL_PCD_SOFCallback
                0x000000000800deb2       0x1c ./USB_DEVICE/Target/usbd_conf.o
                0x000000000800deb2                HAL_PCD_SOFCallback
 .text.HAL_PCD_ResetCallback
                0x000000000800dece       0x3c ./USB_DEVICE/Target/usbd_conf.o
                0x000000000800dece                HAL_PCD_ResetCallback
 *fill*         0x000000000800df0a        0x2 
 .text.HAL_PCD_SuspendCallback
                0x000000000800df0c       0x4c ./USB_DEVICE/Target/usbd_conf.o
                0x000000000800df0c                HAL_PCD_SuspendCallback
 .text.HAL_PCD_ResumeCallback
                0x000000000800df58       0x1c ./USB_DEVICE/Target/usbd_conf.o
                0x000000000800df58                HAL_PCD_ResumeCallback
 .text.HAL_PCD_ISOOUTIncompleteCallback
                0x000000000800df74       0x24 ./USB_DEVICE/Target/usbd_conf.o
                0x000000000800df74                HAL_PCD_ISOOUTIncompleteCallback
 .text.HAL_PCD_ISOINIncompleteCallback
                0x000000000800df98       0x24 ./USB_DEVICE/Target/usbd_conf.o
                0x000000000800df98                HAL_PCD_ISOINIncompleteCallback
 .text.HAL_PCD_ConnectCallback
                0x000000000800dfbc       0x1c ./USB_DEVICE/Target/usbd_conf.o
                0x000000000800dfbc                HAL_PCD_ConnectCallback
 .text.HAL_PCD_DisconnectCallback
                0x000000000800dfd8       0x1c ./USB_DEVICE/Target/usbd_conf.o
                0x000000000800dfd8                HAL_PCD_DisconnectCallback
 .text.USBD_LL_Init
                0x000000000800dff4       0x98 ./USB_DEVICE/Target/usbd_conf.o
                0x000000000800dff4                USBD_LL_Init
 .text.USBD_LL_Start
                0x000000000800e08c       0x36 ./USB_DEVICE/Target/usbd_conf.o
                0x000000000800e08c                USBD_LL_Start
 .text.USBD_LL_OpenEP
                0x000000000800e0c2       0x4c ./USB_DEVICE/Target/usbd_conf.o
                0x000000000800e0c2                USBD_LL_OpenEP
 .text.USBD_LL_CloseEP
                0x000000000800e10e       0x3e ./USB_DEVICE/Target/usbd_conf.o
                0x000000000800e10e                USBD_LL_CloseEP
 .text.USBD_LL_StallEP
                0x000000000800e14c       0x3e ./USB_DEVICE/Target/usbd_conf.o
                0x000000000800e14c                USBD_LL_StallEP
 .text.USBD_LL_ClearStallEP
                0x000000000800e18a       0x3e ./USB_DEVICE/Target/usbd_conf.o
                0x000000000800e18a                USBD_LL_ClearStallEP
 .text.USBD_LL_IsStallEP
                0x000000000800e1c8       0x58 ./USB_DEVICE/Target/usbd_conf.o
                0x000000000800e1c8                USBD_LL_IsStallEP
 .text.USBD_LL_SetUSBAddress
                0x000000000800e220       0x3e ./USB_DEVICE/Target/usbd_conf.o
                0x000000000800e220                USBD_LL_SetUSBAddress
 .text.USBD_LL_Transmit
                0x000000000800e25e       0x42 ./USB_DEVICE/Target/usbd_conf.o
                0x000000000800e25e                USBD_LL_Transmit
 .text.USBD_LL_PrepareReceive
                0x000000000800e2a0       0x42 ./USB_DEVICE/Target/usbd_conf.o
                0x000000000800e2a0                USBD_LL_PrepareReceive
 .text.USBD_LL_GetRxDataSize
                0x000000000800e2e2       0x26 ./USB_DEVICE/Target/usbd_conf.o
                0x000000000800e2e2                USBD_LL_GetRxDataSize
 .text.USBD_static_malloc
                0x000000000800e308       0x1c ./USB_DEVICE/Target/usbd_conf.o
                0x000000000800e308                USBD_static_malloc
 .text.USBD_static_free
                0x000000000800e324       0x14 ./USB_DEVICE/Target/usbd_conf.o
                0x000000000800e324                USBD_static_free
 .text.USBD_Get_USB_Status
                0x000000000800e338       0x58 ./USB_DEVICE/Target/usbd_conf.o
                0x000000000800e338                USBD_Get_USB_Status
 .text.memset   0x000000000800e390       0x10 C:/ST/STM32CubeIDE_1.13.2/STM32CubeIDE/plugins/com.st.stm32cube.ide.mcu.externaltools.gnu-tools-for-stm32.11.3.rel1.win32_1.1.100.202309141235/tools/bin/../lib/gcc/arm-none-eabi/11.3.1/../../../../arm-none-eabi/lib/thumb/v7e-m+fp/hard\libc_nano.a(libc_a-memset.o)
                0x000000000800e390                memset
 .text._reclaim_reent
                0x000000000800e3a0       0xac C:/ST/STM32CubeIDE_1.13.2/STM32CubeIDE/plugins/com.st.stm32cube.ide.mcu.externaltools.gnu-tools-for-stm32.11.3.rel1.win32_1.1.100.202309141235/tools/bin/../lib/gcc/arm-none-eabi/11.3.1/../../../../arm-none-eabi/lib/thumb/v7e-m+fp/hard\libc_nano.a(libc_a-reent.o)
                0x000000000800e3a0                _reclaim_reent
 .text.__libc_init_array
                0x000000000800e44c       0x48 C:/ST/STM32CubeIDE_1.13.2/STM32CubeIDE/plugins/com.st.stm32cube.ide.mcu.externaltools.gnu-tools-for-stm32.11.3.rel1.win32_1.1.100.202309141235/tools/bin/../lib/gcc/arm-none-eabi/11.3.1/../../../../arm-none-eabi/lib/thumb/v7e-m+fp/hard\libc_nano.a(libc_a-init.o)
                0x000000000800e44c                __libc_init_array
 .text.__retarget_lock_acquire_recursive
                0x000000000800e494        0x2 C:/ST/STM32CubeIDE_1.13.2/STM32CubeIDE/plugins/com.st.stm32cube.ide.mcu.externaltools.gnu-tools-for-stm32.11.3.rel1.win32_1.1.100.202309141235/tools/bin/../lib/gcc/arm-none-eabi/11.3.1/../../../../arm-none-eabi/lib/thumb/v7e-m+fp/hard\libc_nano.a(libc_a-lock.o)
                0x000000000800e494                __retarget_lock_acquire_recursive
 .text.__retarget_lock_release_recursive
                0x000000000800e496        0x2 C:/ST/STM32CubeIDE_1.13.2/STM32CubeIDE/plugins/com.st.stm32cube.ide.mcu.externaltools.gnu-tools-for-stm32.11.3.rel1.win32_1.1.100.202309141235/tools/bin/../lib/gcc/arm-none-eabi/11.3.1/../../../../arm-none-eabi/lib/thumb/v7e-m+fp/hard\libc_nano.a(libc_a-lock.o)
                0x000000000800e496                __retarget_lock_release_recursive
 .text.memcpy   0x000000000800e498       0x1c C:/ST/STM32CubeIDE_1.13.2/STM32CubeIDE/plugins/com.st.stm32cube.ide.mcu.externaltools.gnu-tools-for-stm32.11.3.rel1.win32_1.1.100.202309141235/tools/bin/../lib/gcc/arm-none-eabi/11.3.1/../../../../arm-none-eabi/lib/thumb/v7e-m+fp/hard\libc_nano.a(libc_a-memcpy-stub.o)
                0x000000000800e498                memcpy
 .text._free_r  0x000000000800e4b4       0x98 C:/ST/STM32CubeIDE_1.13.2/STM32CubeIDE/plugins/com.st.stm32cube.ide.mcu.externaltools.gnu-tools-for-stm32.11.3.rel1.win32_1.1.100.202309141235/tools/bin/../lib/gcc/arm-none-eabi/11.3.1/../../../../arm-none-eabi/lib/thumb/v7e-m+fp/hard\libc_nano.a(libc_a-freer.o)
                0x000000000800e4b4                _free_r
 .text.__malloc_lock
                0x000000000800e54c        0xc C:/ST/STM32CubeIDE_1.13.2/STM32CubeIDE/plugins/com.st.stm32cube.ide.mcu.externaltools.gnu-tools-for-stm32.11.3.rel1.win32_1.1.100.202309141235/tools/bin/../lib/gcc/arm-none-eabi/11.3.1/../../../../arm-none-eabi/lib/thumb/v7e-m+fp/hard\libc_nano.a(libc_a-mlock.o)
                0x000000000800e54c                __malloc_lock
 .text.__malloc_unlock
                0x000000000800e558        0xc C:/ST/STM32CubeIDE_1.13.2/STM32CubeIDE/plugins/com.st.stm32cube.ide.mcu.externaltools.gnu-tools-for-stm32.11.3.rel1.win32_1.1.100.202309141235/tools/bin/../lib/gcc/arm-none-eabi/11.3.1/../../../../arm-none-eabi/lib/thumb/v7e-m+fp/hard\libc_nano.a(libc_a-mlock.o)
                0x000000000800e558                __malloc_unlock
 *(.glue_7)
 .glue_7        0x000000000800e564        0x0 linker stubs
 *(.glue_7t)
 .glue_7t       0x000000000800e564        0x0 linker stubs
 *(.eh_frame)
 .eh_frame      0x000000000800e564        0x0 C:/ST/STM32CubeIDE_1.13.2/STM32CubeIDE/plugins/com.st.stm32cube.ide.mcu.externaltools.gnu-tools-for-stm32.11.3.rel1.win32_1.1.100.202309141235/tools/bin/../lib/gcc/arm-none-eabi/11.3.1/thumb/v7e-m+fp/hard/crtbegin.o
 *(.init)
 .init          0x000000000800e564        0x4 C:/ST/STM32CubeIDE_1.13.2/STM32CubeIDE/plugins/com.st.stm32cube.ide.mcu.externaltools.gnu-tools-for-stm32.11.3.rel1.win32_1.1.100.202309141235/tools/bin/../lib/gcc/arm-none-eabi/11.3.1/thumb/v7e-m+fp/hard/crti.o
                0x000000000800e564                _init
 .init          0x000000000800e568        0x8 C:/ST/STM32CubeIDE_1.13.2/STM32CubeIDE/plugins/com.st.stm32cube.ide.mcu.externaltools.gnu-tools-for-stm32.11.3.rel1.win32_1.1.100.202309141235/tools/bin/../lib/gcc/arm-none-eabi/11.3.1/thumb/v7e-m+fp/hard/crtn.o
 *(.fini)
 .fini          0x000000000800e570        0x4 C:/ST/STM32CubeIDE_1.13.2/STM32CubeIDE/plugins/com.st.stm32cube.ide.mcu.externaltools.gnu-tools-for-stm32.11.3.rel1.win32_1.1.100.202309141235/tools/bin/../lib/gcc/arm-none-eabi/11.3.1/thumb/v7e-m+fp/hard/crti.o
                0x000000000800e570                _fini
 .fini          0x000000000800e574        0x8 C:/ST/STM32CubeIDE_1.13.2/STM32CubeIDE/plugins/com.st.stm32cube.ide.mcu.externaltools.gnu-tools-for-stm32.11.3.rel1.win32_1.1.100.202309141235/tools/bin/../lib/gcc/arm-none-eabi/11.3.1/thumb/v7e-m+fp/hard/crtn.o
                0x000000000800e57c                . = ALIGN (0x4)
                0x000000000800e57c                _etext = .

.vfp11_veneer   0x000000000800e57c        0x0
 .vfp11_veneer  0x000000000800e57c        0x0 linker stubs

.v4_bx          0x000000000800e57c        0x0
 .v4_bx         0x000000000800e57c        0x0 linker stubs

.iplt           0x000000000800e57c        0x0
 .iplt          0x000000000800e57c        0x0 C:/ST/STM32CubeIDE_1.13.2/STM32CubeIDE/plugins/com.st.stm32cube.ide.mcu.externaltools.gnu-tools-for-stm32.11.3.rel1.win32_1.1.100.202309141235/tools/bin/../lib/gcc/arm-none-eabi/11.3.1/thumb/v7e-m+fp/hard/crtbegin.o

.rodata         0x000000000800e57c      0x118
                0x000000000800e57c                . = ALIGN (0x4)
 *(.rodata)
 .rodata        0x000000000800e57c       0x53 ./Core/Src/main.o
 *fill*         0x000000000800e5cf        0x1 
 .rodata        0x000000000800e5d0       0x30 ./Middlewares/Third_Party/FreeRTOS/Source/tasks.o
 .rodata        0x000000000800e600        0xd ./Middlewares/Third_Party/FreeRTOS/Source/timers.o
 *fill*         0x000000000800e60d        0x3 
 .rodata        0x000000000800e610       0x46 ./USB_DEVICE/App/usbd_desc.o
 *(.rodata*)
 *fill*         0x000000000800e656        0x2 
 .rodata.defaultTask_attributes
                0x000000000800e658       0x24 ./Core/Src/main.o
                0x000000000800e658                defaultTask_attributes
 .rodata.AHBPrescTable
                0x000000000800e67c       0x10 ./Core/Src/system_stm32f4xx.o
                0x000000000800e67c                AHBPrescTable
 .rodata.APBPrescTable
                0x000000000800e68c        0x8 ./Core/Src/system_stm32f4xx.o
                0x000000000800e68c                APBPrescTable
                0x000000000800e694                . = ALIGN (0x4)

.ARM.extab      0x000000000800e694        0x0
                0x000000000800e694                . = ALIGN (0x4)
 *(.ARM.extab* .gnu.linkonce.armextab.*)
                0x000000000800e694                . = ALIGN (0x4)

.ARM            0x000000000800e694        0x8
                0x000000000800e694                . = ALIGN (0x4)
                0x000000000800e694                __exidx_start = .
 *(.ARM.exidx*)
 .ARM.exidx     0x000000000800e694        0x8 C:/ST/STM32CubeIDE_1.13.2/STM32CubeIDE/plugins/com.st.stm32cube.ide.mcu.externaltools.gnu-tools-for-stm32.11.3.rel1.win32_1.1.100.202309141235/tools/bin/../lib/gcc/arm-none-eabi/11.3.1/thumb/v7e-m+fp/hard\libgcc.a(_udivmoddi4.o)
                0x000000000800e69c                __exidx_end = .
                0x000000000800e69c                . = ALIGN (0x4)

.rel.dyn        0x000000000800e69c        0x0
 .rel.iplt      0x000000000800e69c        0x0 C:/ST/STM32CubeIDE_1.13.2/STM32CubeIDE/plugins/com.st.stm32cube.ide.mcu.externaltools.gnu-tools-for-stm32.11.3.rel1.win32_1.1.100.202309141235/tools/bin/../lib/gcc/arm-none-eabi/11.3.1/thumb/v7e-m+fp/hard/crtbegin.o

.preinit_array  0x000000000800e69c        0x0
                0x000000000800e69c                . = ALIGN (0x4)
                0x000000000800e69c                PROVIDE (__preinit_array_start = .)
 *(.preinit_array*)
                0x000000000800e69c                PROVIDE (__preinit_array_end = .)
                0x000000000800e69c                . = ALIGN (0x4)

.init_array     0x000000000800e69c        0x4
                0x000000000800e69c                . = ALIGN (0x4)
                0x000000000800e69c                PROVIDE (__init_array_start = .)
 *(SORT_BY_NAME(.init_array.*))
 *(.init_array*)
 .init_array    0x000000000800e69c        0x4 C:/ST/STM32CubeIDE_1.13.2/STM32CubeIDE/plugins/com.st.stm32cube.ide.mcu.externaltools.gnu-tools-for-stm32.11.3.rel1.win32_1.1.100.202309141235/tools/bin/../lib/gcc/arm-none-eabi/11.3.1/thumb/v7e-m+fp/hard/crtbegin.o
                0x000000000800e6a0                PROVIDE (__init_array_end = .)
                0x000000000800e6a0                . = ALIGN (0x4)

.fini_array     0x000000000800e6a0        0x4
                0x000000000800e6a0                . = ALIGN (0x4)
                [!provide]                        PROVIDE (__fini_array_start = .)
 *(SORT_BY_NAME(.fini_array.*))
 *(.fini_array*)
 .fini_array    0x000000000800e6a0        0x4 C:/ST/STM32CubeIDE_1.13.2/STM32CubeIDE/plugins/com.st.stm32cube.ide.mcu.externaltools.gnu-tools-for-stm32.11.3.rel1.win32_1.1.100.202309141235/tools/bin/../lib/gcc/arm-none-eabi/11.3.1/thumb/v7e-m+fp/hard/crtbegin.o
                [!provide]                        PROVIDE (__fini_array_end = .)
                0x000000000800e6a4                . = ALIGN (0x4)
                0x000000000800e6a4                _sidata = LOADADDR (.data)

.data           0x0000000020000000      0x150 load address 0x000000000800e6a4
                0x0000000020000000                . = ALIGN (0x4)
                0x0000000020000000                _sdata = .
 *(.data)
 *(.data*)
 .data.SystemCoreClock
                0x0000000020000000        0x4 ./Core/Src/system_stm32f4xx.o
                0x0000000020000000                SystemCoreClock
 .data.uwTickPrio
                0x0000000020000004        0x4 ./Drivers/STM32F4xx_HAL_Driver/Src/stm32f4xx_hal.o
                0x0000000020000004                uwTickPrio
 .data.uwTickFreq
                0x0000000020000008        0x1 ./Drivers/STM32F4xx_HAL_Driver/Src/stm32f4xx_hal.o
                0x0000000020000008                uwTickFreq
 *fill*         0x0000000020000009        0x3 
 .data.USBD_CDC_DeviceQualifierDesc
                0x000000002000000c        0xa ./Middlewares/ST/STM32_USB_Device_Library/Class/CDC/Src/usbd_cdc.o
 *fill*         0x0000000020000016        0x2 
 .data.USBD_CDC
                0x0000000020000018       0x38 ./Middlewares/ST/STM32_USB_Device_Library/Class/CDC/Src/usbd_cdc.o
                0x0000000020000018                USBD_CDC
 .data.USBD_CDC_CfgDesc
                0x0000000020000050       0x43 ./Middlewares/ST/STM32_USB_Device_Library/Class/CDC/Src/usbd_cdc.o
 .data.CDCInEpAdd
                0x0000000020000093        0x1 ./Middlewares/ST/STM32_USB_Device_Library/Class/CDC/Src/usbd_cdc.o
 .data.CDCOutEpAdd
                0x0000000020000094        0x1 ./Middlewares/ST/STM32_USB_Device_Library/Class/CDC/Src/usbd_cdc.o
 .data.CDCCmdEpAdd
                0x0000000020000095        0x1 ./Middlewares/ST/STM32_USB_Device_Library/Class/CDC/Src/usbd_cdc.o
 *fill*         0x0000000020000096        0x2 
 .data.uxCriticalNesting
                0x0000000020000098        0x4 ./Middlewares/Third_Party/FreeRTOS/Source/portable/GCC/ARM_CM4F/port.o
 .data.USBD_Interface_fops_FS
                0x000000002000009c       0x14 ./USB_DEVICE/App/usbd_cdc_if.o
                0x000000002000009c                USBD_Interface_fops_FS
 .data.FS_Desc  0x00000000200000b0       0x1c ./USB_DEVICE/App/usbd_desc.o
                0x00000000200000b0                FS_Desc
 .data.USBD_FS_DeviceDesc
                0x00000000200000cc       0x12 ./USB_DEVICE/App/usbd_desc.o
                0x00000000200000cc                USBD_FS_DeviceDesc
 *fill*         0x00000000200000de        0x2 
 .data.USBD_LangIDDesc
                0x00000000200000e0        0x4 ./USB_DEVICE/App/usbd_desc.o
                0x00000000200000e0                USBD_LangIDDesc
 .data.USBD_StringSerial
                0x00000000200000e4       0x1a ./USB_DEVICE/App/usbd_desc.o
                0x00000000200000e4                USBD_StringSerial
 *fill*         0x00000000200000fe        0x2 
 .data._impure_data
                0x0000000020000100       0x4c C:/ST/STM32CubeIDE_1.13.2/STM32CubeIDE/plugins/com.st.stm32cube.ide.mcu.externaltools.gnu-tools-for-stm32.11.3.rel1.win32_1.1.100.202309141235/tools/bin/../lib/gcc/arm-none-eabi/11.3.1/../../../../arm-none-eabi/lib/thumb/v7e-m+fp/hard\libc_nano.a(libc_a-impure.o)
                0x0000000020000100                _impure_data
 .data._impure_ptr
                0x000000002000014c        0x4 C:/ST/STM32CubeIDE_1.13.2/STM32CubeIDE/plugins/com.st.stm32cube.ide.mcu.externaltools.gnu-tools-for-stm32.11.3.rel1.win32_1.1.100.202309141235/tools/bin/../lib/gcc/arm-none-eabi/11.3.1/../../../../arm-none-eabi/lib/thumb/v7e-m+fp/hard\libc_nano.a(libc_a-impure.o)
                0x000000002000014c                _impure_ptr
 *(.RamFunc)
 *(.RamFunc*)
                0x0000000020000150                . = ALIGN (0x4)
                0x0000000020000150                _edata = .

.igot.plt       0x0000000020000150        0x0 load address 0x000000000800e7f4
 .igot.plt      0x0000000020000150        0x0 C:/ST/STM32CubeIDE_1.13.2/STM32CubeIDE/plugins/com.st.stm32cube.ide.mcu.externaltools.gnu-tools-for-stm32.11.3.rel1.win32_1.1.100.202309141235/tools/bin/../lib/gcc/arm-none-eabi/11.3.1/thumb/v7e-m+fp/hard/crtbegin.o
                0x0000000020000150                . = ALIGN (0x4)

.bss            0x0000000020000150     0x6d08 load address 0x000000000800e7f4
                0x0000000020000150                _sbss = .
                0x0000000020000150                __bss_start__ = _sbss
 *(.bss)
 .bss           0x0000000020000150       0x1c C:/ST/STM32CubeIDE_1.13.2/STM32CubeIDE/plugins/com.st.stm32cube.ide.mcu.externaltools.gnu-tools-for-stm32.11.3.rel1.win32_1.1.100.202309141235/tools/bin/../lib/gcc/arm-none-eabi/11.3.1/thumb/v7e-m+fp/hard/crtbegin.o
 *(.bss*)
 .bss.hi2c1     0x000000002000016c       0x54 ./Core/Src/main.o
                0x000000002000016c                hi2c1
 .bss.hspi1     0x00000000200001c0       0x58 ./Core/Src/main.o
                0x00000000200001c0                hspi1
 .bss.htim10    0x0000000020000218       0x48 ./Core/Src/main.o
                0x0000000020000218                htim10
 .bss.huart2    0x0000000020000260       0x44 ./Core/Src/main.o
                0x0000000020000260                huart2
 .bss.defaultTaskHandle
                0x00000000200002a4        0x4 ./Core/Src/main.o
                0x00000000200002a4                defaultTaskHandle
 .bss.RxTask_handle
                0x00000000200002a8        0x4 ./Core/Src/main.o
                0x00000000200002a8                RxTask_handle
 .bss.QueueGyro
                0x00000000200002ac        0x4 ./Core/Src/main.o
                0x00000000200002ac                QueueGyro
 .bss.QueueAccel
                0x00000000200002b0        0x4 ./Core/Src/main.o
                0x00000000200002b0                QueueAccel
 .bss.xEventGroup
                0x00000000200002b4        0x4 ./Core/Src/main.o
                0x00000000200002b4                xEventGroup
 .bss.htim4     0x00000000200002b8       0x48 ./Core/Src/stm32f4xx_hal_timebase_tim.o
                0x00000000200002b8                htim4
 .bss.uwTick    0x0000000020000300        0x4 ./Drivers/STM32F4xx_HAL_Driver/Src/stm32f4xx_hal.o
                0x0000000020000300                uwTick
 .bss.cfgidx.0  0x0000000020000304        0x1 ./Middlewares/ST/STM32_USB_Device_Library/Core/Src/usbd_ctlreq.o
 *fill*         0x0000000020000305        0x3 
 .bss.KernelState
                0x0000000020000308        0x4 ./Middlewares/Third_Party/FreeRTOS/Source/CMSIS_RTOS_V2/cmsis_os2.o
 .bss.Idle_TCB.3
                0x000000002000030c       0xb0 ./Middlewares/Third_Party/FreeRTOS/Source/CMSIS_RTOS_V2/cmsis_os2.o
 .bss.Idle_Stack.2
                0x00000000200003bc      0x200 ./Middlewares/Third_Party/FreeRTOS/Source/CMSIS_RTOS_V2/cmsis_os2.o
 .bss.Timer_TCB.1
                0x00000000200005bc       0xb0 ./Middlewares/Third_Party/FreeRTOS/Source/CMSIS_RTOS_V2/cmsis_os2.o
 .bss.Timer_Stack.0
                0x000000002000066c      0x400 ./Middlewares/Third_Party/FreeRTOS/Source/CMSIS_RTOS_V2/cmsis_os2.o
 .bss.xQueueRegistry
                0x0000000020000a6c       0x40 ./Middlewares/Third_Party/FreeRTOS/Source/queue.o
                0x0000000020000a6c                xQueueRegistry
 .bss.pxCurrentTCB
                0x0000000020000aac        0x4 ./Middlewares/Third_Party/FreeRTOS/Source/tasks.o
                0x0000000020000aac                pxCurrentTCB
 .bss.pxReadyTasksLists
                0x0000000020000ab0      0x460 ./Middlewares/Third_Party/FreeRTOS/Source/tasks.o
 .bss.xDelayedTaskList1
                0x0000000020000f10       0x14 ./Middlewares/Third_Party/FreeRTOS/Source/tasks.o
 .bss.xDelayedTaskList2
                0x0000000020000f24       0x14 ./Middlewares/Third_Party/FreeRTOS/Source/tasks.o
 .bss.pxDelayedTaskList
                0x0000000020000f38        0x4 ./Middlewares/Third_Party/FreeRTOS/Source/tasks.o
 .bss.pxOverflowDelayedTaskList
                0x0000000020000f3c        0x4 ./Middlewares/Third_Party/FreeRTOS/Source/tasks.o
 .bss.xPendingReadyList
                0x0000000020000f40       0x14 ./Middlewares/Third_Party/FreeRTOS/Source/tasks.o
 .bss.xTasksWaitingTermination
                0x0000000020000f54       0x14 ./Middlewares/Third_Party/FreeRTOS/Source/tasks.o
 .bss.uxDeletedTasksWaitingCleanUp
                0x0000000020000f68        0x4 ./Middlewares/Third_Party/FreeRTOS/Source/tasks.o
 .bss.xSuspendedTaskList
                0x0000000020000f6c       0x14 ./Middlewares/Third_Party/FreeRTOS/Source/tasks.o
 .bss.uxCurrentNumberOfTasks
                0x0000000020000f80        0x4 ./Middlewares/Third_Party/FreeRTOS/Source/tasks.o
 .bss.xTickCount
                0x0000000020000f84        0x4 ./Middlewares/Third_Party/FreeRTOS/Source/tasks.o
 .bss.uxTopReadyPriority
                0x0000000020000f88        0x4 ./Middlewares/Third_Party/FreeRTOS/Source/tasks.o
 .bss.xSchedulerRunning
                0x0000000020000f8c        0x4 ./Middlewares/Third_Party/FreeRTOS/Source/tasks.o
 .bss.xPendedTicks
                0x0000000020000f90        0x4 ./Middlewares/Third_Party/FreeRTOS/Source/tasks.o
 .bss.xYieldPending
                0x0000000020000f94        0x4 ./Middlewares/Third_Party/FreeRTOS/Source/tasks.o
 .bss.xNumOfOverflows
                0x0000000020000f98        0x4 ./Middlewares/Third_Party/FreeRTOS/Source/tasks.o
 .bss.uxTaskNumber
                0x0000000020000f9c        0x4 ./Middlewares/Third_Party/FreeRTOS/Source/tasks.o
 .bss.xNextTaskUnblockTime