Archive member included to satisfy reference by file (symbol)

C:/ST/STM32CubeIDE_1.13.2/STM32CubeIDE/plugins/com.st.stm32cube.ide.mcu.externaltools.gnu-tools-for-stm32.11.3.rel1.win32_1.1.1.202309131626/tools/bin/../lib/gcc/arm-none-eabi/11.3.1/../../../../arm-none-eabi/lib/thumb/v7e-m+fp/hard\libc_nano.a(libc_a-exit.o)
                              C:/ST/STM32CubeIDE_1.13.2/STM32CubeIDE/plugins/com.st.stm32cube.ide.mcu.externaltools.gnu-tools-for-stm32.11.3.rel1.win32_1.1.1.202309131626/tools/bin/../lib/gcc/arm-none-eabi/11.3.1/../../../../arm-none-eabi/lib/thumb/v7e-m+fp/hard/crt0.o (exit)
C:/ST/STM32CubeIDE_1.13.2/STM32CubeIDE/plugins/com.st.stm32cube.ide.mcu.externaltools.gnu-tools-for-stm32.11.3.rel1.win32_1.1.1.202309131626/tools/bin/../lib/gcc/arm-none-eabi/11.3.1/../../../../arm-none-eabi/lib/thumb/v7e-m+fp/hard\libc_nano.a(libc_a-strtol.o)
                              ./STM32F4xx_ESP32_firmware-main/Src/MQTT_dispatcher.o (strtol)
C:/ST/STM32CubeIDE_1.13.2/STM32CubeIDE/plugins/com.st.stm32cube.ide.mcu.externaltools.gnu-tools-for-stm32.11.3.rel1.win32_1.1.1.202309131626/tools/bin/../lib/gcc/arm-none-eabi/11.3.1/../../../../arm-none-eabi/lib/thumb/v7e-m+fp/hard\libc_nano.a(libc_a-ctype_.o)
                              C:/ST/STM32CubeIDE_1.13.2/STM32CubeIDE/plugins/com.st.stm32cube.ide.mcu.externaltools.gnu-tools-for-stm32.11.3.rel1.win32_1.1.1.202309131626/tools/bin/../lib/gcc/arm-none-eabi/11.3.1/../../../../arm-none-eabi/lib/thumb/v7e-m+fp/hard\libc_nano.a(libc_a-strtol.o) (_ctype_)
C:/ST/STM32CubeIDE_1.13.2/STM32CubeIDE/plugins/com.st.stm32cube.ide.mcu.externaltools.gnu-tools-for-stm32.11.3.rel1.win32_1.1.1.202309131626/tools/bin/../lib/gcc/arm-none-eabi/11.3.1/../../../../arm-none-eabi/lib/thumb/v7e-m+fp/hard\libc_nano.a(libc_a-findfp.o)
                              ./Middlewares/Third_Party/FreeRTOS/Source/tasks.o (__sf)
C:/ST/STM32CubeIDE_1.13.2/STM32CubeIDE/plugins/com.st.stm32cube.ide.mcu.externaltools.gnu-tools-for-stm32.11.3.rel1.win32_1.1.1.202309131626/tools/bin/../lib/gcc/arm-none-eabi/11.3.1/../../../../arm-none-eabi/lib/thumb/v7e-m+fp/hard\libc_nano.a(libc_a-fwalk.o)
                              C:/ST/STM32CubeIDE_1.13.2/STM32CubeIDE/plugins/com.st.stm32cube.ide.mcu.externaltools.gnu-tools-for-stm32.11.3.rel1.win32_1.1.1.202309131626/tools/bin/../lib/gcc/arm-none-eabi/11.3.1/../../../../arm-none-eabi/lib/thumb/v7e-m+fp/hard\libc_nano.a(libc_a-findfp.o) (_fwalk_sglue)
C:/ST/STM32CubeIDE_1.13.2/STM32CubeIDE/plugins/com.st.stm32cube.ide.mcu.externaltools.gnu-tools-for-stm32.11.3.rel1.win32_1.1.1.202309131626/tools/bin/../lib/gcc/arm-none-eabi/11.3.1/../../../../arm-none-eabi/lib/thumb/v7e-m+fp/hard\libc_nano.a(libc_a-sprintf.o)
                              ./STM32F4xx_ESP32_firmware-main/Src/MQTT_dispatcher.o (sprintf)
C:/ST/STM32CubeIDE_1.13.2/STM32CubeIDE/plugins/com.st.stm32cube.ide.mcu.externaltools.gnu-tools-for-stm32.11.3.rel1.win32_1.1.1.202309131626/tools/bin/../lib/gcc/arm-none-eabi/11.3.1/../../../../arm-none-eabi/lib/thumb/v7e-m+fp/hard\libc_nano.a(libc_a-stdio.o)
                              C:/ST/STM32CubeIDE_1.13.2/STM32CubeIDE/plugins/com.st.stm32cube.ide.mcu.externaltools.gnu-tools-for-stm32.11.3.rel1.win32_1.1.1.202309131626/tools/bin/../lib/gcc/arm-none-eabi/11.3.1/../../../../arm-none-eabi/lib/thumb/v7e-m+fp/hard\libc_nano.a(libc_a-findfp.o) (__sread)
C:/ST/STM32CubeIDE_1.13.2/STM32CubeIDE/plugins/com.st.stm32cube.ide.mcu.externaltools.gnu-tools-for-stm32.11.3.rel1.win32_1.1.1.202309131626/tools/bin/../lib/gcc/arm-none-eabi/11.3.1/../../../../arm-none-eabi/lib/thumb/v7e-m+fp/hard\libc_nano.a(libc_a-memset.o)
                              C:/ST/STM32CubeIDE_1.13.2/STM32CubeIDE/plugins/com.st.stm32cube.ide.mcu.externaltools.gnu-tools-for-stm32.11.3.rel1.win32_1.1.1.202309131626/tools/bin/../lib/gcc/arm-none-eabi/11.3.1/../../../../arm-none-eabi/lib/thumb/v7e-m+fp/hard/crt0.o (memset)
C:/ST/STM32CubeIDE_1.13.2/STM32CubeIDE/plugins/com.st.stm32cube.ide.mcu.externaltools.gnu-tools-for-stm32.11.3.rel1.win32_1.1.1.202309131626/tools/bin/../lib/gcc/arm-none-eabi/11.3.1/../../../../arm-none-eabi/lib/thumb/v7e-m+fp/hard\libc_nano.a(libc_a-strncmp.o)
                              ./STM32F4xx_ESP32_firmware-main/Src/MQTT_dispatcher.o (strncmp)
C:/ST/STM32CubeIDE_1.13.2/STM32CubeIDE/plugins/com.st.stm32cube.ide.mcu.externaltools.gnu-tools-for-stm32.11.3.rel1.win32_1.1.1.202309131626/tools/bin/../lib/gcc/arm-none-eabi/11.3.1/../../../../arm-none-eabi/lib/thumb/v7e-m+fp/hard\libc_nano.a(libc_a-strtok.o)
                              ./STM32F4xx_ESP32_firmware-main/Src/MQTT_dispatcher.o (strtok)
C:/ST/STM32CubeIDE_1.13.2/STM32CubeIDE/plugins/com.st.stm32cube.ide.mcu.externaltools.gnu-tools-for-stm32.11.3.rel1.win32_1.1.1.202309131626/tools/bin/../lib/gcc/arm-none-eabi/11.3.1/../../../../arm-none-eabi/lib/thumb/v7e-m+fp/hard\libc_nano.a(libc_a-strtok_r.o)
[...]
Memory Configuration

Name             Origin             Length             Attributes
RAM              0x0000000020000000 0x0000000000020000 xrw
FLASH            0x0000000008000000 0x0000000000080000 xr
*default*        0x0000000000000000 0xffffffffffffffff

Linker script and memory map

LOAD C:/ST/STM32CubeIDE_1.13.2/STM32CubeIDE/plugins/com.st.stm32cube.ide.mcu.externaltools.gnu-tools-for-stm32.11.3.rel1.win32_1.1.1.202309131626/tools/bin/../lib/gcc/arm-none-eabi/11.3.1/thumb/v7e-m+fp/hard/crti.o
LOAD C:/ST/STM32CubeIDE_1.13.2/STM32CubeIDE/plugins/com.st.stm32cube.ide.mcu.externaltools.gnu-tools-for-stm32.11.3.rel1.win32_1.1.1.202309131626/tools/bin/../lib/gcc/arm-none-eabi/11.3.1/thumb/v7e-m+fp/hard/crtbegin.o
LOAD C:/ST/STM32CubeIDE_1.13.2/STM32CubeIDE/plugins/com.st.stm32cube.ide.mcu.externaltools.gnu-tools-for-stm32.11.3.rel1.win32_1.1.1.202309131626/tools/bin/../lib/gcc/arm-none-eabi/11.3.1/../../../../arm-none-eabi/lib/thumb/v7e-m+fp/hard/crt0.o
LOAD ./Core/Src/freertos.o
LOAD ./Core/Src/main.o
LOAD ./Core/Src/stm32f4xx_hal_msp.o
LOAD ./Core/Src/stm32f4xx_hal_timebase_tim.o
LOAD ./Core/Src/stm32f4xx_it.o
LOAD ./Core/Src/syscalls.o
LOAD ./Core/Src/sysmem.o
LOAD ./Core/Src/system_stm32f4xx.o
LOAD ./Core/Startup/startup_stm32f411vetx.o
LOAD ./Drivers/STM32F4xx_HAL_Driver/Src/stm32f4xx_hal.o
LOAD ./Drivers/STM32F4xx_HAL_Driver/Src/stm32f4xx_hal_cortex.o
LOAD ./Drivers/STM32F4xx_HAL_Driver/Src/stm32f4xx_hal_dma.o
LOAD ./Drivers/STM32F4xx_HAL_Driver/Src/stm32f4xx_hal_dma_ex.o
LOAD ./Drivers/STM32F4xx_HAL_Driver/Src/stm32f4xx_hal_exti.o
LOAD ./Drivers/STM32F4xx_HAL_Driver/Src/stm32f4xx_hal_flash.o
LOAD ./Drivers/STM32F4xx_HAL_Driver/Src/stm32f4xx_hal_flash_ex.o
LOAD ./Drivers/STM32F4xx_HAL_Driver/Src/stm32f4xx_hal_flash_ramfunc.o
LOAD ./Drivers/STM32F4xx_HAL_Driver/Src/stm32f4xx_hal_gpio.o
LOAD ./Drivers/STM32F4xx_HAL_Driver/Src/stm32f4xx_hal_i2c.o
LOAD ./Drivers/STM32F4xx_HAL_Driver/Src/stm32f4xx_hal_i2c_ex.o
LOAD ./Drivers/STM32F4xx_HAL_Driver/Src/stm32f4xx_hal_pcd.o
LOAD ./Drivers/STM32F4xx_HAL_Driver/Src/stm32f4xx_hal_pcd_ex.o
LOAD ./Drivers/STM32F4xx_HAL_Driver/Src/stm32f4xx_hal_pwr.o
LOAD ./Drivers/STM32F4xx_HAL_Driver/Src/stm32f4xx_hal_pwr_ex.o
LOAD ./Drivers/STM32F4xx_HAL_Driver/Src/stm32f4xx_hal_rcc.o
LOAD ./Drivers/STM32F4xx_HAL_Driver/Src/stm32f4xx_hal_rcc_ex.o
LOAD ./Drivers/STM32F4xx_HAL_Driver/Src/stm32f4xx_hal_spi.o
LOAD ./Drivers/STM32F4xx_HAL_Driver/Src/stm32f4xx_hal_tim.o
LOAD ./Drivers/STM32F4xx_HAL_Driver/Src/stm32f4xx_hal_tim_ex.o
LOAD ./Drivers/STM32F4xx_HAL_Driver/Src/stm32f4xx_hal_uart.o
LOAD ./Drivers/STM32F4xx_HAL_Driver/Src/stm32f4xx_ll_usb.o
LOAD ./Middlewares/ST/STM32_USB_Device_Library/Class/CDC/Src/usbd_cdc.o
LOAD ./Middlewares/ST/STM32_USB_Device_Library/Core/Src/usbd_core.o
LOAD ./Middlewares/ST/STM32_USB_Device_Library/Core/Src/usbd_ctlreq.o
LOAD ./Middlewares/ST/STM32_USB_Device_Library/Core/Src/usbd_ioreq.o
LOAD ./Middlewares/Third_Party/FreeRTOS/Source/CMSIS_RTOS_V2/cmsis_os2.o
LOAD ./Middlewares/Third_Party/FreeRTOS/Source/croutine.o
LOAD ./Middlewares/Third_Party/FreeRTOS/Source/event_groups.o
LOAD ./Middlewares/Third_Party/FreeRTOS/Source/list.o
LOAD ./Middlewares/Third_Party/FreeRTOS/Source/queue.o
LOAD ./Middlewares/Third_Party/FreeRTOS/Source/stream_buffer.o
LOAD ./Middlewares/Third_Party/FreeRTOS/Source/tasks.o
LOAD ./Middlewares/Third_Party/FreeRTOS/Source/timers.o
LOAD ./Middlewares/Third_Party/FreeRTOS/Source/portable/GCC/ARM_CM4F/port.o
LOAD ./Middlewares/Third_Party/FreeRTOS/Source/portable/MemMang/heap_4.o
LOAD ./STM32F4xx_ESP32_firmware-main/Src/MQTT_dispatcher.o
LOAD ./STM32F4xx_ESP32_firmware-main/Src/Wifi_MQTT_Example.o
LOAD ./STM32F4xx_ESP32_firmware-main/Src/esp32_manager.o
LOAD ./STM32F4xx_ESP32_firmware-main/Src/usart_rx_queue.o
LOAD ./USB_DEVICE/App/usb_device.o
LOAD ./USB_DEVICE/App/usbd_cdc_if.o
LOAD ./USB_DEVICE/App/usbd_desc.o
LOAD ./USB_DEVICE/Target/usbd_conf.o
START GROUP
LOAD C:/ST/STM32CubeIDE_1.13.2/STM32CubeIDE/plugins/com.st.stm32cube.ide.mcu.externaltools.gnu-tools-for-stm32.11.3.rel1.win32_1.1.1.202309131626/tools/bin/../lib/gcc/arm-none-eabi/11.3.1/../../../../arm-none-eabi/lib/thumb/v7e-m+fp/hard\libc_nano.a
LOAD C:/ST/STM32CubeIDE_1.13.2/STM32CubeIDE/plugins/com.st.stm32cube.ide.mcu.externaltools.gnu-tools-for-stm32.11.3.rel1.win32_1.1.1.202309131626/tools/bin/../lib/gcc/arm-none-eabi/11.3.1/../../../../arm-none-eabi/lib/thumb/v7e-m+fp/hard\libm.a
END GROUP
START GROUP
LOAD C:/ST/STM32CubeIDE_1.13.2/STM32CubeIDE/plugins/com.st.stm32cube.ide.mcu.externaltools.gnu-tools-for-stm32.11.3.rel1.win32_1.1.1.202309131626/tools/bin/../lib/gcc/arm-none-eabi/11.3.1/thumb/v7e-m+fp/hard\libgcc.a
LOAD C:/ST/STM32CubeIDE_1.13.2/STM32CubeIDE/plugins/com.st.stm32cube.ide.mcu.externaltools.gnu-tools-for-stm32.11.3.rel1.win32_1.1.1.202309131626/tools/bin/../lib/gcc/arm-none-eabi/11.3.1/../../../../arm-none-eabi/lib/thumb/v7e-m+fp/hard\libc_nano.a
END GROUP
START GROUP
LOAD C:/ST/STM32CubeIDE_1.13.2/STM32CubeIDE/plugins/com.st.stm32cube.ide.mcu.externaltools.gnu-tools-for-stm32.11.3.rel1.win32_1.1.1.202309131626/tools/bin/../lib/gcc/arm-none-eabi/11.3.1/thumb/v7e-m+fp/hard\libgcc.a
LOAD C:/ST/STM32CubeIDE_1.13.2/STM32CubeIDE/plugins/com.st.stm32cube.ide.mcu.externaltools.gnu-tools-for-stm32.11.3.rel1.win32_1.1.1.202309131626/tools/bin/../lib/gcc/arm-none-eabi/11.3.1/../../../../arm-none-eabi/lib/thumb/v7e-m+fp/hard\libc_nano.a
LOAD C:/ST/STM32CubeIDE_1.13.2/STM32CubeIDE/plugins/com.st.stm32cube.ide.mcu.externaltools.gnu-tools-for-stm32.11.3.rel1.win32_1.1.1.202309131626/tools/bin/../lib/gcc/arm-none-eabi/11.3.1/../../../../arm-none-eabi/lib/thumb/v7e-m+fp/hard\libnosys.a
END GROUP
START GROUP
LOAD C:/ST/STM32CubeIDE_1.13.2/STM32CubeIDE/plugins/com.st.stm32cube.ide.mcu.externaltools.gnu-tools-for-stm32.11.3.rel1.win32_1.1.1.202309131626/tools/bin/../lib/gcc/arm-none-eabi/11.3.1/thumb/v7e-m+fp/hard\libgcc.a
LOAD C:/ST/STM32CubeIDE_1.13.2/STM32CubeIDE/plugins/com.st.stm32cube.ide.mcu.externaltools.gnu-tools-for-stm32.11.3.rel1.win32_1.1.1.202309131626/tools/bin/../lib/gcc/arm-none-eabi/11.3.1/../../../../arm-none-eabi/lib/thumb/v7e-m+fp/hard\libc_nano.a
LOAD C:/ST/STM32CubeIDE_1.13.2/STM32CubeIDE/plugins/com.st.stm32cube.ide.mcu.externaltools.gnu-tools-for-stm32.11.3.rel1.win32_1.1.1.202309131626/tools/bin/../lib/gcc/arm-none-eabi/11.3.1/../../../../arm-none-eabi/lib/thumb/v7e-m+fp/hard\libnosys.a
END GROUP
LOAD C:/ST/STM32CubeIDE_1.13.2/STM32CubeIDE/plugins/com.st.stm32cube.ide.mcu.externaltools.gnu-tools-for-stm32.11.3.rel1.win32_1.1.1.202309131626/tools/bin/../lib/gcc/arm-none-eabi/11.3.1/thumb/v7e-m+fp/hard/crtend.o
LOAD C:/ST/STM32CubeIDE_1.13.2/STM32CubeIDE/plugins/com.st.stm32cube.ide.mcu.externaltools.gnu-tools-for-stm32.11.3.rel1.win32_1.1.1.202309131626/tools/bin/../lib/gcc/arm-none-eabi/11.3.1/thumb/v7e-m+fp/hard/crtn.o
                0x0000000020020000                _estack = (ORIGIN (RAM) + LENGTH (RAM))
                0x0000000000000200                _Min_Heap_Size = 0x200
                0x0000000000000400                _Min_Stack_Size = 0x400

.isr_vector     0x0000000008000000      0x198
                0x0000000008000000                . = ALIGN (0x4)
 *(.isr_vector)
 .isr_vector    0x0000000008000000      0x198 ./Core/Startup/startup_stm32f411vetx.o
                0x0000000008000000                g_pfnVectors
                0x0000000008000198                . = ALIGN (0x4)

.text           0x00000000080001a0     0xe2bc
                0x00000000080001a0                . = ALIGN (0x4)
 *(.text)
 .text          0x00000000080001a0       0x40 C:/ST/STM32CubeIDE_1.13.2/STM32CubeIDE/plugins/com.st.stm32cube.ide.mcu.externaltools.gnu-tools-for-stm32.11.3.rel1.win32_1.1.1.202309131626/tools/bin/../lib/gcc/arm-none-eabi/11.3.1/thumb/v7e-m+fp/hard/crtbegin.o
 .text          0x00000000080001e0      0x254 C:/ST/STM32CubeIDE_1.13.2/STM32CubeIDE/plugins/com.st.stm32cube.ide.mcu.externaltools.gnu-tools-for-stm32.11.3.rel1.win32_1.1.1.202309131626/tools/bin/../lib/gcc/arm-none-eabi/11.3.1/thumb/v7e-m+fp/hard\libgcc.a(_arm_muldf3.o)
                0x00000000080001e0                __muldf3
                0x00000000080001e0                __aeabi_dmul
 .text          0x0000000008000434      0x378 C:/ST/STM32CubeIDE_1.13.2/STM32CubeIDE/plugins/com.st.stm32cube.ide.mcu.externaltools.gnu-tools-for-stm32.11.3.rel1.win32_1.1.1.202309131626/tools/bin/../lib/gcc/arm-none-eabi/11.3.1/thumb/v7e-m+fp/hard\libgcc.a(_arm_addsubdf3.o)
                0x0000000008000434                __aeabi_drsub
                0x000000000800043c                __aeabi_dsub
                0x000000000800043c                __subdf3
                0x0000000008000440                __aeabi_dadd
                0x0000000008000440                __adddf3
                0x00000000080006b8                __floatunsidf
                0x00000000080006b8                __aeabi_ui2d
                0x00000000080006d8                __floatsidf
                0x00000000080006d8                __aeabi_i2d
                0x00000000080006fc                __aeabi_f2d
                0x00000000080006fc                __extendsfdf2
                0x0000000008000740                __floatundidf
                0x0000000008000740                __aeabi_ul2d
                0x0000000008000750                __floatdidf
                0x0000000008000750                __aeabi_l2d
 .text          0x00000000080007ac       0xa0 C:/ST/STM32CubeIDE_1.13.2/STM32CubeIDE/plugins/com.st.stm32cube.ide.mcu.externaltools.gnu-tools-for-stm32.11.3.rel1.win32_1.1.1.202309131626/tools/bin/../lib/gcc/arm-none-eabi/11.3.1/thumb/v7e-m+fp/hard\libgcc.a(_arm_truncdfsf2.o)
                0x00000000080007ac                __truncdfsf2
                0x00000000080007ac                __aeabi_d2f
 .text          0x000000000800084c       0x30 C:/ST/STM32CubeIDE_1.13.2/STM32CubeIDE/plugins/com.st.stm32cube.ide.mcu.externaltools.gnu-tools-for-stm32.11.3.rel1.win32_1.1.1.202309131626/tools/bin/../lib/gcc/arm-none-eabi/11.3.1/thumb/v7e-m+fp/hard\libgcc.a(_aeabi_uldivmod.o)
                0x000000000800084c                __aeabi_uldivmod
 .text          0x000000000800087c      0x2c8 C:/ST/STM32CubeIDE_1.13.2/STM32CubeIDE/plugins/com.st.stm32cube.ide.mcu.externaltools.gnu-tools-for-stm32.11.3.rel1.win32_1.1.1.202309131626/tools/bin/../lib/gcc/arm-none-eabi/11.3.1/thumb/v7e-m+fp/hard\libgcc.a(_udivmoddi4.o)
                0x000000000800087c                __udivmoddi4
 .text          0x0000000008000b44        0x4 C:/ST/STM32CubeIDE_1.13.2/STM32CubeIDE/plugins/com.st.stm32cube.ide.mcu.externaltools.gnu-tools-for-stm32.11.3.rel1.win32_1.1.1.202309131626/tools/bin/../lib/gcc/arm-none-eabi/11.3.1/thumb/v7e-m+fp/hard\libgcc.a(_dvmd_tls.o)
                0x0000000008000b44                __aeabi_idiv0
                0x0000000008000b44                __aeabi_ldiv0
 *(.text*)
 .text.spi1_beriRegister
                0x0000000008000b48       0x58 ./Core/Src/main.o
                0x0000000008000b48                spi1_beriRegister
 .text.spi1_pisiRegister
                0x0000000008000ba0       0x54 ./Core/Src/main.o
                0x0000000008000ba0                spi1_pisiRegister
 .text.spi1_beriRegistre
                0x0000000008000bf4       0x58 ./Core/Src/main.o
                0x0000000008000bf4                spi1_beriRegistre
 .text.initGyro
                0x0000000008000c4c       0x3e ./Core/Src/main.o
                0x0000000008000c4c                initGyro
 *fill*         0x0000000008000c8a        0x2 
 .text.i2c1_pisiRegister
                0x0000000008000c8c       0x44 ./Core/Src/main.o
                0x0000000008000c8c                i2c1_pisiRegister
 .text.i2c1_beriRegistre
                0x0000000008000cd0       0x5c ./Core/Src/main.o
                0x0000000008000cd0                i2c1_beriRegistre
 .text.initAccel
                0x0000000008000d2c       0x1c ./Core/Src/main.o
                0x0000000008000d2c                initAccel
 .text.TaskReadGyro
                0x0000000008000d48       0x84 ./Core/Src/main.o
                0x0000000008000d48                TaskReadGyro
 *fill*         0x0000000008000dcc        0x4 
 .text.TaskReadAccel
                0x0000000008000dd0      0x110 ./Core/Src/main.o
                0x0000000008000dd0                TaskReadAccel
 .text.TaskSendGyro
                0x0000000008000ee0       0x78 ./Core/Src/main.o
                0x0000000008000ee0                TaskSendGyro
 .text.TaskSendAccel
                0x0000000008000f58       0x6c ./Core/Src/main.o
                0x0000000008000f58                TaskSendAccel
 .text.main     0x0000000008000fc4      0x128 ./Core/Src/main.o
                0x0000000008000fc4                main
 .text.SystemClock_Config
                0x00000000080010ec       0xd0 ./Core/Src/main.o
                0x00000000080010ec                SystemClock_Config
 .text.MX_I2C1_Init
                0x00000000080011bc       0x60 ./Core/Src/main.o
 .text.MX_SPI1_Init
                0x000000000800121c       0x6c ./Core/Src/main.o
 .text.MX_USART2_UART_Init
                0x0000000008001288       0x54 ./Core/Src/main.o
 .text.MX_GPIO_Init
                0x00000000080012dc      0x23c ./Core/Src/main.o
 .text.StartDefaultTask
                0x0000000008001518       0x14 ./Core/Src/main.o
                0x0000000008001518                StartDefaultTask
 .text.HAL_TIM_PeriodElapsedCallback
                0x000000000800152c       0x24 ./Core/Src/main.o
                0x000000000800152c                HAL_TIM_PeriodElapsedCallback
 .text.Error_Handler
                0x0000000008001550        0xa ./Core/Src/main.o
                0x0000000008001550                Error_Handler
 *fill*         0x000000000800155a        0x2 
 .text.HAL_MspInit
                0x000000000800155c       0x58 ./Core/Src/stm32f4xx_hal_msp.o
                0x000000000800155c                HAL_MspInit
 .text.HAL_I2C_MspInit
                0x00000000080015b4       0x90 ./Core/Src/stm32f4xx_hal_msp.o
                0x00000000080015b4                HAL_I2C_MspInit
 .text.HAL_SPI_MspInit
                0x0000000008001644       0x90 ./Core/Src/stm32f4xx_hal_msp.o
                0x0000000008001644                HAL_SPI_MspInit
 .text.HAL_UART_MspInit
                0x00000000080016d4       0xa0 ./Core/Src/stm32f4xx_hal_msp.o
                0x00000000080016d4                HAL_UART_MspInit
 .text.HAL_InitTick
                0x0000000008001774       0xf8 ./Core/Src/stm32f4xx_hal_timebase_tim.o
                0x0000000008001774                HAL_InitTick
 .text.NMI_Handler
                0x000000000800186c        0x6 ./Core/Src/stm32f4xx_it.o
                0x000000000800186c                NMI_Handler
 .text.HardFault_Handler
                0x0000000008001872        0x6 ./Core/Src/stm32f4xx_it.o
                0x0000000008001872                HardFault_Handler
 .text.MemManage_Handler
                0x0000000008001878        0x6 ./Core/Src/stm32f4xx_it.o
                0x0000000008001878                MemManage_Handler
 .text.BusFault_Handler
                0x000000000800187e        0x6 ./Core/Src/stm32f4xx_it.o
                0x000000000800187e                BusFault_Handler
 .text.UsageFault_Handler
                0x0000000008001884        0x6 ./Core/Src/stm32f4xx_it.o
                0x0000000008001884                UsageFault_Handler
 .text.DebugMon_Handler
                0x000000000800188a        0xe ./Core/Src/stm32f4xx_it.o
                0x000000000800188a                DebugMon_Handler
 .text.TIM4_IRQHandler
                0x0000000008001898       0x14 ./Core/Src/stm32f4xx_it.o
                0x0000000008001898                TIM4_IRQHandler
 .text.USART2_IRQHandler
                0x00000000080018ac       0x78 ./Core/Src/stm32f4xx_it.o
                0x00000000080018ac                USART2_IRQHandler
 .text.OTG_FS_IRQHandler
                0x0000000008001924       0x14 ./Core/Src/stm32f4xx_it.o
                0x0000000008001924                OTG_FS_IRQHandler
 .text.SystemInit
                0x0000000008001938       0x24 ./Core/Src/system_stm32f4xx.o
                0x0000000008001938                SystemInit
 .text.Reset_Handler
                0x000000000800195c       0x50 ./Core/Startup/startup_stm32f411vetx.o
                0x000000000800195c                Reset_Handler
 .text.Default_Handler
                0x00000000080019ac        0x2 ./Core/Startup/startup_stm32f411vetx.o
                0x00000000080019ac                RTC_Alarm_IRQHandler
                0x00000000080019ac                EXTI2_IRQHandler
                0x00000000080019ac                SPI4_IRQHandler
                0x00000000080019ac                TIM1_CC_IRQHandler
                0x00000000080019ac                DMA2_Stream5_IRQHandler
                0x00000000080019ac                DMA1_Stream5_IRQHandler
                0x00000000080019ac                PVD_IRQHandler
                0x00000000080019ac                SDIO_IRQHandler
                0x00000000080019ac                TAMP_STAMP_IRQHandler
                0x00000000080019ac                EXTI3_IRQHandler
                0x00000000080019ac                TIM1_UP_TIM10_IRQHandler
                0x00000000080019ac                I2C3_ER_IRQHandler
                0x00000000080019ac                EXTI0_IRQHandler
                0x00000000080019ac                I2C2_EV_IRQHandler
                0x00000000080019ac                DMA1_Stream2_IRQHandler
                0x00000000080019ac                FPU_IRQHandler
                0x00000000080019ac                DMA2_Stream2_IRQHandler
                0x00000000080019ac                SPI1_IRQHandler
                0x00000000080019ac                TIM1_BRK_TIM9_IRQHandler
                0x00000000080019ac                DMA2_Stream3_IRQHandler
                0x00000000080019ac                USART6_IRQHandler
                0x00000000080019ac                DMA2_Stream0_IRQHandler
                0x00000000080019ac                I2C1_EV_IRQHandler
                0x00000000080019ac                DMA1_Stream6_IRQHandler
                0x00000000080019ac                DMA1_Stream1_IRQHandler
                0x00000000080019ac                TIM3_IRQHandler
                0x00000000080019ac                RCC_IRQHandler
                0x00000000080019ac                Default_Handler
                0x00000000080019ac                EXTI15_10_IRQHandler
                0x00000000080019ac                ADC_IRQHandler
                0x00000000080019ac                DMA1_Stream7_IRQHandler
                0x00000000080019ac                SPI5_IRQHandler
                0x00000000080019ac                TIM5_IRQHandler
                0x00000000080019ac                DMA2_Stream7_IRQHandler
                0x00000000080019ac                I2C3_EV_IRQHandler
                0x00000000080019ac                EXTI9_5_IRQHandler
                0x00000000080019ac                RTC_WKUP_IRQHandler
                0x00000000080019ac                SPI2_IRQHandler
                0x00000000080019ac                DMA1_Stream0_IRQHandler
                0x00000000080019ac                EXTI4_IRQHandler
                0x00000000080019ac                WWDG_IRQHandler
                0x00000000080019ac                TIM2_IRQHandler
                0x00000000080019ac                OTG_FS_WKUP_IRQHandler
                0x00000000080019ac                TIM1_TRG_COM_TIM11_IRQHandler
                0x00000000080019ac                EXTI1_IRQHandler
                0x00000000080019ac                I2C2_ER_IRQHandler
                0x00000000080019ac                DMA2_Stream1_IRQHandler
                0x00000000080019ac                FLASH_IRQHandler
                0x00000000080019ac                DMA2_Stream4_IRQHandler
                0x00000000080019ac                USART1_IRQHandler
                0x00000000080019ac                SPI3_IRQHandler
                0x00000000080019ac                DMA1_Stream4_IRQHandler
                0x00000000080019ac                I2C1_ER_IRQHandler
                0x00000000080019ac                DMA2_Stream6_IRQHandler
                0x00000000080019ac                DMA1_Stream3_IRQHandler
 *fill*         0x00000000080019ae        0x2 
 .text.HAL_Init
                0x00000000080019b0       0x44 ./Drivers/STM32F4xx_HAL_Driver/Src/stm32f4xx_hal.o
                0x00000000080019b0                HAL_Init
 .text.HAL_IncTick
                0x00000000080019f4       0x28 ./Drivers/STM32F4xx_HAL_Driver/Src/stm32f4xx_hal.o
                0x00000000080019f4                HAL_IncTick
 .text.HAL_GetTick
                0x0000000008001a1c       0x18 ./Drivers/STM32F4xx_HAL_Driver/Src/stm32f4xx_hal.o
                0x0000000008001a1c                HAL_GetTick
 .text.HAL_Delay
                0x0000000008001a34       0x48 ./Drivers/STM32F4xx_HAL_Driver/Src/stm32f4xx_hal.o
                0x0000000008001a34                HAL_Delay
 .text.__NVIC_SetPriorityGrouping
                0x0000000008001a7c       0x48 ./Drivers/STM32F4xx_HAL_Driver/Src/stm32f4xx_hal_cortex.o
 .text.__NVIC_GetPriorityGrouping
                0x0000000008001ac4       0x1c ./Drivers/STM32F4xx_HAL_Driver/Src/stm32f4xx_hal_cortex.o
 .text.__NVIC_EnableIRQ
                0x0000000008001ae0       0x3c ./Drivers/STM32F4xx_HAL_Driver/Src/stm32f4xx_hal_cortex.o
 .text.__NVIC_SetPriority
                0x0000000008001b1c       0x54 ./Drivers/STM32F4xx_HAL_Driver/Src/stm32f4xx_hal_cortex.o
 .text.NVIC_EncodePriority
                0x0000000008001b70       0x66 ./Drivers/STM32F4xx_HAL_Driver/Src/stm32f4xx_hal_cortex.o
 .text.HAL_NVIC_SetPriorityGrouping
                0x0000000008001bd6       0x16 ./Drivers/STM32F4xx_HAL_Driver/Src/stm32f4xx_hal_cortex.o
                0x0000000008001bd6                HAL_NVIC_SetPriorityGrouping
 .text.HAL_NVIC_SetPriority
                0x0000000008001bec       0x38 ./Drivers/STM32F4xx_HAL_Driver/Src/stm32f4xx_hal_cortex.o
                0x0000000008001bec                HAL_NVIC_SetPriority
 .text.HAL_NVIC_EnableIRQ
                0x0000000008001c24       0x1c ./Drivers/STM32F4xx_HAL_Driver/Src/stm32f4xx_hal_cortex.o
                0x0000000008001c24                HAL_NVIC_EnableIRQ
 .text.HAL_DMA_Abort
                0x0000000008001c40       0xe0 ./Drivers/STM32F4xx_HAL_Driver/Src/stm32f4xx_hal_dma.o
                0x0000000008001c40                HAL_DMA_Abort
 .text.HAL_DMA_Abort_IT
                0x0000000008001d20       0x44 ./Drivers/STM32F4xx_HAL_Driver/Src/stm32f4xx_hal_dma.o
                0x0000000008001d20                HAL_DMA_Abort_IT
 .text.HAL_GPIO_Init
                0x0000000008001d64      0x308 ./Drivers/STM32F4xx_HAL_Driver/Src/stm32f4xx_hal_gpio.o
                0x0000000008001d64                HAL_GPIO_Init
 .text.HAL_GPIO_WritePin
                0x000000000800206c       0x32 ./Drivers/STM32F4xx_HAL_Driver/Src/stm32f4xx_hal_gpio.o
                0x000000000800206c                HAL_GPIO_WritePin
 *fill*         0x000000000800209e        0x2 
 .text.HAL_I2C_Init
                0x00000000080020a0      0x288 ./Drivers/STM32F4xx_HAL_Driver/Src/stm32f4xx_hal_i2c.o
                0x00000000080020a0                HAL_I2C_Init
 .text.HAL_I2C_Mem_Write
                0x0000000008002328      0x1f4 ./Drivers/STM32F4xx_HAL_Driver/Src/stm32f4xx_hal_i2c.o
                0x0000000008002328                HAL_I2C_Mem_Write
 .text.HAL_I2C_Mem_Read
                0x000000000800251c      0x44c ./Drivers/STM32F4xx_HAL_Driver/Src/stm32f4xx_hal_i2c.o
                0x000000000800251c                HAL_I2C_Mem_Read
 .text.I2C_RequestMemoryWrite
                0x0000000008002968      0x12c ./Drivers/STM32F4xx_HAL_Driver/Src/stm32f4xx_hal_i2c.o
 .text.I2C_RequestMemoryRead
                0x0000000008002a94      0x1d0 ./Drivers/STM32F4xx_HAL_Driver/Src/stm32f4xx_hal_i2c.o
 .text.I2C_WaitOnFlagUntilTimeout
                0x0000000008002c64       0xae ./Drivers/STM32F4xx_HAL_Driver/Src/stm32f4xx_hal_i2c.o
 .text.I2C_WaitOnMasterAddressFlagUntilTimeout
                0x0000000008002d12       0xfe ./Drivers/STM32F4xx_HAL_Driver/Src/stm32f4xx_hal_i2c.o
 .text.I2C_WaitOnTXEFlagUntilTimeout
                0x0000000008002e10       0x82 ./Drivers/STM32F4xx_HAL_Driver/Src/stm32f4xx_hal_i2c.o
 .text.I2C_WaitOnBTFFlagUntilTimeout
                0x0000000008002e92       0x82 ./Drivers/STM32F4xx_HAL_Driver/Src/stm32f4xx_hal_i2c.o
 .text.I2C_WaitOnRXNEFlagUntilTimeout
                0x0000000008002f14       0xac ./Drivers/STM32F4xx_HAL_Driver/Src/stm32f4xx_hal_i2c.o
 .text.I2C_IsAcknowledgeFailed
                0x0000000008002fc0       0x5e ./Drivers/STM32F4xx_HAL_Driver/Src/stm32f4xx_hal_i2c.o
 .text.HAL_PCD_Init
                0x000000000800301e      0x23a ./Drivers/STM32F4xx_HAL_Driver/Src/stm32f4xx_hal_pcd.o
                0x000000000800301e                HAL_PCD_Init
 .text.HAL_PCD_Start
                0x0000000008003258       0x66 ./Drivers/STM32F4xx_HAL_Driver/Src/stm32f4xx_hal_pcd.o
                0x0000000008003258                HAL_PCD_Start
 .text.HAL_PCD_IRQHandler
                0x00000000080032be      0x93e ./Drivers/STM32F4xx_HAL_Driver/Src/stm32f4xx_hal_pcd.o
                0x00000000080032be                HAL_PCD_IRQHandler
 .text.HAL_PCD_SetAddress
                0x0000000008003bfc       0x4a ./Drivers/STM32F4xx_HAL_Driver/Src/stm32f4xx_hal_pcd.o
                0x0000000008003bfc                HAL_PCD_SetAddress
 .text.HAL_PCD_EP_Open
                0x0000000008003c46       0xd0 ./Drivers/STM32F4xx_HAL_Driver/Src/stm32f4xx_hal_pcd.o
                0x0000000008003c46                HAL_PCD_EP_Open
 .text.HAL_PCD_EP_Close
                0x0000000008003d16       0x94 ./Drivers/STM32F4xx_HAL_Driver/Src/stm32f4xx_hal_pcd.o
                0x0000000008003d16                HAL_PCD_EP_Close
 .text.HAL_PCD_EP_Receive
                0x0000000008003daa       0x96 ./Drivers/STM32F4xx_HAL_Driver/Src/stm32f4xx_hal_pcd.o
                0x0000000008003daa                HAL_PCD_EP_Receive
 .text.HAL_PCD_EP_GetRxCount
                0x0000000008003e40       0x30 ./Drivers/STM32F4xx_HAL_Driver/Src/stm32f4xx_hal_pcd.o
                0x0000000008003e40                HAL_PCD_EP_GetRxCount
 .text.HAL_PCD_EP_Transmit
                0x0000000008003e70       0x94 ./Drivers/STM32F4xx_HAL_Driver/Src/stm32f4xx_hal_pcd.o
                0x0000000008003e70                HAL_PCD_EP_Transmit
 .text.HAL_PCD_EP_SetStall
                0x0000000008003f04       0xc8 ./Drivers/STM32F4xx_HAL_Driver/Src/stm32f4xx_hal_pcd.o
                0x0000000008003f04                HAL_PCD_EP_SetStall
 .text.HAL_PCD_EP_ClrStall
                0x0000000008003fcc       0xac ./Drivers/STM32F4xx_HAL_Driver/Src/stm32f4xx_hal_pcd.o
                0x0000000008003fcc                HAL_PCD_EP_ClrStall
 .text.HAL_PCD_EP_Abort
                0x0000000008004078       0x62 ./Drivers/STM32F4xx_HAL_Driver/Src/stm32f4xx_hal_pcd.o
                0x0000000008004078                HAL_PCD_EP_Abort
 .text.PCD_WriteEmptyTxFifo
                0x00000000080040da      0x11a ./Drivers/STM32F4xx_HAL_Driver/Src/stm32f4xx_hal_pcd.o
 .text.PCD_EP_OutXfrComplete_int
                0x00000000080041f4      0x1d0 ./Drivers/STM32F4xx_HAL_Driver/Src/stm32f4xx_hal_pcd.o
 .text.PCD_EP_OutSetupPacket_int
                0x00000000080043c4       0x8c ./Drivers/STM32F4xx_HAL_Driver/Src/stm32f4xx_hal_pcd.o
 .text.HAL_PCDEx_SetTxFiFo
                0x0000000008004450       0x8e ./Drivers/STM32F4xx_HAL_Driver/Src/stm32f4xx_hal_pcd_ex.o
                0x0000000008004450                HAL_PCDEx_SetTxFiFo
 .text.HAL_PCDEx_SetRxFiFo
                0x00000000080044de       0x22 ./Drivers/STM32F4xx_HAL_Driver/Src/stm32f4xx_hal_pcd_ex.o
                0x00000000080044de                HAL_PCDEx_SetRxFiFo
 .text.HAL_PCDEx_LPM_Callback
                0x0000000008004500       0x18 ./Drivers/STM32F4xx_HAL_Driver/Src/stm32f4xx_hal_pcd_ex.o
                0x0000000008004500                HAL_PCDEx_LPM_Callback
 .text.HAL_RCC_OscConfig
                0x0000000008004518      0x4f0 ./Drivers/STM32F4xx_HAL_Driver/Src/stm32f4xx_hal_rcc.o
                0x0000000008004518                HAL_RCC_OscConfig
 .text.HAL_RCC_ClockConfig
                0x0000000008004a08      0x1cc ./Drivers/STM32F4xx_HAL_Driver/Src/stm32f4xx_hal_rcc.o
                0x0000000008004a08                HAL_RCC_ClockConfig
 .text.HAL_RCC_GetSysClockFreq
                0x0000000008004bd4      0x20c ./Drivers/STM32F4xx_HAL_Driver/Src/stm32f4xx_hal_rcc.o
                0x0000000008004bd4                HAL_RCC_GetSysClockFreq
 .text.HAL_RCC_GetHCLKFreq
                0x0000000008004de0       0x18 ./Drivers/STM32F4xx_HAL_Driver/Src/stm32f4xx_hal_rcc.o
                0x0000000008004de0                HAL_RCC_GetHCLKFreq
 .text.HAL_RCC_GetPCLK1Freq
                0x0000000008004df8       0x28 ./Drivers/STM32F4xx_HAL_Driver/Src/stm32f4xx_hal_rcc.o
                0x0000000008004df8                HAL_RCC_GetPCLK1Freq
 .text.HAL_RCC_GetPCLK2Freq
                0x0000000008004e20       0x28 ./Drivers/STM32F4xx_HAL_Driver/Src/stm32f4xx_hal_rcc.o
                0x0000000008004e20                HAL_RCC_GetPCLK2Freq
 .text.HAL_RCC_GetClockConfig
                0x0000000008004e48       0x64 ./Drivers/STM32F4xx_HAL_Driver/Src/stm32f4xx_hal_rcc.o
                0x0000000008004e48                HAL_RCC_GetClockConfig
 .text.HAL_SPI_Init
                0x0000000008004eac      0x112 ./Drivers/STM32F4xx_HAL_Driver/Src/stm32f4xx_hal_spi.o
                0x0000000008004eac                HAL_SPI_Init
 .text.HAL_SPI_Transmit
                0x0000000008004fbe      0x278 ./Drivers/STM32F4xx_HAL_Driver/Src/stm32f4xx_hal_spi.o
                0x0000000008004fbe                HAL_SPI_Transmit
 .text.HAL_SPI_Receive
                0x0000000008005236      0x222 ./Drivers/STM32F4xx_HAL_Driver/Src/stm32f4xx_hal_spi.o
                0x0000000008005236                HAL_SPI_Receive
 .text.HAL_SPI_TransmitReceive
                0x0000000008005458      0x344 ./Drivers/STM32F4xx_HAL_Driver/Src/stm32f4xx_hal_spi.o
                0x0000000008005458                HAL_SPI_TransmitReceive
 .text.SPI_WaitFlagStateUntilTimeout
                0x000000000800579c      0x110 ./Drivers/STM32F4xx_HAL_Driver/Src/stm32f4xx_hal_spi.o
 .text.SPI_EndRxTransaction
                0x00000000080058ac       0xca ./Drivers/STM32F4xx_HAL_Driver/Src/stm32f4xx_hal_spi.o
 *fill*         0x0000000008005976        0x2 
 .text.SPI_EndRxTxTransaction
                0x0000000008005978       0x84 ./Drivers/STM32F4xx_HAL_Driver/Src/stm32f4xx_hal_spi.o
 .text.HAL_TIM_Base_Init
                0x00000000080059fc       0x9e ./Drivers/STM32F4xx_HAL_Driver/Src/stm32f4xx_hal_tim.o
                0x00000000080059fc                HAL_TIM_Base_Init
 .text.HAL_TIM_Base_MspInit
                0x0000000008005a9a       0x14 ./Drivers/STM32F4xx_HAL_Driver/Src/stm32f4xx_hal_tim.o
                0x0000000008005a9a                HAL_TIM_Base_MspInit
 *fill*         0x0000000008005aae        0x2 
 .text.HAL_TIM_Base_Start_IT
                0x0000000008005ab0       0xc4 ./Drivers/STM32F4xx_HAL_Driver/Src/stm32f4xx_hal_tim.o
                0x0000000008005ab0                HAL_TIM_Base_Start_IT
 .text.HAL_TIM_IRQHandler
                0x0000000008005b74      0x210 ./Drivers/STM32F4xx_HAL_Driver/Src/stm32f4xx_hal_tim.o
                0x0000000008005b74                HAL_TIM_IRQHandler
 .text.HAL_TIM_OC_DelayElapsedCallback
                0x0000000008005d84       0x14 ./Drivers/STM32F4xx_HAL_Driver/Src/stm32f4xx_hal_tim.o
                0x0000000008005d84                HAL_TIM_OC_DelayElapsedCallback
 .text.HAL_TIM_IC_CaptureCallback
                0x0000000008005d98       0x14 ./Drivers/STM32F4xx_HAL_Driver/Src/stm32f4xx_hal_tim.o
                0x0000000008005d98                HAL_TIM_IC_CaptureCallback
 .text.HAL_TIM_PWM_PulseFinishedCallback
                0x0000000008005dac       0x14 ./Drivers/STM32F4xx_HAL_Driver/Src/stm32f4xx_hal_tim.o
                0x0000000008005dac                HAL_TIM_PWM_PulseFinishedCallback
 .text.HAL_TIM_TriggerCallback
                0x0000000008005dc0       0x14 ./Drivers/STM32F4xx_HAL_Driver/Src/stm32f4xx_hal_tim.o
                0x0000000008005dc0                HAL_TIM_TriggerCallback
 .text.TIM_Base_SetConfig
                0x0000000008005dd4      0x100 ./Drivers/STM32F4xx_HAL_Driver/Src/stm32f4xx_hal_tim.o
                0x0000000008005dd4                TIM_Base_SetConfig
 .text.HAL_TIMEx_CommutCallback
                0x0000000008005ed4       0x14 ./Drivers/STM32F4xx_HAL_Driver/Src/stm32f4xx_hal_tim_ex.o
                0x0000000008005ed4                HAL_TIMEx_CommutCallback
 .text.HAL_TIMEx_BreakCallback
                0x0000000008005ee8       0x14 ./Drivers/STM32F4xx_HAL_Driver/Src/stm32f4xx_hal_tim_ex.o
                0x0000000008005ee8                HAL_TIMEx_BreakCallback
 .text.HAL_UART_Init
                0x0000000008005efc       0x9a ./Drivers/STM32F4xx_HAL_Driver/Src/stm32f4xx_hal_uart.o
                0x0000000008005efc                HAL_UART_Init
 *fill*         0x0000000008005f96        0x2 
 .text.HAL_UART_IRQHandler
                0x0000000008005f98      0x51c ./Drivers/STM32F4xx_HAL_Driver/Src/stm32f4xx_hal_uart.o
                0x0000000008005f98                HAL_UART_IRQHandler
 .text.HAL_UART_TxCpltCallback
                0x00000000080064b4       0x14 ./Drivers/STM32F4xx_HAL_Driver/Src/stm32f4xx_hal_uart.o
                0x00000000080064b4                HAL_UART_TxCpltCallback
 .text.HAL_UART_RxCpltCallback
                0x00000000080064c8       0x14 ./Drivers/STM32F4xx_HAL_Driver/Src/stm32f4xx_hal_uart.o
                0x00000000080064c8                HAL_UART_RxCpltCallback
 .text.HAL_UART_ErrorCallback
                0x00000000080064dc       0x14 ./Drivers/STM32F4xx_HAL_Driver/Src/stm32f4xx_hal_uart.o
                0x00000000080064dc                HAL_UART_ErrorCallback
 .text.HAL_UARTEx_RxEventCallback
                0x00000000080064f0       0x18 ./Drivers/STM32F4xx_HAL_Driver/Src/stm32f4xx_hal_uart.o
                0x00000000080064f0                HAL_UARTEx_RxEventCallback
 .text.UART_EndRxTransfer
                0x0000000008006508       0xc6 ./Drivers/STM32F4xx_HAL_Driver/Src/stm32f4xx_hal_uart.o
 .text.UART_DMAAbortOnError
                0x00000000080065ce       0x28 ./Drivers/STM32F4xx_HAL_Driver/Src/stm32f4xx_hal_uart.o
 .text.UART_Transmit_IT
                0x00000000080065f6       0xa0 ./Drivers/STM32F4xx_HAL_Driver/Src/stm32f4xx_hal_uart.o
 .text.UART_EndTransmit_IT
                0x0000000008006696       0x30 ./Drivers/STM32F4xx_HAL_Driver/Src/stm32f4xx_hal_uart.o
 .text.UART_Receive_IT
                0x00000000080066c6      0x176 ./Drivers/STM32F4xx_HAL_Driver/Src/stm32f4xx_hal_uart.o
 .text.UART_SetConfig
                0x000000000800683c      0x4e8 ./Drivers/STM32F4xx_HAL_Driver/Src/stm32f4xx_hal_uart.o
 .text.USB_CoreInit
                0x0000000008006d24       0xc2 ./Drivers/STM32F4xx_HAL_Driver/Src/stm32f4xx_ll_usb.o
                0x0000000008006d24                USB_CoreInit
 *fill*         0x0000000008006de6        0x2 
 .text.USB_SetTurnaroundTime
                0x0000000008006de8      0x144 ./Drivers/STM32F4xx_HAL_Driver/Src/stm32f4xx_ll_usb.o
                0x0000000008006de8                USB_SetTurnaroundTime
 .text.USB_EnableGlobalInt
                0x0000000008006f2c       0x22 ./Drivers/STM32F4xx_HAL_Driver/Src/stm32f4xx_ll_usb.o
                0x0000000008006f2c                USB_EnableGlobalInt
 .text.USB_DisableGlobalInt
                0x0000000008006f4e       0x22 ./Drivers/STM32F4xx_HAL_Driver/Src/stm32f4xx_ll_usb.o
                0x0000000008006f4e                USB_DisableGlobalInt
 .text.USB_SetCurrentMode
                0x0000000008006f70       0x98 ./Drivers/STM32F4xx_HAL_Driver/Src/stm32f4xx_ll_usb.o
                0x0000000008006f70                USB_SetCurrentMode
 .text.USB_DevInit
                0x0000000008007008      0x2c8 ./Drivers/STM32F4xx_HAL_Driver/Src/stm32f4xx_ll_usb.o
                0x0000000008007008                USB_DevInit
 .text.USB_FlushTxFifo
                0x00000000080072d0       0x68 ./Drivers/STM32F4xx_HAL_Driver/Src/stm32f4xx_ll_usb.o
                0x00000000080072d0                USB_FlushTxFifo
 .text.USB_FlushRxFifo
                0x0000000008007338       0x60 ./Drivers/STM32F4xx_HAL_Driver/Src/stm32f4xx_ll_usb.o
                0x0000000008007338                USB_FlushRxFifo
 .text.USB_SetDevSpeed
                0x0000000008007398       0x32 ./Drivers/STM32F4xx_HAL_Driver/Src/stm32f4xx_ll_usb.o
                0x0000000008007398                USB_SetDevSpeed
 .text.USB_GetDevSpeed
                0x00000000080073ca       0x4a ./Drivers/STM32F4xx_HAL_Driver/Src/stm32f4xx_ll_usb.o
                0x00000000080073ca                USB_GetDevSpeed
 .text.USB_ActivateEndpoint
                0x0000000008007414      0x10e ./Drivers/STM32F4xx_HAL_Driver/Src/stm32f4xx_ll_usb.o
                0x0000000008007414                USB_ActivateEndpoint
 *fill*         0x0000000008007522        0x2 
 .text.USB_DeactivateEndpoint
                0x0000000008007524      0x1b8 ./Drivers/STM32F4xx_HAL_Driver/Src/stm32f4xx_ll_usb.o
                0x0000000008007524                USB_DeactivateEndpoint
 .text.USB_EPStartXfer
                0x00000000080076dc      0x490 ./Drivers/STM32F4xx_HAL_Driver/Src/stm32f4xx_ll_usb.o
                0x00000000080076dc                USB_EPStartXfer
 .text.USB_EP0StartXfer
                0x0000000008007b6c      0x2b0 ./Drivers/STM32F4xx_HAL_Driver/Src/stm32f4xx_ll_usb.o
                0x0000000008007b6c                USB_EP0StartXfer
 .text.USB_EPStopXfer
                0x0000000008007e1c      0x154 ./Drivers/STM32F4xx_HAL_Driver/Src/stm32f4xx_ll_usb.o
                0x0000000008007e1c                USB_EPStopXfer
 .text.USB_WritePacket
                0x0000000008007f70       0x7c ./Drivers/STM32F4xx_HAL_Driver/Src/stm32f4xx_ll_usb.o
                0x0000000008007f70                USB_WritePacket
 .text.USB_ReadPacket
                0x0000000008007fec       0xb0 ./Drivers/STM32F4xx_HAL_Driver/Src/stm32f4xx_ll_usb.o
                0x0000000008007fec                USB_ReadPacket
 .text.USB_EPSetStall
                0x000000000800809c       0xdc ./Drivers/STM32F4xx_HAL_Driver/Src/stm32f4xx_ll_usb.o
                0x000000000800809c                USB_EPSetStall
 .text.USB_EPClearStall
                0x0000000008008178       0xcc ./Drivers/STM32F4xx_HAL_Driver/Src/stm32f4xx_ll_usb.o
                0x0000000008008178                USB_EPClearStall
 .text.USB_SetDevAddress
                0x0000000008008244       0x4c ./Drivers/STM32F4xx_HAL_Driver/Src/stm32f4xx_ll_usb.o
                0x0000000008008244                USB_SetDevAddress
 .text.USB_DevConnect
                0x0000000008008290       0x42 ./Drivers/STM32F4xx_HAL_Driver/Src/stm32f4xx_ll_usb.o
                0x0000000008008290                USB_DevConnect
 .text.USB_DevDisconnect
                0x00000000080082d2       0x42 ./Drivers/STM32F4xx_HAL_Driver/Src/stm32f4xx_ll_usb.o
                0x00000000080082d2                USB_DevDisconnect
 .text.USB_ReadInterrupts
                0x0000000008008314       0x26 ./Drivers/STM32F4xx_HAL_Driver/Src/stm32f4xx_ll_usb.o
                0x0000000008008314                USB_ReadInterrupts
 .text.USB_ReadDevAllOutEpInterrupt
                0x000000000800833a       0x34 ./Drivers/STM32F4xx_HAL_Driver/Src/stm32f4xx_ll_usb.o
                0x000000000800833a                USB_ReadDevAllOutEpInterrupt
 .text.USB_ReadDevAllInEpInterrupt
                0x000000000800836e       0x34 ./Drivers/STM32F4xx_HAL_Driver/Src/stm32f4xx_ll_usb.o
                0x000000000800836e                USB_ReadDevAllInEpInterrupt
 .text.USB_ReadDevOutEPInterrupt
                0x00000000080083a2       0x3c ./Drivers/STM32F4xx_HAL_Driver/Src/stm32f4xx_ll_usb.o
                0x00000000080083a2                USB_ReadDevOutEPInterrupt
 .text.USB_ReadDevInEPInterrupt
                0x00000000080083de       0x5c ./Drivers/STM32F4xx_HAL_Driver/Src/stm32f4xx_ll_usb.o
                0x00000000080083de                USB_ReadDevInEPInterrupt
 .text.USB_GetMode
                0x000000000800843a       0x1c ./Drivers/STM32F4xx_HAL_Driver/Src/stm32f4xx_ll_usb.o
                0x000000000800843a                USB_GetMode
 .text.USB_ActivateSetup
                0x0000000008008456       0x46 ./Drivers/STM32F4xx_HAL_Driver/Src/stm32f4xx_ll_usb.o
                0x0000000008008456                USB_ActivateSetup
 .text.USB_EP0_OutStart
                0x000000000800849c       0xbc ./Drivers/STM32F4xx_HAL_Driver/Src/stm32f4xx_ll_usb.o
                0x000000000800849c                USB_EP0_OutStart
 .text.USB_CoreReset
                0x0000000008008558       0x68 ./Drivers/STM32F4xx_HAL_Driver/Src/stm32f4xx_ll_usb.o
 .text.USBD_CDC_Init
                0x00000000080085c0      0x1f0 ./Middlewares/ST/STM32_USB_Device_Library/Class/CDC/Src/usbd_cdc.o
 .text.USBD_CDC_DeInit
                0x00000000080087b0      0x104 ./Middlewares/ST/STM32_USB_Device_Library/Class/CDC/Src/usbd_cdc.o
 .text.USBD_CDC_Setup
                0x00000000080088b4      0x1b8 ./Middlewares/ST/STM32_USB_Device_Library/Class/CDC/Src/usbd_cdc.o
 .text.USBD_CDC_DataIn
                0x0000000008008a6c       0xfe ./Middlewares/ST/STM32_USB_Device_Library/Class/CDC/Src/usbd_cdc.o
 .text.USBD_CDC_DataOut
                0x0000000008008b6a       0x70 ./Middlewares/ST/STM32_USB_Device_Library/Class/CDC/Src/usbd_cdc.o
 .text.USBD_CDC_EP0_RxReady
                0x0000000008008bda       0x76 ./Middlewares/ST/STM32_USB_Device_Library/Class/CDC/Src/usbd_cdc.o
 .text.USBD_CDC_GetFSCfgDesc
                0x0000000008008c50       0x70 ./Middlewares/ST/STM32_USB_Device_Library/Class/CDC/Src/usbd_cdc.o
 .text.USBD_CDC_GetHSCfgDesc
                0x0000000008008cc0       0x70 ./Middlewares/ST/STM32_USB_Device_Library/Class/CDC/Src/usbd_cdc.o
 .text.USBD_CDC_GetOtherSpeedCfgDesc
                0x0000000008008d30       0x70 ./Middlewares/ST/STM32_USB_Device_Library/Class/CDC/Src/usbd_cdc.o
 .text.USBD_CDC_GetDeviceQualifierDescriptor
                0x0000000008008da0       0x20 ./Middlewares/ST/STM32_USB_Device_Library/Class/CDC/Src/usbd_cdc.o
                0x0000000008008da0                USBD_CDC_GetDeviceQualifierDescriptor
 .text.USBD_CDC_RegisterInterface
                0x0000000008008dc0       0x34 ./Middlewares/ST/STM32_USB_Device_Library/Class/CDC/Src/usbd_cdc.o
                0x0000000008008dc0                USBD_CDC_RegisterInterface
 .text.USBD_CDC_SetTxBuffer
                0x0000000008008df4       0x44 ./Middlewares/ST/STM32_USB_Device_Library/Class/CDC/Src/usbd_cdc.o
                0x0000000008008df4                USBD_CDC_SetTxBuffer
 .text.USBD_CDC_SetRxBuffer
                0x0000000008008e38       0x3a ./Middlewares/ST/STM32_USB_Device_Library/Class/CDC/Src/usbd_cdc.o
                0x0000000008008e38                USBD_CDC_SetRxBuffer
 *fill*         0x0000000008008e72        0x2 
 .text.USBD_CDC_TransmitPacket
                0x0000000008008e74       0x8c ./Middlewares/ST/STM32_USB_Device_Library/Class/CDC/Src/usbd_cdc.o
                0x0000000008008e74                USBD_CDC_TransmitPacket
 .text.USBD_CDC_ReceivePacket
                0x0000000008008f00       0x6c ./Middlewares/ST/STM32_USB_Device_Library/Class/CDC/Src/usbd_cdc.o
                0x0000000008008f00                USBD_CDC_ReceivePacket
 .text.USBD_Init
                0x0000000008008f6c       0x60 ./Middlewares/ST/STM32_USB_Device_Library/Core/Src/usbd_core.o
                0x0000000008008f6c                USBD_Init
 .text.USBD_RegisterClass
                0x0000000008008fcc       0x6c ./Middlewares/ST/STM32_USB_Device_Library/Core/Src/usbd_core.o
                0x0000000008008fcc                USBD_RegisterClass
 .text.USBD_Start
                0x0000000008009038       0x18 ./Middlewares/ST/STM32_USB_Device_Library/Core/Src/usbd_core.o
                0x0000000008009038                USBD_Start
 .text.USBD_RunTestMode
                0x0000000008009050       0x16 ./Middlewares/ST/STM32_USB_Device_Library/Core/Src/usbd_core.o
                0x0000000008009050                USBD_RunTestMode
 .text.USBD_SetClassConfig
                0x0000000008009066       0x38 ./Middlewares/ST/STM32_USB_Device_Library/Core/Src/usbd_core.o
                0x0000000008009066                USBD_SetClassConfig
 .text.USBD_ClrClassConfig
                0x000000000800909e       0x34 ./Middlewares/ST/STM32_USB_Device_Library/Core/Src/usbd_core.o
                0x000000000800909e                USBD_ClrClassConfig
 .text.USBD_LL_SetupStage
                0x00000000080090d2       0xaa ./Middlewares/ST/STM32_USB_Device_Library/Core/Src/usbd_core.o
                0x00000000080090d2                USBD_LL_SetupStage
 .text.USBD_LL_DataOutStage
                0x000000000800917c      0x166 ./Middlewares/ST/STM32_USB_Device_Library/Core/Src/usbd_core.o
                0x000000000800917c                USBD_LL_DataOutStage
 .text.USBD_LL_DataInStage
                0x00000000080092e2      0x164 ./Middlewares/ST/STM32_USB_Device_Library/Core/Src/usbd_core.o
                0x00000000080092e2                USBD_LL_DataInStage
 .text.USBD_LL_Reset
                0x0000000008009446       0xa4 ./Middlewares/ST/STM32_USB_Device_Library/Core/Src/usbd_core.o
                0x0000000008009446                USBD_LL_Reset
 .text.USBD_LL_SetSpeed
                0x00000000080094ea       0x20 ./Middlewares/ST/STM32_USB_Device_Library/Core/Src/usbd_core.o
                0x00000000080094ea                USBD_LL_SetSpeed
 .text.USBD_LL_Suspend
                0x000000000800950a       0x2c ./Middlewares/ST/STM32_USB_Device_Library/Core/Src/usbd_core.o
                0x000000000800950a                USBD_LL_Suspend
 .text.USBD_LL_Resume
                0x0000000008009536       0x30 ./Middlewares/ST/STM32_USB_Device_Library/Core/Src/usbd_core.o
                0x0000000008009536                USBD_LL_Resume
 .text.USBD_LL_SOF
                0x0000000008009566       0x40 ./Middlewares/ST/STM32_USB_Device_Library/Core/Src/usbd_core.o
                0x0000000008009566                USBD_LL_SOF
 .text.USBD_LL_IsoINIncomplete
                0x00000000080095a6       0x64 ./Middlewares/ST/STM32_USB_Device_Library/Core/Src/usbd_core.o
                0x00000000080095a6                USBD_LL_IsoINIncomplete
 .text.USBD_LL_IsoOUTIncomplete
                0x000000000800960a       0x64 ./Middlewares/ST/STM32_USB_Device_Library/Core/Src/usbd_core.o
                0x000000000800960a                USBD_LL_IsoOUTIncomplete
 .text.USBD_LL_DevConnected
                0x000000000800966e       0x16 ./Middlewares/ST/STM32_USB_Device_Library/Core/Src/usbd_core.o
                0x000000000800966e                USBD_LL_DevConnected
 .text.USBD_LL_DevDisconnected
                0x0000000008009684       0x46 ./Middlewares/ST/STM32_USB_Device_Library/Core/Src/usbd_core.o
                0x0000000008009684                USBD_LL_DevDisconnected
 .text.USBD_CoreFindIF
                0x00000000080096ca       0x1a ./Middlewares/ST/STM32_USB_Device_Library/Core/Src/usbd_core.o
                0x00000000080096ca                USBD_CoreFindIF
 .text.USBD_CoreFindEP
                0x00000000080096e4       0x1a ./Middlewares/ST/STM32_USB_Device_Library/Core/Src/usbd_core.o
                0x00000000080096e4                USBD_CoreFindEP
 .text.USBD_GetEpDesc
                0x00000000080096fe       0x74 ./Middlewares/ST/STM32_USB_Device_Library/Core/Src/usbd_core.o
                0x00000000080096fe                USBD_GetEpDesc
 .text.USBD_GetNextDesc
                0x0000000008009772       0x3a ./Middlewares/ST/STM32_USB_Device_Library/Core/Src/usbd_core.o
                0x0000000008009772                USBD_GetNextDesc
 .text.SWAPBYTE
                0x00000000080097ac       0x3c ./Middlewares/ST/STM32_USB_Device_Library/Core/Src/usbd_ctlreq.o
 .text.USBD_StdDevReq
                0x00000000080097e8       0xe4 ./Middlewares/ST/STM32_USB_Device_Library/Core/Src/usbd_ctlreq.o
                0x00000000080097e8                USBD_StdDevReq
 .text.USBD_StdItfReq
                0x00000000080098cc       0xd8 ./Middlewares/ST/STM32_USB_Device_Library/Core/Src/usbd_ctlreq.o
                0x00000000080098cc                USBD_StdItfReq
 .text.USBD_StdEPReq
                0x00000000080099a4      0x33a ./Middlewares/ST/STM32_USB_Device_Library/Core/Src/usbd_ctlreq.o
                0x00000000080099a4                USBD_StdEPReq
 *fill*         0x0000000008009cde        0x2 
 .text.USBD_GetDescriptor
                0x0000000008009ce0      0x2d4 ./Middlewares/ST/STM32_USB_Device_Library/Core/Src/usbd_ctlreq.o
 .text.USBD_SetAddress
                0x0000000008009fb4       0x88 ./Middlewares/ST/STM32_USB_Device_Library/Core/Src/usbd_ctlreq.o
 .text.USBD_SetConfig
                0x000000000800a03c      0x154 ./Middlewares/ST/STM32_USB_Device_Library/Core/Src/usbd_ctlreq.o
 .text.USBD_GetConfig
                0x000000000800a190       0x6c ./Middlewares/ST/STM32_USB_Device_Library/Core/Src/usbd_ctlreq.o
 .text.USBD_GetStatus
                0x000000000800a1fc       0x68 ./Middlewares/ST/STM32_USB_Device_Library/Core/Src/usbd_ctlreq.o
 .text.USBD_SetFeature
                0x000000000800a264       0x52 ./Middlewares/ST/STM32_USB_Device_Library/Core/Src/usbd_ctlreq.o
 .text.USBD_ClrFeature
                0x000000000800a2b6       0x44 ./Middlewares/ST/STM32_USB_Device_Library/Core/Src/usbd_ctlreq.o
 .text.USBD_ParseSetupRequest
                0x000000000800a2fa       0x74 ./Middlewares/ST/STM32_USB_Device_Library/Core/Src/usbd_ctlreq.o
                0x000000000800a2fa                USBD_ParseSetupRequest
 .text.USBD_CtlError
                0x000000000800a36e       0x22 ./Middlewares/ST/STM32_USB_Device_Library/Core/Src/usbd_ctlreq.o
                0x000000000800a36e                USBD_CtlError
 .text.USBD_GetString
                0x000000000800a390       0x8c ./Middlewares/ST/STM32_USB_Device_Library/Core/Src/usbd_ctlreq.o
                0x000000000800a390                USBD_GetString
 .text.USBD_GetLen
                0x000000000800a41c       0x34 ./Middlewares/ST/STM32_USB_Device_Library/Core/Src/usbd_ctlreq.o
 .text.USBD_CtlSendData
                0x000000000800a450       0x36 ./Middlewares/ST/STM32_USB_Device_Library/Core/Src/usbd_ioreq.o
                0x000000000800a450                USBD_CtlSendData
 .text.USBD_CtlContinueSendData
                0x000000000800a486       0x22 ./Middlewares/ST/STM32_USB_Device_Library/Core/Src/usbd_ioreq.o
                0x000000000800a486                USBD_CtlContinueSendData
 .text.USBD_CtlPrepareRx
                0x000000000800a4a8       0x3a ./Middlewares/ST/STM32_USB_Device_Library/Core/Src/usbd_ioreq.o
                0x000000000800a4a8                USBD_CtlPrepareRx
 .text.USBD_CtlContinueRx
                0x000000000800a4e2       0x22 ./Middlewares/ST/STM32_USB_Device_Library/Core/Src/usbd_ioreq.o
                0x000000000800a4e2                USBD_CtlContinueRx
 .text.USBD_CtlSendStatus
                0x000000000800a504       0x26 ./Middlewares/ST/STM32_USB_Device_Library/Core/Src/usbd_ioreq.o
                0x000000000800a504                USBD_CtlSendStatus
 .text.USBD_CtlReceiveStatus
                0x000000000800a52a       0x26 ./Middlewares/ST/STM32_USB_Device_Library/Core/Src/usbd_ioreq.o
                0x000000000800a52a                USBD_CtlReceiveStatus
 .text.__NVIC_SetPriority
                0x000000000800a550       0x54 ./Middlewares/Third_Party/FreeRTOS/Source/CMSIS_RTOS_V2/cmsis_os2.o
 .text.SysTick_Handler
                0x000000000800a5a4       0x20 ./Middlewares/Third_Party/FreeRTOS/Source/CMSIS_RTOS_V2/cmsis_os2.o
                0x000000000800a5a4                SysTick_Handler
 .text.SVC_Setup
                0x000000000800a5c4       0x12 ./Middlewares/Third_Party/FreeRTOS/Source/CMSIS_RTOS_V2/cmsis_os2.o
 *fill*         0x000000000800a5d6        0x2 
 .text.osKernelInitialize
                0x000000000800a5d8       0x48 ./Middlewares/Third_Party/FreeRTOS/Source/CMSIS_RTOS_V2/cmsis_os2.o
                0x000000000800a5d8                osKernelInitialize
 .text.osKernelStart
                0x000000000800a620       0x4c ./Middlewares/Third_Party/FreeRTOS/Source/CMSIS_RTOS_V2/cmsis_os2.o
                0x000000000800a620                osKernelStart
 .text.osThreadNew
                0x000000000800a66c      0x124 ./Middlewares/Third_Party/FreeRTOS/Source/CMSIS_RTOS_V2/cmsis_os2.o
                0x000000000800a66c                osThreadNew
 .text.osDelay  0x000000000800a790       0x36 ./Middlewares/Third_Party/FreeRTOS/Source/CMSIS_RTOS_V2/cmsis_os2.o
                0x000000000800a790                osDelay
 *fill*         0x000000000800a7c6        0x2 
 .text.vApplicationGetIdleTaskMemory
                0x000000000800a7c8       0x34 ./Middlewares/Third_Party/FreeRTOS/Source/CMSIS_RTOS_V2/cmsis_os2.o
                0x000000000800a7c8                vApplicationGetIdleTaskMemory
 .text.vApplicationGetTimerTaskMemory
                0x000000000800a7fc       0x34 ./Middlewares/Third_Party/FreeRTOS/Source/CMSIS_RTOS_V2/cmsis_os2.o
                0x000000000800a7fc                vApplicationGetTimerTaskMemory
 .text.xEventGroupCreate
                0x000000000800a830       0x34 ./Middlewares/Third_Party/FreeRTOS/Source/event_groups.o
                0x000000000800a830                xEventGroupCreate
 .text.xEventGroupWaitBits
                0x000000000800a864      0x19c ./Middlewares/Third_Party/FreeRTOS/Source/event_groups.o
                0x000000000800a864                xEventGroupWaitBits
 .text.xEventGroupSetBits
                0x000000000800aa00      0x116 ./Middlewares/Third_Party/FreeRTOS/Source/event_groups.o
                0x000000000800aa00                xEventGroupSetBits
 .text.prvTestWaitCondition
                0x000000000800ab16       0x44 ./Middlewares/Third_Party/FreeRTOS/Source/event_groups.o
 .text.vListInitialise
                0x000000000800ab5a       0x40 ./Middlewares/Third_Party/FreeRTOS/Source/list.o
                0x000000000800ab5a                vListInitialise
 .text.vListInitialiseItem
                0x000000000800ab9a       0x1a ./Middlewares/Third_Party/FreeRTOS/Source/list.o
                0x000000000800ab9a                vListInitialiseItem
 .text.vListInsertEnd
                0x000000000800abb4       0x48 ./Middlewares/Third_Party/FreeRTOS/Source/list.o
                0x000000000800abb4                vListInsertEnd
 .text.vListInsert
                0x000000000800abfc       0x72 ./Middlewares/Third_Party/FreeRTOS/Source/list.o
                0x000000000800abfc                vListInsert
 .text.uxListRemove
                0x000000000800ac6e       0x54 ./Middlewares/Third_Party/FreeRTOS/Source/list.o
                0x000000000800ac6e                uxListRemove
 *fill*         0x000000000800acc2        0x2 
 .text.xQueueGenericReset
                0x000000000800acc4       0xd0 ./Middlewares/Third_Party/FreeRTOS/Source/queue.o
                0x000000000800acc4                xQueueGenericReset
 .text.xQueueGenericCreateStatic
                0x000000000800ad94       0xf0 ./Middlewares/Third_Party/FreeRTOS/Source/queue.o
                0x000000000800ad94                xQueueGenericCreateStatic
 .text.xQueueGenericCreate
                0x000000000800ae84       0x74 ./Middlewares/Third_Party/FreeRTOS/Source/queue.o
                0x000000000800ae84                xQueueGenericCreate
 .text.prvInitialiseNewQueue
                0x000000000800aef8       0x46 ./Middlewares/Third_Party/FreeRTOS/Source/queue.o
 *fill*         0x000000000800af3e        0x2 
 .text.xQueueGenericSend
                0x000000000800af40      0x1fc ./Middlewares/Third_Party/FreeRTOS/Source/queue.o
                0x000000000800af40                xQueueGenericSend
 .text.xQueueGenericSendFromISR
                0x000000000800b13c      0x136 ./Middlewares/Third_Party/FreeRTOS/Source/queue.o
                0x000000000800b13c                xQueueGenericSendFromISR
 *fill*         0x000000000800b272        0x2 
 .text.xQueueReceive
                0x000000000800b274      0x1c0 ./Middlewares/Third_Party/FreeRTOS/Source/queue.o
                0x000000000800b274                xQueueReceive
 .text.prvCopyDataToQueue
                0x000000000800b434       0xd4 ./Middlewares/Third_Party/FreeRTOS/Source/queue.o
 .text.prvCopyDataFromQueue
                0x000000000800b508       0x4c ./Middlewares/Third_Party/FreeRTOS/Source/queue.o
 .text.prvUnlockQueue
                0x000000000800b554       0xa4 ./Middlewares/Third_Party/FreeRTOS/Source/queue.o
 .text.prvIsQueueEmpty
                0x000000000800b5f8       0x2c ./Middlewares/Third_Party/FreeRTOS/Source/queue.o
 .text.prvIsQueueFull
                0x000000000800b624       0x30 ./Middlewares/Third_Party/FreeRTOS/Source/queue.o
 .text.vQueueAddToRegistry
                0x000000000800b654       0x54 ./Middlewares/Third_Party/FreeRTOS/Source/queue.o
                0x000000000800b654                vQueueAddToRegistry
 .text.vQueueWaitForMessageRestricted
                0x000000000800b6a8       0x68 ./Middlewares/Third_Party/FreeRTOS/Source/queue.o
                0x000000000800b6a8                vQueueWaitForMessageRestricted
 .text.xTaskCreateStatic
                0x000000000800b710       0xba ./Middlewares/Third_Party/FreeRTOS/Source/tasks.o
                0x000000000800b710                xTaskCreateStatic
 .text.xTaskCreate
                0x000000000800b7ca       0x8a ./Middlewares/Third_Party/FreeRTOS/Source/tasks.o
                0x000000000800b7ca                xTaskCreate
 .text.prvInitialiseNewTask
                0x000000000800b854      0x14c ./Middlewares/Third_Party/FreeRTOS/Source/tasks.o
 .text.prvAddNewTaskToReadyList
                0x000000000800b9a0       0xe0 ./Middlewares/Third_Party/FreeRTOS/Source/tasks.o
 .text.vTaskDelay
                0x000000000800ba80       0x68 ./Middlewares/Third_Party/FreeRTOS/Source/tasks.o
                0x000000000800ba80                vTaskDelay
 .text.vTaskStartScheduler
                0x000000000800bae8       0xe0 ./Middlewares/Third_Party/FreeRTOS/Source/tasks.o
                0x000000000800bae8                vTaskStartScheduler
 .text.vTaskSuspendAll
                0x000000000800bbc8       0x1c ./Middlewares/Third_Party/FreeRTOS/Source/tasks.o
                0x000000000800bbc8                vTaskSuspendAll
 .text.xTaskResumeAll
                0x000000000800bbe4      0x13c ./Middlewares/Third_Party/FreeRTOS/Source/tasks.o
                0x000000000800bbe4                xTaskResumeAll
 .text.xTaskGetTickCount
                0x000000000800bd20       0x20 ./Middlewares/Third_Party/FreeRTOS/Source/tasks.o
                0x000000000800bd20                xTaskGetTickCount
 .text.xTaskIncrementTick
                0x000000000800bd40      0x174 ./Middlewares/Third_Party/FreeRTOS/Source/tasks.o
                0x000000000800bd40                xTaskIncrementTick
 .text.vTaskSwitchContext
                0x000000000800beb4       0xc8 ./Middlewares/Third_Party/FreeRTOS/Source/tasks.o
                0x000000000800beb4                vTaskSwitchContext
 .text.vTaskPlaceOnEventList
                0x000000000800bf7c       0x48 ./Middlewares/Third_Party/FreeRTOS/Source/tasks.o
                0x000000000800bf7c                vTaskPlaceOnEventList
 .text.vTaskPlaceOnUnorderedEventList
                0x000000000800bfc4       0x78 ./Middlewares/Third_Party/FreeRTOS/Source/tasks.o
                0x000000000800bfc4                vTaskPlaceOnUnorderedEventList
 .text.vTaskPlaceOnEventListRestricted
                0x000000000800c03c       0x58 ./Middlewares/Third_Party/FreeRTOS/Source/tasks.o
                0x000000000800c03c                vTaskPlaceOnEventListRestricted
 .text.xTaskRemoveFromEventList
                0x000000000800c094       0xc8 ./Middlewares/Third_Party/FreeRTOS/Source/tasks.o
                0x000000000800c094                xTaskRemoveFromEventList
 .text.vTaskRemoveFromUnorderedEventList
                0x000000000800c15c       0xc4 ./Middlewares/Third_Party/FreeRTOS/Source/tasks.o
                0x000000000800c15c                vTaskRemoveFromUnorderedEventList
 .text.vTaskInternalSetTimeOutState
                0x000000000800c220       0x2c ./Middlewares/Third_Party/FreeRTOS/Source/tasks.o
                0x000000000800c220                vTaskInternalSetTimeOutState
 .text.xTaskCheckForTimeOut
                0x000000000800c24c       0xc4 ./Middlewares/Third_Party/FreeRTOS/Source/tasks.o
                0x000000000800c24c                xTaskCheckForTimeOut
 .text.vTaskMissedYield
                0x000000000800c310       0x18 ./Middlewares/Third_Party/FreeRTOS/Source/tasks.o
                0x000000000800c310                vTaskMissedYield
 .text.prvIdleTask
                0x000000000800c328       0x30 ./Middlewares/Third_Party/FreeRTOS/Source/tasks.o
 .text.prvInitialiseTaskLists
                0x000000000800c358       0x80 ./Middlewares/Third_Party/FreeRTOS/Source/tasks.o
 .text.prvCheckTasksWaitingTermination
                0x000000000800c3d8       0x5c ./Middlewares/Third_Party/FreeRTOS/Source/tasks.o
 .text.prvDeleteTCB
                0x000000000800c434       0x68 ./Middlewares/Third_Party/FreeRTOS/Source/tasks.o
 .text.prvResetNextTaskUnblockTime
                0x000000000800c49c       0x40 ./Middlewares/Third_Party/FreeRTOS/Source/tasks.o
 .text.xTaskGetSchedulerState
                0x000000000800c4dc       0x3c ./Middlewares/Third_Party/FreeRTOS/Source/tasks.o
                0x000000000800c4dc                xTaskGetSchedulerState
 .text.xTaskPriorityDisinherit
                0x000000000800c518       0xdc ./Middlewares/Third_Party/FreeRTOS/Source/tasks.o
                0x000000000800c518                xTaskPriorityDisinherit
 .text.uxTaskResetEventItemValue
                0x000000000800c5f4       0x30 ./Middlewares/Third_Party/FreeRTOS/Source/tasks.o
                0x000000000800c5f4                uxTaskResetEventItemValue
 .text.xTaskGenericNotifyFromISR
                0x000000000800c624      0x1c8 ./Middlewares/Third_Party/FreeRTOS/Source/tasks.o
                0x000000000800c624                xTaskGenericNotifyFromISR
 .text.prvAddCurrentTaskToDelayedList
                0x000000000800c7ec       0xa8 ./Middlewares/Third_Party/FreeRTOS/Source/tasks.o
 .text.xTimerCreateTimerTask
                0x000000000800c894       0x90 ./Middlewares/Third_Party/FreeRTOS/Source/timers.o
                0x000000000800c894                xTimerCreateTimerTask
 .text.xTimerGenericCommand
                0x000000000800c924       0x9c ./Middlewares/Third_Party/FreeRTOS/Source/timers.o
                0x000000000800c924                xTimerGenericCommand
 .text.prvProcessExpiredTimer
                0x000000000800c9c0       0x98 ./Middlewares/Third_Party/FreeRTOS/Source/timers.o
 .text.prvTimerTask
                0x000000000800ca58       0x24 ./Middlewares/Third_Party/FreeRTOS/Source/timers.o
 .text.prvProcessTimerOrBlockTask
                0x000000000800ca7c       0x9c ./Middlewares/Third_Party/FreeRTOS/Source/timers.o
 .text.prvGetNextExpireTime
                0x000000000800cb18       0x48 ./Middlewares/Third_Party/FreeRTOS/Source/timers.o
 .text.prvSampleTimeNow
                0x000000000800cb60       0x40 ./Middlewares/Third_Party/FreeRTOS/Source/timers.o
 .text.prvInsertTimerInActiveList
                0x000000000800cba0       0x84 ./Middlewares/Third_Party/FreeRTOS/Source/timers.o
 .text.prvProcessReceivedCommands
                0x000000000800cc24      0x1c4 ./Middlewares/Third_Party/FreeRTOS/Source/timers.o
 .text.prvSwitchTimerLists
                0x000000000800cde8       0xc8 ./Middlewares/Third_Party/FreeRTOS/Source/timers.o
 .text.prvCheckForValidListAndQueue
                0x000000000800ceb0       0x80 ./Middlewares/Third_Party/FreeRTOS/Source/timers.o
 .text.pxPortInitialiseStack
                0x000000000800cf30       0x68 ./Middlewares/Third_Party/FreeRTOS/Source/portable/GCC/ARM_CM4F/port.o
                0x000000000800cf30                pxPortInitialiseStack
 .text.prvTaskExitError
                0x000000000800cf98       0x58 ./Middlewares/Third_Party/FreeRTOS/Source/portable/GCC/ARM_CM4F/port.o
 .text.SVC_Handler
                0x000000000800cff0       0x28 ./Middlewares/Third_Party/FreeRTOS/Source/portable/GCC/ARM_CM4F/port.o
                0x000000000800cff0                SVC_Handler
 .text.prvPortStartFirstTask
                0x000000000800d018       0x28 ./Middlewares/Third_Party/FreeRTOS/Source/portable/GCC/ARM_CM4F/port.o
 .text.xPortStartScheduler
                0x000000000800d040      0x144 ./Middlewares/Third_Party/FreeRTOS/Source/portable/GCC/ARM_CM4F/port.o
                0x000000000800d040                xPortStartScheduler
 .text.vPortEnterCritical
                0x000000000800d184       0x60 ./Middlewares/Third_Party/FreeRTOS/Source/portable/GCC/ARM_CM4F/port.o
                0x000000000800d184                vPortEnterCritical
 .text.vPortExitCritical
                0x000000000800d1e4       0x54 ./Middlewares/Third_Party/FreeRTOS/Source/portable/GCC/ARM_CM4F/port.o
                0x000000000800d1e4                vPortExitCritical
 *fill*         0x000000000800d238        0x8 
 .text.PendSV_Handler
                0x000000000800d240       0x68 ./Middlewares/Third_Party/FreeRTOS/Source/portable/GCC/ARM_CM4F/port.o
                0x000000000800d240                PendSV_Handler
 .text.xPortSysTickHandler
                0x000000000800d2a8       0x44 ./Middlewares/Third_Party/FreeRTOS/Source/portable/GCC/ARM_CM4F/port.o
                0x000000000800d2a8                xPortSysTickHandler
 .text.vPortSetupTimerInterrupt
                0x000000000800d2ec       0x48 ./Middlewares/Third_Party/FreeRTOS/Source/portable/GCC/ARM_CM4F/port.o
                0x000000000800d2ec                vPortSetupTimerInterrupt
 .text.vPortEnableVFP
                0x000000000800d334       0x14 ./Middlewares/Third_Party/FreeRTOS/Source/portable/GCC/ARM_CM4F/port.o
 .text.vPortValidateInterruptPriority
                0x000000000800d348       0x80 ./Middlewares/Third_Party/FreeRTOS/Source/portable/GCC/ARM_CM4F/port.o
                0x000000000800d348                vPortValidateInterruptPriority
 .text.pvPortMalloc
                0x000000000800d3c8      0x198 ./Middlewares/Third_Party/FreeRTOS/Source/portable/MemMang/heap_4.o
                0x000000000800d3c8                pvPortMalloc
 .text.vPortFree
                0x000000000800d560       0xc4 ./Middlewares/Third_Party/FreeRTOS/Source/portable/MemMang/heap_4.o
                0x000000000800d560                vPortFree
 .text.prvHeapInit
                0x000000000800d624       0xc4 ./Middlewares/Third_Party/FreeRTOS/Source/portable/MemMang/heap_4.o
 .text.prvInsertBlockIntoFreeList
                0x000000000800d6e8       0xb4 ./Middlewares/Third_Party/FreeRTOS/Source/portable/MemMang/heap_4.o
 .text.rx_queue_put
                0x000000000800d79c       0x44 ./STM32F4xx_ESP32_firmware-main/Src/usart_rx_queue.o
                0x000000000800d79c                rx_queue_put
 .text.count    0x000000000800d7e0       0x3c ./STM32F4xx_ESP32_firmware-main/Src/usart_rx_queue.o
                0x000000000800d7e0                count
 .text.getTaskHandle
                0x000000000800d81c       0x18 ./STM32F4xx_ESP32_firmware-main/Src/usart_rx_queue.o
                0x000000000800d81c                getTaskHandle
 .text.MX_USB_DEVICE_Init
                0x000000000800d834       0x60 ./USB_DEVICE/App/usb_device.o
                0x000000000800d834                MX_USB_DEVICE_Init
 .text.CDC_Init_FS
                0x000000000800d894       0x28 ./USB_DEVICE/App/usbd_cdc_if.o
 .text.CDC_DeInit_FS
                0x000000000800d8bc       0x10 ./USB_DEVICE/App/usbd_cdc_if.o
 .text.CDC_Control_FS
                0x000000000800d8cc       0xbc ./USB_DEVICE/App/usbd_cdc_if.o
 .text.CDC_Receive_FS
                0x000000000800d988       0x28 ./USB_DEVICE/App/usbd_cdc_if.o
 .text.CDC_Transmit_FS
                0x000000000800d9b0       0x4c ./USB_DEVICE/App/usbd_cdc_if.o
                0x000000000800d9b0                CDC_Transmit_FS
 .text.CDC_TransmitCplt_FS
                0x000000000800d9fc       0x22 ./USB_DEVICE/App/usbd_cdc_if.o
 *fill*         0x000000000800da1e        0x2 
 .text.USBD_FS_DeviceDescriptor
                0x000000000800da20       0x24 ./USB_DEVICE/App/usbd_desc.o
                0x000000000800da20                USBD_FS_DeviceDescriptor
 .text.USBD_FS_LangIDStrDescriptor
                0x000000000800da44       0x24 ./USB_DEVICE/App/usbd_desc.o
                0x000000000800da44                USBD_FS_LangIDStrDescriptor
 .text.USBD_FS_ProductStrDescriptor
                0x000000000800da68       0x3c ./USB_DEVICE/App/usbd_desc.o
                0x000000000800da68                USBD_FS_ProductStrDescriptor
 .text.USBD_FS_ManufacturerStrDescriptor
                0x000000000800daa4       0x28 ./USB_DEVICE/App/usbd_desc.o
                0x000000000800daa4                USBD_FS_ManufacturerStrDescriptor
 .text.USBD_FS_SerialStrDescriptor
                0x000000000800dacc       0x24 ./USB_DEVICE/App/usbd_desc.o
                0x000000000800dacc                USBD_FS_SerialStrDescriptor
 .text.USBD_FS_ConfigStrDescriptor
                0x000000000800daf0       0x3c ./USB_DEVICE/App/usbd_desc.o
                0x000000000800daf0                USBD_FS_ConfigStrDescriptor
 .text.USBD_FS_InterfaceStrDescriptor
                0x000000000800db2c       0x3c ./USB_DEVICE/App/usbd_desc.o
                0x000000000800db2c                USBD_FS_InterfaceStrDescriptor
 .text.Get_SerialNum
                0x000000000800db68       0x58 ./USB_DEVICE/App/usbd_desc.o
 .text.IntToUnicode
                0x000000000800dbc0       0x7e ./USB_DEVICE/App/usbd_desc.o
 *fill*         0x000000000800dc3e        0x2 
 .text.HAL_PCD_MspInit
                0x000000000800dc40       0xc4 ./USB_DEVICE/Target/usbd_conf.o
                0x000000000800dc40                HAL_PCD_MspInit
 .text.HAL_PCD_SetupStageCallback
                0x000000000800dd04       0x24 ./USB_DEVICE/Target/usbd_conf.o
                0x000000000800dd04                HAL_PCD_SetupStageCallback
 .text.HAL_PCD_DataOutStageCallback
                0x000000000800dd28       0x36 ./USB_DEVICE/Target/usbd_conf.o
                0x000000000800dd28                HAL_PCD_DataOutStageCallback
 .text.HAL_PCD_DataInStageCallback
                0x000000000800dd5e       0x34 ./USB_DEVICE/Target/usbd_conf.o
                0x000000000800dd5e                HAL_PCD_DataInStageCallback
 .text.HAL_PCD_SOFCallback
                0x000000000800dd92       0x1c ./USB_DEVICE/Target/usbd_conf.o
                0x000000000800dd92                HAL_PCD_SOFCallback
 .text.HAL_PCD_ResetCallback
                0x000000000800ddae       0x3c ./USB_DEVICE/Target/usbd_conf.o
                0x000000000800ddae                HAL_PCD_ResetCallback
 *fill*         0x000000000800ddea        0x2 
 .text.HAL_PCD_SuspendCallback
                0x000000000800ddec       0x4c ./USB_DEVICE/Target/usbd_conf.o
                0x000000000800ddec                HAL_PCD_SuspendCallback
 .text.HAL_PCD_ResumeCallback
                0x000000000800de38       0x1c ./USB_DEVICE/Target/usbd_conf.o
                0x000000000800de38                HAL_PCD_ResumeCallback
 .text.HAL_PCD_ISOOUTIncompleteCallback
                0x000000000800de54       0x24 ./USB_DEVICE/Target/usbd_conf.o
                0x000000000800de54                HAL_PCD_ISOOUTIncompleteCallback
 .text.HAL_PCD_ISOINIncompleteCallback
                0x000000000800de78       0x24 ./USB_DEVICE/Target/usbd_conf.o
                0x000000000800de78                HAL_PCD_ISOINIncompleteCallback
 .text.HAL_PCD_ConnectCallback
                0x000000000800de9c       0x1c ./USB_DEVICE/Target/usbd_conf.o
                0x000000000800de9c                HAL_PCD_ConnectCallback
 .text.HAL_PCD_DisconnectCallback
                0x000000000800deb8       0x1c ./USB_DEVICE/Target/usbd_conf.o
                0x000000000800deb8                HAL_PCD_DisconnectCallback
 .text.USBD_LL_Init
                0x000000000800ded4       0x98 ./USB_DEVICE/Target/usbd_conf.o
                0x000000000800ded4                USBD_LL_Init
 .text.USBD_LL_Start
                0x000000000800df6c       0x36 ./USB_DEVICE/Target/usbd_conf.o
                0x000000000800df6c                USBD_LL_Start
 .text.USBD_LL_OpenEP
                0x000000000800dfa2       0x4c ./USB_DEVICE/Target/usbd_conf.o
                0x000000000800dfa2                USBD_LL_OpenEP
 .text.USBD_LL_CloseEP
                0x000000000800dfee       0x3e ./USB_DEVICE/Target/usbd_conf.o
                0x000000000800dfee                USBD_LL_CloseEP
 .text.USBD_LL_StallEP
                0x000000000800e02c       0x3e ./USB_DEVICE/Target/usbd_conf.o
                0x000000000800e02c                USBD_LL_StallEP
 .text.USBD_LL_ClearStallEP
                0x000000000800e06a       0x3e ./USB_DEVICE/Target/usbd_conf.o
                0x000000000800e06a                USBD_LL_ClearStallEP
 .text.USBD_LL_IsStallEP
                0x000000000800e0a8       0x58 ./USB_DEVICE/Target/usbd_conf.o
                0x000000000800e0a8                USBD_LL_IsStallEP
 .text.USBD_LL_SetUSBAddress
                0x000000000800e100       0x3e ./USB_DEVICE/Target/usbd_conf.o
                0x000000000800e100                USBD_LL_SetUSBAddress
 .text.USBD_LL_Transmit
                0x000000000800e13e       0x42 ./USB_DEVICE/Target/usbd_conf.o
                0x000000000800e13e                USBD_LL_Transmit
 .text.USBD_LL_PrepareReceive
                0x000000000800e180       0x42 ./USB_DEVICE/Target/usbd_conf.o
                0x000000000800e180                USBD_LL_PrepareReceive
 .text.USBD_LL_GetRxDataSize
                0x000000000800e1c2       0x26 ./USB_DEVICE/Target/usbd_conf.o
                0x000000000800e1c2                USBD_LL_GetRxDataSize
 .text.USBD_static_malloc
                0x000000000800e1e8       0x1c ./USB_DEVICE/Target/usbd_conf.o
                0x000000000800e1e8                USBD_static_malloc
 .text.USBD_static_free
                0x000000000800e204       0x14 ./USB_DEVICE/Target/usbd_conf.o
                0x000000000800e204                USBD_static_free
 .text.USBD_Get_USB_Status
                0x000000000800e218       0x58 ./USB_DEVICE/Target/usbd_conf.o
                0x000000000800e218                USBD_Get_USB_Status
 .text.memset   0x000000000800e270       0x10 C:/ST/STM32CubeIDE_1.13.2/STM32CubeIDE/plugins/com.st.stm32cube.ide.mcu.externaltools.gnu-tools-for-stm32.11.3.rel1.win32_1.1.1.202309131626/tools/bin/../lib/gcc/arm-none-eabi/11.3.1/../../../../arm-none-eabi/lib/thumb/v7e-m+fp/hard\libc_nano.a(libc_a-memset.o)
                0x000000000800e270                memset
 .text._reclaim_reent
                0x000000000800e280       0xac C:/ST/STM32CubeIDE_1.13.2/STM32CubeIDE/plugins/com.st.stm32cube.ide.mcu.externaltools.gnu-tools-for-stm32.11.3.rel1.win32_1.1.1.202309131626/tools/bin/../lib/gcc/arm-none-eabi/11.3.1/../../../../arm-none-eabi/lib/thumb/v7e-m+fp/hard\libc_nano.a(libc_a-reent.o)
                0x000000000800e280                _reclaim_reent
 .text.__libc_init_array
                0x000000000800e32c       0x48 C:/ST/STM32CubeIDE_1.13.2/STM32CubeIDE/plugins/com.st.stm32cube.ide.mcu.externaltools.gnu-tools-for-stm32.11.3.rel1.win32_1.1.1.202309131626/tools/bin/../lib/gcc/arm-none-eabi/11.3.1/../../../../arm-none-eabi/lib/thumb/v7e-m+fp/hard\libc_nano.a(libc_a-init.o)
                0x000000000800e32c                __libc_init_array
 .text.__retarget_lock_acquire_recursive
                0x000000000800e374        0x2 C:/ST/STM32CubeIDE_1.13.2/STM32CubeIDE/plugins/com.st.stm32cube.ide.mcu.externaltools.gnu-tools-for-stm32.11.3.rel1.win32_1.1.1.202309131626/tools/bin/../lib/gcc/arm-none-eabi/11.3.1/../../../../arm-none-eabi/lib/thumb/v7e-m+fp/hard\libc_nano.a(libc_a-lock.o)
                0x000000000800e374                __retarget_lock_acquire_recursive
 .text.__retarget_lock_release_recursive
                0x000000000800e376        0x2 C:/ST/STM32CubeIDE_1.13.2/STM32CubeIDE/plugins/com.st.stm32cube.ide.mcu.externaltools.gnu-tools-for-stm32.11.3.rel1.win32_1.1.1.202309131626/tools/bin/../lib/gcc/arm-none-eabi/11.3.1/../../../../arm-none-eabi/lib/thumb/v7e-m+fp/hard\libc_nano.a(libc_a-lock.o)
                0x000000000800e376                __retarget_lock_release_recursive
 .text.memcpy   0x000000000800e378       0x1c C:/ST/STM32CubeIDE_1.13.2/STM32CubeIDE/plugins/com.st.stm32cube.ide.mcu.externaltools.gnu-tools-for-stm32.11.3.rel1.win32_1.1.1.202309131626/tools/bin/../lib/gcc/arm-none-eabi/11.3.1/../../../../arm-none-eabi/lib/thumb/v7e-m+fp/hard\libc_nano.a(libc_a-memcpy-stub.o)
                0x000000000800e378                memcpy
 .text._free_r  0x000000000800e394       0x98 C:/ST/STM32CubeIDE_1.13.2/STM32CubeIDE/plugins/com.st.stm32cube.ide.mcu.externaltools.gnu-tools-for-stm32.11.3.rel1.win32_1.1.1.202309131626/tools/bin/../lib/gcc/arm-none-eabi/11.3.1/../../../../arm-none-eabi/lib/thumb/v7e-m+fp/hard\libc_nano.a(libc_a-freer.o)
                0x000000000800e394                _free_r
 .text.__malloc_lock
                0x000000000800e42c        0xc C:/ST/STM32CubeIDE_1.13.2/STM32CubeIDE/plugins/com.st.stm32cube.ide.mcu.externaltools.gnu-tools-for-stm32.11.3.rel1.win32_1.1.1.202309131626/tools/bin/../lib/gcc/arm-none-eabi/11.3.1/../../../../arm-none-eabi/lib/thumb/v7e-m+fp/hard\libc_nano.a(libc_a-mlock.o)
                0x000000000800e42c                __malloc_lock
 .text.__malloc_unlock
                0x000000000800e438        0xc C:/ST/STM32CubeIDE_1.13.2/STM32CubeIDE/plugins/com.st.stm32cube.ide.mcu.externaltools.gnu-tools-for-stm32.11.3.rel1.win32_1.1.1.202309131626/tools/bin/../lib/gcc/arm-none-eabi/11.3.1/../../../../arm-none-eabi/lib/thumb/v7e-m+fp/hard\libc_nano.a(libc_a-mlock.o)
                0x000000000800e438                __malloc_unlock
 *(.glue_7)
 .glue_7        0x000000000800e444        0x0 linker stubs
 *(.glue_7t)
 .glue_7t       0x000000000800e444        0x0 linker stubs
 *(.eh_frame)
 .eh_frame      0x000000000800e444        0x0 C:/ST/STM32CubeIDE_1.13.2/STM32CubeIDE/plugins/com.st.stm32cube.ide.mcu.externaltools.gnu-tools-for-stm32.11.3.rel1.win32_1.1.1.202309131626/tools/bin/../lib/gcc/arm-none-eabi/11.3.1/thumb/v7e-m+fp/hard/crtbegin.o
 *(.init)
 .init          0x000000000800e444        0x4 C:/ST/STM32CubeIDE_1.13.2/STM32CubeIDE/plugins/com.st.stm32cube.ide.mcu.externaltools.gnu-tools-for-stm32.11.3.rel1.win32_1.1.1.202309131626/tools/bin/../lib/gcc/arm-none-eabi/11.3.1/thumb/v7e-m+fp/hard/crti.o
                0x000000000800e444                _init
 .init          0x000000000800e448        0x8 C:/ST/STM32CubeIDE_1.13.2/STM32CubeIDE/plugins/com.st.stm32cube.ide.mcu.externaltools.gnu-tools-for-stm32.11.3.rel1.win32_1.1.1.202309131626/tools/bin/../lib/gcc/arm-none-eabi/11.3.1/thumb/v7e-m+fp/hard/crtn.o
 *(.fini)
 .fini          0x000000000800e450        0x4 C:/ST/STM32CubeIDE_1.13.2/STM32CubeIDE/plugins/com.st.stm32cube.ide.mcu.externaltools.gnu-tools-for-stm32.11.3.rel1.win32_1.1.1.202309131626/tools/bin/../lib/gcc/arm-none-eabi/11.3.1/thumb/v7e-m+fp/hard/crti.o
                0x000000000800e450                _fini
 .fini          0x000000000800e454        0x8 C:/ST/STM32CubeIDE_1.13.2/STM32CubeIDE/plugins/com.st.stm32cube.ide.mcu.externaltools.gnu-tools-for-stm32.11.3.rel1.win32_1.1.1.202309131626/tools/bin/../lib/gcc/arm-none-eabi/11.3.1/thumb/v7e-m+fp/hard/crtn.o
                0x000000000800e45c                . = ALIGN (0x4)
                0x000000000800e45c                _etext = .

.vfp11_veneer   0x000000000800e45c        0x0
 .vfp11_veneer  0x000000000800e45c        0x0 linker stubs

.v4_bx          0x000000000800e45c        0x0
 .v4_bx         0x000000000800e45c        0x0 linker stubs

.iplt           0x000000000800e45c        0x0
 .iplt          0x000000000800e45c        0x0 C:/ST/STM32CubeIDE_1.13.2/STM32CubeIDE/plugins/com.st.stm32cube.ide.mcu.externaltools.gnu-tools-for-stm32.11.3.rel1.win32_1.1.1.202309131626/tools/bin/../lib/gcc/arm-none-eabi/11.3.1/thumb/v7e-m+fp/hard/crtbegin.o

.rodata         0x000000000800e45c      0x130
                0x000000000800e45c                . = ALIGN (0x4)
 *(.rodata)
 .rodata        0x000000000800e45c       0x94 ./Core/Src/main.o
 .rodata        0x000000000800e4f0        0x5 ./Middlewares/Third_Party/FreeRTOS/Source/tasks.o
 *fill*         0x000000000800e4f5        0x3 
 .rodata        0x000000000800e4f8        0xd ./Middlewares/Third_Party/FreeRTOS/Source/timers.o
 *fill*         0x000000000800e505        0x3 
 .rodata        0x000000000800e508       0x46 ./USB_DEVICE/App/usbd_desc.o
 *(.rodata*)
 *fill*         0x000000000800e54e        0x2 
 .rodata.defaultTask_attributes
                0x000000000800e550       0x24 ./Core/Src/main.o
                0x000000000800e550                defaultTask_attributes
 .rodata.AHBPrescTable
                0x000000000800e574       0x10 ./Core/Src/system_stm32f4xx.o
                0x000000000800e574                AHBPrescTable
 .rodata.APBPrescTable
                0x000000000800e584        0x8 ./Core/Src/system_stm32f4xx.o
                0x000000000800e584                APBPrescTable
                0x000000000800e58c                . = ALIGN (0x4)

.ARM.extab      0x000000000800e58c        0x0
                0x000000000800e58c                . = ALIGN (0x4)
 *(.ARM.extab* .gnu.linkonce.armextab.*)
                0x000000000800e58c                . = ALIGN (0x4)

.ARM            0x000000000800e58c        0x8
                0x000000000800e58c                . = ALIGN (0x4)
                0x000000000800e58c                __exidx_start = .
 *(.ARM.exidx*)
 .ARM.exidx     0x000000000800e58c        0x8 C:/ST/STM32CubeIDE_1.13.2/STM32CubeIDE/plugins/com.st.stm32cube.ide.mcu.externaltools.gnu-tools-for-stm32.11.3.rel1.win32_1.1.1.202309131626/tools/bin/../lib/gcc/arm-none-eabi/11.3.1/thumb/v7e-m+fp/hard\libgcc.a(_udivmoddi4.o)
                0x000000000800e594                __exidx_end = .
                0x000000000800e594                . = ALIGN (0x4)

.rel.dyn        0x000000000800e594        0x0
 .rel.iplt      0x000000000800e594        0x0 C:/ST/STM32CubeIDE_1.13.2/STM32CubeIDE/plugins/com.st.stm32cube.ide.mcu.externaltools.gnu-tools-for-stm32.11.3.rel1.win32_1.1.1.202309131626/tools/bin/../lib/gcc/arm-none-eabi/11.3.1/thumb/v7e-m+fp/hard/crtbegin.o

.preinit_array  0x000000000800e594        0x0
                0x000000000800e594                . = ALIGN (0x4)
                0x000000000800e594                PROVIDE (__preinit_array_start = .)
 *(.preinit_array*)
                0x000000000800e594                PROVIDE (__preinit_array_end = .)
                0x000000000800e594                . = ALIGN (0x4)

.init_array     0x000000000800e594        0x4
                0x000000000800e594                . = ALIGN (0x4)
                0x000000000800e594                PROVIDE (__init_array_start = .)
 *(SORT_BY_NAME(.init_array.*))
 *(.init_array*)
 .init_array    0x000000000800e594        0x4 C:/ST/STM32CubeIDE_1.13.2/STM32CubeIDE/plugins/com.st.stm32cube.ide.mcu.externaltools.gnu-tools-for-stm32.11.3.rel1.win32_1.1.1.202309131626/tools/bin/../lib/gcc/arm-none-eabi/11.3.1/thumb/v7e-m+fp/hard/crtbegin.o
                0x000000000800e598                PROVIDE (__init_array_end = .)
                0x000000000800e598                . = ALIGN (0x4)

.fini_array     0x000000000800e598        0x4
                0x000000000800e598                . = ALIGN (0x4)
                [!provide]                        PROVIDE (__fini_array_start = .)
 *(SORT_BY_NAME(.fini_array.*))
 *(.fini_array*)
 .fini_array    0x000000000800e598        0x4 C:/ST/STM32CubeIDE_1.13.2/STM32CubeIDE/plugins/com.st.stm32cube.ide.mcu.externaltools.gnu-tools-for-stm32.11.3.rel1.win32_1.1.1.202309131626/tools/bin/../lib/gcc/arm-none-eabi/11.3.1/thumb/v7e-m+fp/hard/crtbegin.o
                [!provide]                        PROVIDE (__fini_array_end = .)
                0x000000000800e59c                . = ALIGN (0x4)
                0x000000000800e59c                _sidata = LOADADDR (.data)

.data           0x0000000020000000      0x150 load address 0x000000000800e59c
                0x0000000020000000                . = ALIGN (0x4)
                0x0000000020000000                _sdata = .
 *(.data)
 *(.data*)
 .data.SystemCoreClock
                0x0000000020000000        0x4 ./Core/Src/system_stm32f4xx.o
                0x0000000020000000                SystemCoreClock
 .data.uwTickPrio
                0x0000000020000004        0x4 ./Drivers/STM32F4xx_HAL_Driver/Src/stm32f4xx_hal.o
                0x0000000020000004                uwTickPrio
 .data.uwTickFreq
                0x0000000020000008        0x1 ./Drivers/STM32F4xx_HAL_Driver/Src/stm32f4xx_hal.o
                0x0000000020000008                uwTickFreq
 *fill*         0x0000000020000009        0x3 
 .data.USBD_CDC_DeviceQualifierDesc
                0x000000002000000c        0xa ./Middlewares/ST/STM32_USB_Device_Library/Class/CDC/Src/usbd_cdc.o
 *fill*         0x0000000020000016        0x2 
 .data.USBD_CDC
                0x0000000020000018       0x38 ./Middlewares/ST/STM32_USB_Device_Library/Class/CDC/Src/usbd_cdc.o
                0x0000000020000018                USBD_CDC
 .data.USBD_CDC_CfgDesc
                0x0000000020000050       0x43 ./Middlewares/ST/STM32_USB_Device_Library/Class/CDC/Src/usbd_cdc.o
 .data.CDCInEpAdd
                0x0000000020000093        0x1 ./Middlewares/ST/STM32_USB_Device_Library/Class/CDC/Src/usbd_cdc.o
 .data.CDCOutEpAdd
                0x0000000020000094        0x1 ./Middlewares/ST/STM32_USB_Device_Library/Class/CDC/Src/usbd_cdc.o
 .data.CDCCmdEpAdd
                0x0000000020000095        0x1 ./Middlewares/ST/STM32_USB_Device_Library/Class/CDC/Src/usbd_cdc.o
 *fill*         0x0000000020000096        0x2 
 .data.uxCriticalNesting
                0x0000000020000098        0x4 ./Middlewares/Third_Party/FreeRTOS/Source/portable/GCC/ARM_CM4F/port.o
 .data.USBD_Interface_fops_FS
                0x000000002000009c       0x14 ./USB_DEVICE/App/usbd_cdc_if.o
                0x000000002000009c                USBD_Interface_fops_FS
 .data.FS_Desc  0x00000000200000b0       0x1c ./USB_DEVICE/App/usbd_desc.o
                0x00000000200000b0                FS_Desc
 .data.USBD_FS_DeviceDesc
                0x00000000200000cc       0x12 ./USB_DEVICE/App/usbd_desc.o
                0x00000000200000cc                USBD_FS_DeviceDesc
 *fill*         0x00000000200000de        0x2 
 .data.USBD_LangIDDesc
                0x00000000200000e0        0x4 ./USB_DEVICE/App/usbd_desc.o
                0x00000000200000e0                USBD_LangIDDesc
 .data.USBD_StringSerial
                0x00000000200000e4       0x1a ./USB_DEVICE/App/usbd_desc.o
                0x00000000200000e4                USBD_StringSerial
 *fill*         0x00000000200000fe        0x2 
 .data._impure_data
                0x0000000020000100       0x4c C:/ST/STM32CubeIDE_1.13.2/STM32CubeIDE/plugins/com.st.stm32cube.ide.mcu.externaltools.gnu-tools-for-stm32.11.3.rel1.win32_1.1.1.202309131626/tools/bin/../lib/gcc/arm-none-eabi/11.3.1/../../../../arm-none-eabi/lib/thumb/v7e-m+fp/hard\libc_nano.a(libc_a-impure.o)
                0x0000000020000100                _impure_data
 .data._impure_ptr
                0x000000002000014c        0x4 C:/ST/STM32CubeIDE_1.13.2/STM32CubeIDE/plugins/com.st.stm32cube.ide.mcu.externaltools.gnu-tools-for-stm32.11.3.rel1.win32_1.1.1.202309131626/tools/bin/../lib/gcc/arm-none-eabi/11.3.1/../../../../arm-none-eabi/lib/thumb/v7e-m+fp/hard\libc_nano.a(libc_a-impure.o)
                0x000000002000014c                _impure_ptr
 *(.RamFunc)
 *(.RamFunc*)
                0x0000000020000150                . = ALIGN (0x4)
                0x0000000020000150                _edata = .

.igot.plt       0x0000000020000150        0x0 load address 0x000000000800e6ec
 .igot.plt      0x0000000020000150        0x0 C:/ST/STM32CubeIDE_1.13.2/STM32CubeIDE/plugins/com.st.stm32cube.ide.mcu.externaltools.gnu-tools-for-stm32.11.3.rel1.win32_1.1.1.202309131626/tools/bin/../lib/gcc/arm-none-eabi/11.3.1/thumb/v7e-m+fp/hard/crtbegin.o
                0x0000000020000150                . = ALIGN (0x4)

.bss            0x0000000020000150     0x6ca8 load address 0x000000000800e6ec
                0x0000000020000150                _sbss = .
                0x0000000020000150                __bss_start__ = _sbss
 *(.bss)
 .bss           0x0000000020000150       0x1c C:/ST/STM32CubeIDE_1.13.2/STM32CubeIDE/plugins/com.st.stm32cube.ide.mcu.externaltools.gnu-tools-for-stm32.11.3.rel1.win32_1.1.1.202309131626/tools/bin/../lib/gcc/arm-none-eabi/11.3.1/thumb/v7e-m+fp/hard/crtbegin.o
 *(.bss*)
 .bss.hi2c1     0x000000002000016c       0x54 ./Core/Src/main.o
                0x000000002000016c                hi2c1
 .bss.hspi1     0x00000000200001c0       0x58 ./Core/Src/main.o
                0x00000000200001c0                hspi1
 .bss.huart2    0x0000000020000218       0x44 ./Core/Src/main.o
                0x0000000020000218                huart2
 .bss.defaultTaskHandle
                0x000000002000025c        0x4 ./Core/Src/main.o
                0x000000002000025c                defaultTaskHandle
 .bss.RxTask_handle
                0x0000000020000260        0x4 ./Core/Src/main.o
                0x0000000020000260                RxTask_handle
 .bss.QueueGyro
                0x0000000020000264        0x4 ./Core/Src/main.o
                0x0000000020000264                QueueGyro
 .bss.QueueAccel
                0x0000000020000268        0x4 ./Core/Src/main.o
                0x0000000020000268                QueueAccel
 .bss.xEventGroup
                0x000000002000026c        0x4 ./Core/Src/main.o
                0x000000002000026c                xEventGroup
 .bss.htim4     0x0000000020000270       0x48 ./Core/Src/stm32f4xx_hal_timebase_tim.o
                0x0000000020000270                htim4
 .bss.uwTick    0x00000000200002b8        0x4 ./Drivers/STM32F4xx_HAL_Driver/Src/stm32f4xx_hal.o
                0x00000000200002b8                uwTick
 .bss.cfgidx.0  0x00000000200002bc        0x1 ./Middlewares/ST/STM32_USB_Device_Library/Core/Src/usbd_ctlreq.o
 *fill*         0x00000000200002bd        0x3 
 .bss.KernelState
                0x00000000200002c0        0x4 ./Middlewares/Third_Party/FreeRTOS/Source/CMSIS_RTOS_V2/cmsis_os2.o
 .bss.Idle_TCB.3
                0x00000000200002c4       0xa8 ./Middlewares/Third_Party/FreeRTOS/Source/CMSIS_RTOS_V2/cmsis_os2.o
 .bss.Idle_Stack.2
                0x000000002000036c      0x200 ./Middlewares/Third_Party/FreeRTOS/Source/CMSIS_RTOS_V2/cmsis_os2.o
 .bss.Timer_TCB.1
                0x000000002000056c       0xa8 ./Middlewares/Third_Party/FreeRTOS/Source/CMSIS_RTOS_V2/cmsis_os2.o
 .bss.Timer_Stack.0
                0x0000000020000614      0x400 ./Middlewares/Third_Party/FreeRTOS/Source/CMSIS_RTOS_V2/cmsis_os2.o
 .bss.xQueueRegistry
                0x0000000020000a14       0x40 ./Middlewares/Third_Party/FreeRTOS/Source/queue.o
                0x0000000020000a14                xQueueRegistry
 .bss.pxCurrentTCB
                0x0000000020000a54        0x4 ./Middlewares/Third_Party/FreeRTOS/Source/tasks.o
                0x0000000020000a54                pxCurrentTCB
 .bss.pxReadyTasksLists
                0x0000000020000a58      0x460 ./Middlewares/Third_Party/FreeRTOS/Source/tasks.o
 .bss.xDelayedTaskList1
                0x0000000020000eb8       0x14 ./Middlewares/Third_Party/FreeRTOS/Source/tasks.o
 .bss.xDelayedTaskList2
                0x0000000020000ecc       0x14 ./Middlewares/Third_Party/FreeRTOS/Source/tasks.o
 .bss.pxDelayedTaskList
                0x0000000020000ee0        0x4 ./Middlewares/Third_Party/FreeRTOS/Source/tasks.o
 .bss.pxOverflowDelayedTaskList
                0x0000000020000ee4        0x4 ./Middlewares/Third_Party/FreeRTOS/Source/tasks.o
 .bss.xPendingReadyList
                0x0000000020000ee8       0x14 ./Middlewares/Third_Party/FreeRTOS/Source/tasks.o
 .bss.xTasksWaitingTermination
                0x0000000020000efc       0x14 ./Middlewares/Third_Party/FreeRTOS/Source/tasks.o
 .bss.uxDeletedTasksWaitingCleanUp
                0x0000000020000f10        0x4 ./Middlewares/Third_Party/FreeRTOS/Source/tasks.o
 .bss.xSuspendedTaskList
                0x0000000020000f14       0x14 ./Middlewares/Third_Party/FreeRTOS/Source/tasks.o
 .bss.uxCurrentNumberOfTasks
                0x0000000020000f28        0x4 ./Middlewares/Third_Party/FreeRTOS/Source/tasks.o
 .bss.xTickCount
                0x0000000020000f2c        0x4 ./Middlewares/Third_Party/FreeRTOS/Source/tasks.o
 .bss.uxTopReadyPriority
                0x0000000020000f30        0x4 ./Middlewares/Third_Party/FreeRTOS/Source/tasks.o
 .bss.xSchedulerRunning
                0x0000000020000f34        0x4 ./Middlewares/Third_Party/FreeRTOS/Source/tasks.o
 .bss.xPendedTicks
                0x0000000020000f38        0x4 ./Middlewares/Third_Party/FreeRTOS/Source/tasks.o
 .bss.xYieldPending
                0x0000000020000f3c        0x4 ./Middlewares/Third_Party/FreeRTOS/Source/tasks.o
 .bss.xNumOfOverflows
                0x0000000020000f40        0x4 ./Middlewares/Third_Party/FreeRTOS/Source/tasks.o
 .bss.uxTaskNumber
                0x0000000020000f44        0x4 ./Middlewares/Third_Party/FreeRTOS/Source/tasks.o
 .bss.xNextTaskUnblockTime
                0x0000000020000f48        0x4 ./Middlewares/Third_Party/FreeRTOS/Source/tasks.o
 .bss.xIdleTaskHandle
                0x0000000020000f4c        0x4 ./Middlewares/Third_Party/FreeRTOS/Source/tasks.o
 .bss.uxSchedulerSuspended
                0x0000000020000f50        0x4 ./Middlewares/Third_Party/FreeRTOS/Source/tasks.o
 .bss.xActiveTimerList1
                0x0000000020000f54       0x14 ./Middlewares/Third_Party/FreeRTOS/Source/timers.o
 .bss.xActiveTimerList2
                0x0000000020000f68       0x14 ./Middlewares/Third_Party/FreeRTOS/Source/timers.o
 .bss.pxCurrentTimerList
                0x0000000020000f7c        0x4 ./Middlewares/Third_Party/FreeRTOS/Source/timers.o