Archive member included to satisfy reference by file (symbol)

C:/ST/STM32CubeIDE_1.13.2/STM32CubeIDE/plugins/com.st.stm32cube.ide.mcu.externaltools.gnu-tools-for-stm32.11.3.rel1.win32_1.1.1.202309131626/tools/bin/../lib/gcc/arm-none-eabi/11.3.1/../../../../arm-none-eabi/lib/thumb/v7e-m+fp/hard\libc_nano.a(libc_a-exit.o)
                              C:/ST/STM32CubeIDE_1.13.2/STM32CubeIDE/plugins/com.st.stm32cube.ide.mcu.externaltools.gnu-tools-for-stm32.11.3.rel1.win32_1.1.1.202309131626/tools/bin/../lib/gcc/arm-none-eabi/11.3.1/../../../../arm-none-eabi/lib/thumb/v7e-m+fp/hard/crt0.o (exit)
C:/ST/STM32CubeIDE_1.13.2/STM32CubeIDE/plugins/com.st.stm32cube.ide.mcu.externaltools.gnu-tools-for-stm32.11.3.rel1.win32_1.1.1.202309131626/tools/bin/../lib/gcc/arm-none-eabi/11.3.1/../../../../arm-none-eabi/lib/thumb/v7e-m+fp/hard\libc_nano.a(libc_a-findfp.o)
                              ./Middlewares/Third_Party/FreeRTOS/Source/tasks.o (__sf)
C:/ST/STM32CubeIDE_1.13.2/STM32CubeIDE/plugins/com.st.stm32cube.ide.mcu.externaltools.gnu-tools-for-stm32.11.3.rel1.win32_1.1.1.202309131626/tools/bin/../lib/gcc/arm-none-eabi/11.3.1/../../../../arm-none-eabi/lib/thumb/v7e-m+fp/hard\libc_nano.a(libc_a-fwalk.o)
                              C:/ST/STM32CubeIDE_1.13.2/STM32CubeIDE/plugins/com.st.stm32cube.ide.mcu.externaltools.gnu-tools-for-stm32.11.3.rel1.win32_1.1.1.202309131626/tools/bin/../lib/gcc/arm-none-eabi/11.3.1/../../../../arm-none-eabi/lib/thumb/v7e-m+fp/hard\libc_nano.a(libc_a-findfp.o) (_fwalk_sglue)
C:/ST/STM32CubeIDE_1.13.2/STM32CubeIDE/plugins/com.st.stm32cube.ide.mcu.externaltools.gnu-tools-for-stm32.11.3.rel1.win32_1.1.1.202309131626/tools/bin/../lib/gcc/arm-none-eabi/11.3.1/../../../../arm-none-eabi/lib/thumb/v7e-m+fp/hard\libc_nano.a(libc_a-stdio.o)
                              C:/ST/STM32CubeIDE_1.13.2/STM32CubeIDE/plugins/com.st.stm32cube.ide.mcu.externaltools.gnu-tools-for-stm32.11.3.rel1.win32_1.1.1.202309131626/tools/bin/../lib/gcc/arm-none-eabi/11.3.1/../../../../arm-none-eabi/lib/thumb/v7e-m+fp/hard\libc_nano.a(libc_a-findfp.o) (__sread)
C:/ST/STM32CubeIDE_1.13.2/STM32CubeIDE/plugins/com.st.stm32cube.ide.mcu.externaltools.gnu-tools-for-stm32.11.3.rel1.win32_1.1.1.202309131626/tools/bin/../lib/gcc/arm-none-eabi/11.3.1/../../../../arm-none-eabi/lib/thumb/v7e-m+fp/hard\libc_nano.a(libc_a-memset.o)
                              C:/ST/STM32CubeIDE_1.13.2/STM32CubeIDE/plugins/com.st.stm32cube.ide.mcu.externaltools.gnu-tools-for-stm32.11.3.rel1.win32_1.1.1.202309131626/tools/bin/../lib/gcc/arm-none-eabi/11.3.1/../../../../arm-none-eabi/lib/thumb/v7e-m+fp/hard/crt0.o (memset)
C:/ST/STM32CubeIDE_1.13.2/STM32CubeIDE/plugins/com.st.stm32cube.ide.mcu.externaltools.gnu-tools-for-stm32.11.3.rel1.win32_1.1.1.202309131626/tools/bin/../lib/gcc/arm-none-eabi/11.3.1/../../../../arm-none-eabi/lib/thumb/v7e-m+fp/hard\libc_nano.a(libc_a-closer.o)
                              C:/ST/STM32CubeIDE_1.13.2/STM32CubeIDE/plugins/com.st.stm32cube.ide.mcu.externaltools.gnu-tools-for-stm32.11.3.rel1.win32_1.1.1.202309131626/tools/bin/../lib/gcc/arm-none-eabi/11.3.1/../../../../arm-none-eabi/lib/thumb/v7e-m+fp/hard\libc_nano.a(libc_a-stdio.o) (_close_r)
C:/ST/STM32CubeIDE_1.13.2/STM32CubeIDE/plugins/com.st.stm32cube.ide.mcu.externaltools.gnu-tools-for-stm32.11.3.rel1.win32_1.1.1.202309131626/tools/bin/../lib/gcc/arm-none-eabi/11.3.1/../../../../arm-none-eabi/lib/thumb/v7e-m+fp/hard\libc_nano.a(libc_a-reent.o)
                              ./Middlewares/Third_Party/FreeRTOS/Source/tasks.o (_reclaim_reent)
C:/ST/STM32CubeIDE_1.13.2/STM32CubeIDE/plugins/com.st.stm32cube.ide.mcu.externaltools.gnu-tools-for-stm32.11.3.rel1.win32_1.1.1.202309131626/tools/bin/../lib/gcc/arm-none-eabi/11.3.1/../../../../arm-none-eabi/lib/thumb/v7e-m+fp/hard\libc_nano.a(libc_a-impure.o)
                              ./Middlewares/Third_Party/FreeRTOS/Source/tasks.o (_impure_ptr)
C:/ST/STM32CubeIDE_1.13.2/STM32CubeIDE/plugins/com.st.stm32cube.ide.mcu.externaltools.gnu-tools-for-stm32.11.3.rel1.win32_1.1.1.202309131626/tools/bin/../lib/gcc/arm-none-eabi/11.3.1/../../../../arm-none-eabi/lib/thumb/v7e-m+fp/hard\libc_nano.a(libc_a-lseekr.o)
                              C:/ST/STM32CubeIDE_1.13.2/STM32CubeIDE/plugins/com.st.stm32cube.ide.mcu.externaltools.gnu-tools-for-stm32.11.3.rel1.win32_1.1.1.202309131626/tools/bin/../lib/gcc/arm-none-eabi/11.3.1/../../../../arm-none-eabi/lib/thumb/v7e-m+fp/hard\libc_nano.a(libc_a-stdio.o) (_lseek_r)
C:/ST/STM32CubeIDE_1.13.2/STM32CubeIDE/plugins/com.st.stm32cube.ide.mcu.externaltools.gnu-tools-for-stm32.11.3.rel1.win32_1.1.1.202309131626/tools/bin/../lib/gcc/arm-none-eabi/11.3.1/../../../../arm-none-eabi/lib/thumb/v7e-m+fp/hard\libc_nano.a(libc_a-readr.o)
[...]
Memory Configuration

Name             Origin             Length             Attributes
RAM              0x0000000020000000 0x0000000000020000 xrw
FLASH            0x0000000008000000 0x0000000000080000 xr
*default*        0x0000000000000000 0xffffffffffffffff

Linker script and memory map

LOAD C:/ST/STM32CubeIDE_1.13.2/STM32CubeIDE/plugins/com.st.stm32cube.ide.mcu.externaltools.gnu-tools-for-stm32.11.3.rel1.win32_1.1.1.202309131626/tools/bin/../lib/gcc/arm-none-eabi/11.3.1/thumb/v7e-m+fp/hard/crti.o
LOAD C:/ST/STM32CubeIDE_1.13.2/STM32CubeIDE/plugins/com.st.stm32cube.ide.mcu.externaltools.gnu-tools-for-stm32.11.3.rel1.win32_1.1.1.202309131626/tools/bin/../lib/gcc/arm-none-eabi/11.3.1/thumb/v7e-m+fp/hard/crtbegin.o
LOAD C:/ST/STM32CubeIDE_1.13.2/STM32CubeIDE/plugins/com.st.stm32cube.ide.mcu.externaltools.gnu-tools-for-stm32.11.3.rel1.win32_1.1.1.202309131626/tools/bin/../lib/gcc/arm-none-eabi/11.3.1/../../../../arm-none-eabi/lib/thumb/v7e-m+fp/hard/crt0.o
LOAD ./Core/Src/freertos.o
LOAD ./Core/Src/main.o
LOAD ./Core/Src/stm32f4xx_hal_msp.o
LOAD ./Core/Src/stm32f4xx_hal_timebase_tim.o
LOAD ./Core/Src/stm32f4xx_it.o
LOAD ./Core/Src/syscalls.o
LOAD ./Core/Src/sysmem.o
LOAD ./Core/Src/system_stm32f4xx.o
LOAD ./Core/Startup/startup_stm32f411vetx.o
LOAD ./Drivers/STM32F4xx_HAL_Driver/Src/stm32f4xx_hal.o
LOAD ./Drivers/STM32F4xx_HAL_Driver/Src/stm32f4xx_hal_cortex.o
LOAD ./Drivers/STM32F4xx_HAL_Driver/Src/stm32f4xx_hal_dma.o
LOAD ./Drivers/STM32F4xx_HAL_Driver/Src/stm32f4xx_hal_dma_ex.o
LOAD ./Drivers/STM32F4xx_HAL_Driver/Src/stm32f4xx_hal_exti.o
LOAD ./Drivers/STM32F4xx_HAL_Driver/Src/stm32f4xx_hal_flash.o
LOAD ./Drivers/STM32F4xx_HAL_Driver/Src/stm32f4xx_hal_flash_ex.o
LOAD ./Drivers/STM32F4xx_HAL_Driver/Src/stm32f4xx_hal_flash_ramfunc.o
LOAD ./Drivers/STM32F4xx_HAL_Driver/Src/stm32f4xx_hal_gpio.o
LOAD ./Drivers/STM32F4xx_HAL_Driver/Src/stm32f4xx_hal_i2c.o
LOAD ./Drivers/STM32F4xx_HAL_Driver/Src/stm32f4xx_hal_i2c_ex.o
LOAD ./Drivers/STM32F4xx_HAL_Driver/Src/stm32f4xx_hal_pcd.o
LOAD ./Drivers/STM32F4xx_HAL_Driver/Src/stm32f4xx_hal_pcd_ex.o
LOAD ./Drivers/STM32F4xx_HAL_Driver/Src/stm32f4xx_hal_pwr.o
LOAD ./Drivers/STM32F4xx_HAL_Driver/Src/stm32f4xx_hal_pwr_ex.o
LOAD ./Drivers/STM32F4xx_HAL_Driver/Src/stm32f4xx_hal_rcc.o
LOAD ./Drivers/STM32F4xx_HAL_Driver/Src/stm32f4xx_hal_rcc_ex.o
LOAD ./Drivers/STM32F4xx_HAL_Driver/Src/stm32f4xx_hal_spi.o
LOAD ./Drivers/STM32F4xx_HAL_Driver/Src/stm32f4xx_hal_tim.o
LOAD ./Drivers/STM32F4xx_HAL_Driver/Src/stm32f4xx_hal_tim_ex.o
LOAD ./Drivers/STM32F4xx_HAL_Driver/Src/stm32f4xx_ll_usb.o
LOAD ./Middlewares/ST/STM32_USB_Device_Library/Class/CDC/Src/usbd_cdc.o
LOAD ./Middlewares/ST/STM32_USB_Device_Library/Core/Src/usbd_core.o
LOAD ./Middlewares/ST/STM32_USB_Device_Library/Core/Src/usbd_ctlreq.o
LOAD ./Middlewares/ST/STM32_USB_Device_Library/Core/Src/usbd_ioreq.o
LOAD ./Middlewares/Third_Party/FreeRTOS/Source/CMSIS_RTOS_V2/cmsis_os2.o
LOAD ./Middlewares/Third_Party/FreeRTOS/Source/croutine.o
LOAD ./Middlewares/Third_Party/FreeRTOS/Source/event_groups.o
LOAD ./Middlewares/Third_Party/FreeRTOS/Source/list.o
LOAD ./Middlewares/Third_Party/FreeRTOS/Source/queue.o
LOAD ./Middlewares/Third_Party/FreeRTOS/Source/stream_buffer.o
LOAD ./Middlewares/Third_Party/FreeRTOS/Source/tasks.o
LOAD ./Middlewares/Third_Party/FreeRTOS/Source/timers.o
LOAD ./Middlewares/Third_Party/FreeRTOS/Source/portable/GCC/ARM_CM4F/port.o
LOAD ./Middlewares/Third_Party/FreeRTOS/Source/portable/MemMang/heap_4.o
LOAD ./USB_DEVICE/App/usb_device.o
LOAD ./USB_DEVICE/App/usbd_cdc_if.o
LOAD ./USB_DEVICE/App/usbd_desc.o
LOAD ./USB_DEVICE/Target/usbd_conf.o
START GROUP
LOAD C:/ST/STM32CubeIDE_1.13.2/STM32CubeIDE/plugins/com.st.stm32cube.ide.mcu.externaltools.gnu-tools-for-stm32.11.3.rel1.win32_1.1.1.202309131626/tools/bin/../lib/gcc/arm-none-eabi/11.3.1/../../../../arm-none-eabi/lib/thumb/v7e-m+fp/hard\libc_nano.a
LOAD C:/ST/STM32CubeIDE_1.13.2/STM32CubeIDE/plugins/com.st.stm32cube.ide.mcu.externaltools.gnu-tools-for-stm32.11.3.rel1.win32_1.1.1.202309131626/tools/bin/../lib/gcc/arm-none-eabi/11.3.1/../../../../arm-none-eabi/lib/thumb/v7e-m+fp/hard\libm.a
END GROUP
START GROUP
LOAD C:/ST/STM32CubeIDE_1.13.2/STM32CubeIDE/plugins/com.st.stm32cube.ide.mcu.externaltools.gnu-tools-for-stm32.11.3.rel1.win32_1.1.1.202309131626/tools/bin/../lib/gcc/arm-none-eabi/11.3.1/thumb/v7e-m+fp/hard\libgcc.a
LOAD C:/ST/STM32CubeIDE_1.13.2/STM32CubeIDE/plugins/com.st.stm32cube.ide.mcu.externaltools.gnu-tools-for-stm32.11.3.rel1.win32_1.1.1.202309131626/tools/bin/../lib/gcc/arm-none-eabi/11.3.1/../../../../arm-none-eabi/lib/thumb/v7e-m+fp/hard\libc_nano.a
END GROUP
START GROUP
LOAD C:/ST/STM32CubeIDE_1.13.2/STM32CubeIDE/plugins/com.st.stm32cube.ide.mcu.externaltools.gnu-tools-for-stm32.11.3.rel1.win32_1.1.1.202309131626/tools/bin/../lib/gcc/arm-none-eabi/11.3.1/thumb/v7e-m+fp/hard\libgcc.a
LOAD C:/ST/STM32CubeIDE_1.13.2/STM32CubeIDE/plugins/com.st.stm32cube.ide.mcu.externaltools.gnu-tools-for-stm32.11.3.rel1.win32_1.1.1.202309131626/tools/bin/../lib/gcc/arm-none-eabi/11.3.1/../../../../arm-none-eabi/lib/thumb/v7e-m+fp/hard\libc_nano.a
LOAD C:/ST/STM32CubeIDE_1.13.2/STM32CubeIDE/plugins/com.st.stm32cube.ide.mcu.externaltools.gnu-tools-for-stm32.11.3.rel1.win32_1.1.1.202309131626/tools/bin/../lib/gcc/arm-none-eabi/11.3.1/../../../../arm-none-eabi/lib/thumb/v7e-m+fp/hard\libnosys.a
END GROUP
START GROUP
LOAD C:/ST/STM32CubeIDE_1.13.2/STM32CubeIDE/plugins/com.st.stm32cube.ide.mcu.externaltools.gnu-tools-for-stm32.11.3.rel1.win32_1.1.1.202309131626/tools/bin/../lib/gcc/arm-none-eabi/11.3.1/thumb/v7e-m+fp/hard\libgcc.a
LOAD C:/ST/STM32CubeIDE_1.13.2/STM32CubeIDE/plugins/com.st.stm32cube.ide.mcu.externaltools.gnu-tools-for-stm32.11.3.rel1.win32_1.1.1.202309131626/tools/bin/../lib/gcc/arm-none-eabi/11.3.1/../../../../arm-none-eabi/lib/thumb/v7e-m+fp/hard\libc_nano.a
LOAD C:/ST/STM32CubeIDE_1.13.2/STM32CubeIDE/plugins/com.st.stm32cube.ide.mcu.externaltools.gnu-tools-for-stm32.11.3.rel1.win32_1.1.1.202309131626/tools/bin/../lib/gcc/arm-none-eabi/11.3.1/../../../../arm-none-eabi/lib/thumb/v7e-m+fp/hard\libnosys.a
END GROUP
LOAD C:/ST/STM32CubeIDE_1.13.2/STM32CubeIDE/plugins/com.st.stm32cube.ide.mcu.externaltools.gnu-tools-for-stm32.11.3.rel1.win32_1.1.1.202309131626/tools/bin/../lib/gcc/arm-none-eabi/11.3.1/thumb/v7e-m+fp/hard/crtend.o
LOAD C:/ST/STM32CubeIDE_1.13.2/STM32CubeIDE/plugins/com.st.stm32cube.ide.mcu.externaltools.gnu-tools-for-stm32.11.3.rel1.win32_1.1.1.202309131626/tools/bin/../lib/gcc/arm-none-eabi/11.3.1/thumb/v7e-m+fp/hard/crtn.o
                0x0000000020020000                _estack = (ORIGIN (RAM) + LENGTH (RAM))
                0x0000000000000200                _Min_Heap_Size = 0x200
                0x0000000000000400                _Min_Stack_Size = 0x400

.isr_vector     0x0000000008000000      0x198
                0x0000000008000000                . = ALIGN (0x4)
 *(.isr_vector)
 .isr_vector    0x0000000008000000      0x198 ./Core/Startup/startup_stm32f411vetx.o
                0x0000000008000000                g_pfnVectors
                0x0000000008000198                . = ALIGN (0x4)

.text           0x00000000080001a0     0xbf64
                0x00000000080001a0                . = ALIGN (0x4)
 *(.text)
 .text          0x00000000080001a0       0x40 C:/ST/STM32CubeIDE_1.13.2/STM32CubeIDE/plugins/com.st.stm32cube.ide.mcu.externaltools.gnu-tools-for-stm32.11.3.rel1.win32_1.1.1.202309131626/tools/bin/../lib/gcc/arm-none-eabi/11.3.1/thumb/v7e-m+fp/hard/crtbegin.o
 .text          0x00000000080001e0       0x30 C:/ST/STM32CubeIDE_1.13.2/STM32CubeIDE/plugins/com.st.stm32cube.ide.mcu.externaltools.gnu-tools-for-stm32.11.3.rel1.win32_1.1.1.202309131626/tools/bin/../lib/gcc/arm-none-eabi/11.3.1/thumb/v7e-m+fp/hard\libgcc.a(_aeabi_uldivmod.o)
                0x00000000080001e0                __aeabi_uldivmod
 .text          0x0000000008000210      0x2c8 C:/ST/STM32CubeIDE_1.13.2/STM32CubeIDE/plugins/com.st.stm32cube.ide.mcu.externaltools.gnu-tools-for-stm32.11.3.rel1.win32_1.1.1.202309131626/tools/bin/../lib/gcc/arm-none-eabi/11.3.1/thumb/v7e-m+fp/hard\libgcc.a(_udivmoddi4.o)
                0x0000000008000210                __udivmoddi4
 .text          0x00000000080004d8        0x4 C:/ST/STM32CubeIDE_1.13.2/STM32CubeIDE/plugins/com.st.stm32cube.ide.mcu.externaltools.gnu-tools-for-stm32.11.3.rel1.win32_1.1.1.202309131626/tools/bin/../lib/gcc/arm-none-eabi/11.3.1/thumb/v7e-m+fp/hard\libgcc.a(_dvmd_tls.o)
                0x00000000080004d8                __aeabi_idiv0
                0x00000000080004d8                __aeabi_ldiv0
 *(.text*)
 .text.spi1_beriRegister
                0x00000000080004dc       0x58 ./Core/Src/main.o
                0x00000000080004dc                spi1_beriRegister
 .text.spi1_pisiRegister
                0x0000000008000534       0x54 ./Core/Src/main.o
                0x0000000008000534                spi1_pisiRegister
 .text.spi1_beriRegistre
                0x0000000008000588       0x58 ./Core/Src/main.o
                0x0000000008000588                spi1_beriRegistre
 .text.initGyro
                0x00000000080005e0       0x3e ./Core/Src/main.o
                0x00000000080005e0                initGyro
 *fill*         0x000000000800061e        0x2 
 .text.i2c1_beriRegistre
                0x0000000008000620       0x5c ./Core/Src/main.o
                0x0000000008000620                i2c1_beriRegistre
 .text.TaskReadGyro
                0x000000000800067c       0x68 ./Core/Src/main.o
                0x000000000800067c                TaskReadGyro
 .text.TaskReadAccel
                0x00000000080006e4       0x68 ./Core/Src/main.o
                0x00000000080006e4                TaskReadAccel
 .text.TaskSendGyro
                0x000000000800074c       0x5c ./Core/Src/main.o
                0x000000000800074c                TaskSendGyro
 .text.TaskSendAccel
                0x00000000080007a8       0x5c ./Core/Src/main.o
                0x00000000080007a8                TaskSendAccel
 .text.main     0x0000000008000804      0x100 ./Core/Src/main.o
                0x0000000008000804                main
 .text.SystemClock_Config
                0x0000000008000904       0xd0 ./Core/Src/main.o
                0x0000000008000904                SystemClock_Config
 .text.MX_I2C1_Init
                0x00000000080009d4       0x60 ./Core/Src/main.o
 .text.MX_SPI1_Init
                0x0000000008000a34       0x6c ./Core/Src/main.o
 .text.MX_GPIO_Init
                0x0000000008000aa0      0x23c ./Core/Src/main.o
 .text.StartDefaultTask
                0x0000000008000cdc       0x14 ./Core/Src/main.o
                0x0000000008000cdc                StartDefaultTask
 .text.HAL_TIM_PeriodElapsedCallback
                0x0000000008000cf0       0x24 ./Core/Src/main.o
                0x0000000008000cf0                HAL_TIM_PeriodElapsedCallback
 .text.Error_Handler
                0x0000000008000d14        0xa ./Core/Src/main.o
                0x0000000008000d14                Error_Handler
 *fill*         0x0000000008000d1e        0x2 
 .text.HAL_MspInit
                0x0000000008000d20       0x58 ./Core/Src/stm32f4xx_hal_msp.o
                0x0000000008000d20                HAL_MspInit
 .text.HAL_I2C_MspInit
                0x0000000008000d78       0x90 ./Core/Src/stm32f4xx_hal_msp.o
                0x0000000008000d78                HAL_I2C_MspInit
 .text.HAL_SPI_MspInit
                0x0000000008000e08       0x90 ./Core/Src/stm32f4xx_hal_msp.o
                0x0000000008000e08                HAL_SPI_MspInit
 .text.HAL_InitTick
                0x0000000008000e98       0xf8 ./Core/Src/stm32f4xx_hal_timebase_tim.o
                0x0000000008000e98                HAL_InitTick
 .text.NMI_Handler
                0x0000000008000f90        0x6 ./Core/Src/stm32f4xx_it.o
                0x0000000008000f90                NMI_Handler
 .text.HardFault_Handler
                0x0000000008000f96        0x6 ./Core/Src/stm32f4xx_it.o
                0x0000000008000f96                HardFault_Handler
 .text.MemManage_Handler
                0x0000000008000f9c        0x6 ./Core/Src/stm32f4xx_it.o
                0x0000000008000f9c                MemManage_Handler
 .text.BusFault_Handler
                0x0000000008000fa2        0x6 ./Core/Src/stm32f4xx_it.o
                0x0000000008000fa2                BusFault_Handler
 .text.UsageFault_Handler
                0x0000000008000fa8        0x6 ./Core/Src/stm32f4xx_it.o
                0x0000000008000fa8                UsageFault_Handler
 .text.DebugMon_Handler
                0x0000000008000fae        0xe ./Core/Src/stm32f4xx_it.o
                0x0000000008000fae                DebugMon_Handler
 .text.TIM4_IRQHandler
                0x0000000008000fbc       0x14 ./Core/Src/stm32f4xx_it.o
                0x0000000008000fbc                TIM4_IRQHandler
 .text.OTG_FS_IRQHandler
                0x0000000008000fd0       0x14 ./Core/Src/stm32f4xx_it.o
                0x0000000008000fd0                OTG_FS_IRQHandler
 .text.SystemInit
                0x0000000008000fe4       0x24 ./Core/Src/system_stm32f4xx.o
                0x0000000008000fe4                SystemInit
 .text.Reset_Handler
                0x0000000008001008       0x50 ./Core/Startup/startup_stm32f411vetx.o
                0x0000000008001008                Reset_Handler
 .text.Default_Handler
                0x0000000008001058        0x2 ./Core/Startup/startup_stm32f411vetx.o
                0x0000000008001058                RTC_Alarm_IRQHandler
                0x0000000008001058                EXTI2_IRQHandler
                0x0000000008001058                SPI4_IRQHandler
                0x0000000008001058                TIM1_CC_IRQHandler
                0x0000000008001058                DMA2_Stream5_IRQHandler
                0x0000000008001058                DMA1_Stream5_IRQHandler
                0x0000000008001058                PVD_IRQHandler
                0x0000000008001058                SDIO_IRQHandler
                0x0000000008001058                TAMP_STAMP_IRQHandler
                0x0000000008001058                EXTI3_IRQHandler
                0x0000000008001058                TIM1_UP_TIM10_IRQHandler
                0x0000000008001058                I2C3_ER_IRQHandler
                0x0000000008001058                EXTI0_IRQHandler
                0x0000000008001058                I2C2_EV_IRQHandler
                0x0000000008001058                DMA1_Stream2_IRQHandler
                0x0000000008001058                FPU_IRQHandler
                0x0000000008001058                DMA2_Stream2_IRQHandler
                0x0000000008001058                SPI1_IRQHandler
                0x0000000008001058                TIM1_BRK_TIM9_IRQHandler
                0x0000000008001058                DMA2_Stream3_IRQHandler
                0x0000000008001058                USART6_IRQHandler
                0x0000000008001058                DMA2_Stream0_IRQHandler
                0x0000000008001058                I2C1_EV_IRQHandler
                0x0000000008001058                DMA1_Stream6_IRQHandler
                0x0000000008001058                DMA1_Stream1_IRQHandler
                0x0000000008001058                TIM3_IRQHandler
                0x0000000008001058                RCC_IRQHandler
                0x0000000008001058                Default_Handler
                0x0000000008001058                EXTI15_10_IRQHandler
                0x0000000008001058                ADC_IRQHandler
                0x0000000008001058                DMA1_Stream7_IRQHandler
                0x0000000008001058                SPI5_IRQHandler
                0x0000000008001058                TIM5_IRQHandler
                0x0000000008001058                DMA2_Stream7_IRQHandler
                0x0000000008001058                I2C3_EV_IRQHandler
                0x0000000008001058                EXTI9_5_IRQHandler
                0x0000000008001058                RTC_WKUP_IRQHandler
                0x0000000008001058                SPI2_IRQHandler
                0x0000000008001058                DMA1_Stream0_IRQHandler
                0x0000000008001058                EXTI4_IRQHandler
                0x0000000008001058                WWDG_IRQHandler
                0x0000000008001058                TIM2_IRQHandler
                0x0000000008001058                OTG_FS_WKUP_IRQHandler
                0x0000000008001058                TIM1_TRG_COM_TIM11_IRQHandler
                0x0000000008001058                EXTI1_IRQHandler
                0x0000000008001058                USART2_IRQHandler
                0x0000000008001058                I2C2_ER_IRQHandler
                0x0000000008001058                DMA2_Stream1_IRQHandler
                0x0000000008001058                FLASH_IRQHandler
                0x0000000008001058                DMA2_Stream4_IRQHandler
                0x0000000008001058                USART1_IRQHandler
                0x0000000008001058                SPI3_IRQHandler
                0x0000000008001058                DMA1_Stream4_IRQHandler
                0x0000000008001058                I2C1_ER_IRQHandler
                0x0000000008001058                DMA2_Stream6_IRQHandler
                0x0000000008001058                DMA1_Stream3_IRQHandler
 *fill*         0x000000000800105a        0x2 
 .text.HAL_Init
                0x000000000800105c       0x44 ./Drivers/STM32F4xx_HAL_Driver/Src/stm32f4xx_hal.o
                0x000000000800105c                HAL_Init
 .text.HAL_IncTick
                0x00000000080010a0       0x28 ./Drivers/STM32F4xx_HAL_Driver/Src/stm32f4xx_hal.o
                0x00000000080010a0                HAL_IncTick
 .text.HAL_GetTick
                0x00000000080010c8       0x18 ./Drivers/STM32F4xx_HAL_Driver/Src/stm32f4xx_hal.o
                0x00000000080010c8                HAL_GetTick
 .text.HAL_Delay
                0x00000000080010e0       0x48 ./Drivers/STM32F4xx_HAL_Driver/Src/stm32f4xx_hal.o
                0x00000000080010e0                HAL_Delay
 .text.__NVIC_SetPriorityGrouping
                0x0000000008001128       0x48 ./Drivers/STM32F4xx_HAL_Driver/Src/stm32f4xx_hal_cortex.o
 .text.__NVIC_GetPriorityGrouping
                0x0000000008001170       0x1c ./Drivers/STM32F4xx_HAL_Driver/Src/stm32f4xx_hal_cortex.o
 .text.__NVIC_EnableIRQ
                0x000000000800118c       0x3c ./Drivers/STM32F4xx_HAL_Driver/Src/stm32f4xx_hal_cortex.o
 .text.__NVIC_SetPriority
                0x00000000080011c8       0x54 ./Drivers/STM32F4xx_HAL_Driver/Src/stm32f4xx_hal_cortex.o
 .text.NVIC_EncodePriority
                0x000000000800121c       0x66 ./Drivers/STM32F4xx_HAL_Driver/Src/stm32f4xx_hal_cortex.o
 .text.HAL_NVIC_SetPriorityGrouping
                0x0000000008001282       0x16 ./Drivers/STM32F4xx_HAL_Driver/Src/stm32f4xx_hal_cortex.o
                0x0000000008001282                HAL_NVIC_SetPriorityGrouping
 .text.HAL_NVIC_SetPriority
                0x0000000008001298       0x38 ./Drivers/STM32F4xx_HAL_Driver/Src/stm32f4xx_hal_cortex.o
                0x0000000008001298                HAL_NVIC_SetPriority
 .text.HAL_NVIC_EnableIRQ
                0x00000000080012d0       0x1c ./Drivers/STM32F4xx_HAL_Driver/Src/stm32f4xx_hal_cortex.o
                0x00000000080012d0                HAL_NVIC_EnableIRQ
 .text.HAL_GPIO_Init
                0x00000000080012ec      0x308 ./Drivers/STM32F4xx_HAL_Driver/Src/stm32f4xx_hal_gpio.o
                0x00000000080012ec                HAL_GPIO_Init
 .text.HAL_GPIO_WritePin
                0x00000000080015f4       0x32 ./Drivers/STM32F4xx_HAL_Driver/Src/stm32f4xx_hal_gpio.o
                0x00000000080015f4                HAL_GPIO_WritePin
 *fill*         0x0000000008001626        0x2 
 .text.HAL_I2C_Init
                0x0000000008001628      0x288 ./Drivers/STM32F4xx_HAL_Driver/Src/stm32f4xx_hal_i2c.o
                0x0000000008001628                HAL_I2C_Init
 .text.HAL_I2C_Mem_Read
                0x00000000080018b0      0x44c ./Drivers/STM32F4xx_HAL_Driver/Src/stm32f4xx_hal_i2c.o
                0x00000000080018b0                HAL_I2C_Mem_Read
 .text.I2C_RequestMemoryRead
                0x0000000008001cfc      0x1d0 ./Drivers/STM32F4xx_HAL_Driver/Src/stm32f4xx_hal_i2c.o
 .text.I2C_WaitOnFlagUntilTimeout
                0x0000000008001ecc       0xae ./Drivers/STM32F4xx_HAL_Driver/Src/stm32f4xx_hal_i2c.o
 .text.I2C_WaitOnMasterAddressFlagUntilTimeout
                0x0000000008001f7a       0xfe ./Drivers/STM32F4xx_HAL_Driver/Src/stm32f4xx_hal_i2c.o
 .text.I2C_WaitOnTXEFlagUntilTimeout
                0x0000000008002078       0x82 ./Drivers/STM32F4xx_HAL_Driver/Src/stm32f4xx_hal_i2c.o
 .text.I2C_WaitOnRXNEFlagUntilTimeout
                0x00000000080020fa       0xac ./Drivers/STM32F4xx_HAL_Driver/Src/stm32f4xx_hal_i2c.o
 .text.I2C_IsAcknowledgeFailed
                0x00000000080021a6       0x5e ./Drivers/STM32F4xx_HAL_Driver/Src/stm32f4xx_hal_i2c.o
 .text.HAL_PCD_Init
                0x0000000008002204      0x23a ./Drivers/STM32F4xx_HAL_Driver/Src/stm32f4xx_hal_pcd.o
                0x0000000008002204                HAL_PCD_Init
 .text.HAL_PCD_Start
                0x000000000800243e       0x66 ./Drivers/STM32F4xx_HAL_Driver/Src/stm32f4xx_hal_pcd.o
                0x000000000800243e                HAL_PCD_Start
 .text.HAL_PCD_IRQHandler
                0x00000000080024a4      0x93e ./Drivers/STM32F4xx_HAL_Driver/Src/stm32f4xx_hal_pcd.o
                0x00000000080024a4                HAL_PCD_IRQHandler
 .text.HAL_PCD_SetAddress
                0x0000000008002de2       0x4a ./Drivers/STM32F4xx_HAL_Driver/Src/stm32f4xx_hal_pcd.o
                0x0000000008002de2                HAL_PCD_SetAddress
 .text.HAL_PCD_EP_Open
                0x0000000008002e2c       0xd0 ./Drivers/STM32F4xx_HAL_Driver/Src/stm32f4xx_hal_pcd.o
                0x0000000008002e2c                HAL_PCD_EP_Open
 .text.HAL_PCD_EP_Close
                0x0000000008002efc       0x94 ./Drivers/STM32F4xx_HAL_Driver/Src/stm32f4xx_hal_pcd.o
                0x0000000008002efc                HAL_PCD_EP_Close
 .text.HAL_PCD_EP_Receive
                0x0000000008002f90       0x96 ./Drivers/STM32F4xx_HAL_Driver/Src/stm32f4xx_hal_pcd.o
                0x0000000008002f90                HAL_PCD_EP_Receive
 .text.HAL_PCD_EP_GetRxCount
                0x0000000008003026       0x30 ./Drivers/STM32F4xx_HAL_Driver/Src/stm32f4xx_hal_pcd.o
                0x0000000008003026                HAL_PCD_EP_GetRxCount
 .text.HAL_PCD_EP_Transmit
                0x0000000008003056       0x94 ./Drivers/STM32F4xx_HAL_Driver/Src/stm32f4xx_hal_pcd.o
                0x0000000008003056                HAL_PCD_EP_Transmit
 .text.HAL_PCD_EP_SetStall
                0x00000000080030ea       0xc8 ./Drivers/STM32F4xx_HAL_Driver/Src/stm32f4xx_hal_pcd.o
                0x00000000080030ea                HAL_PCD_EP_SetStall
 .text.HAL_PCD_EP_ClrStall
                0x00000000080031b2       0xac ./Drivers/STM32F4xx_HAL_Driver/Src/stm32f4xx_hal_pcd.o
                0x00000000080031b2                HAL_PCD_EP_ClrStall
 .text.HAL_PCD_EP_Abort
                0x000000000800325e       0x62 ./Drivers/STM32F4xx_HAL_Driver/Src/stm32f4xx_hal_pcd.o
                0x000000000800325e                HAL_PCD_EP_Abort
 .text.PCD_WriteEmptyTxFifo
                0x00000000080032c0      0x11a ./Drivers/STM32F4xx_HAL_Driver/Src/stm32f4xx_hal_pcd.o
 *fill*         0x00000000080033da        0x2 
 .text.PCD_EP_OutXfrComplete_int
                0x00000000080033dc      0x1d0 ./Drivers/STM32F4xx_HAL_Driver/Src/stm32f4xx_hal_pcd.o
 .text.PCD_EP_OutSetupPacket_int
                0x00000000080035ac       0x8c ./Drivers/STM32F4xx_HAL_Driver/Src/stm32f4xx_hal_pcd.o
 .text.HAL_PCDEx_SetTxFiFo
                0x0000000008003638       0x8e ./Drivers/STM32F4xx_HAL_Driver/Src/stm32f4xx_hal_pcd_ex.o
                0x0000000008003638                HAL_PCDEx_SetTxFiFo
 .text.HAL_PCDEx_SetRxFiFo
                0x00000000080036c6       0x22 ./Drivers/STM32F4xx_HAL_Driver/Src/stm32f4xx_hal_pcd_ex.o
                0x00000000080036c6                HAL_PCDEx_SetRxFiFo
 .text.HAL_PCDEx_LPM_Callback
                0x00000000080036e8       0x18 ./Drivers/STM32F4xx_HAL_Driver/Src/stm32f4xx_hal_pcd_ex.o
                0x00000000080036e8                HAL_PCDEx_LPM_Callback
 .text.HAL_RCC_OscConfig
                0x0000000008003700      0x4f0 ./Drivers/STM32F4xx_HAL_Driver/Src/stm32f4xx_hal_rcc.o
                0x0000000008003700                HAL_RCC_OscConfig
 .text.HAL_RCC_ClockConfig
                0x0000000008003bf0      0x1cc ./Drivers/STM32F4xx_HAL_Driver/Src/stm32f4xx_hal_rcc.o
                0x0000000008003bf0                HAL_RCC_ClockConfig
 .text.HAL_RCC_GetSysClockFreq
                0x0000000008003dbc      0x20c ./Drivers/STM32F4xx_HAL_Driver/Src/stm32f4xx_hal_rcc.o
                0x0000000008003dbc                HAL_RCC_GetSysClockFreq
 .text.HAL_RCC_GetHCLKFreq
                0x0000000008003fc8       0x18 ./Drivers/STM32F4xx_HAL_Driver/Src/stm32f4xx_hal_rcc.o
                0x0000000008003fc8                HAL_RCC_GetHCLKFreq
 .text.HAL_RCC_GetPCLK1Freq
                0x0000000008003fe0       0x28 ./Drivers/STM32F4xx_HAL_Driver/Src/stm32f4xx_hal_rcc.o
                0x0000000008003fe0                HAL_RCC_GetPCLK1Freq
 .text.HAL_RCC_GetClockConfig
                0x0000000008004008       0x64 ./Drivers/STM32F4xx_HAL_Driver/Src/stm32f4xx_hal_rcc.o
                0x0000000008004008                HAL_RCC_GetClockConfig
 .text.HAL_SPI_Init
                0x000000000800406c      0x112 ./Drivers/STM32F4xx_HAL_Driver/Src/stm32f4xx_hal_spi.o
                0x000000000800406c                HAL_SPI_Init
 .text.HAL_SPI_Transmit
                0x000000000800417e      0x278 ./Drivers/STM32F4xx_HAL_Driver/Src/stm32f4xx_hal_spi.o
                0x000000000800417e                HAL_SPI_Transmit
 .text.HAL_SPI_Receive
                0x00000000080043f6      0x222 ./Drivers/STM32F4xx_HAL_Driver/Src/stm32f4xx_hal_spi.o
                0x00000000080043f6                HAL_SPI_Receive
 .text.HAL_SPI_TransmitReceive
                0x0000000008004618      0x344 ./Drivers/STM32F4xx_HAL_Driver/Src/stm32f4xx_hal_spi.o
                0x0000000008004618                HAL_SPI_TransmitReceive
 .text.SPI_WaitFlagStateUntilTimeout
                0x000000000800495c      0x110 ./Drivers/STM32F4xx_HAL_Driver/Src/stm32f4xx_hal_spi.o
 .text.SPI_EndRxTransaction
                0x0000000008004a6c       0xca ./Drivers/STM32F4xx_HAL_Driver/Src/stm32f4xx_hal_spi.o
 *fill*         0x0000000008004b36        0x2 
 .text.SPI_EndRxTxTransaction
                0x0000000008004b38       0x84 ./Drivers/STM32F4xx_HAL_Driver/Src/stm32f4xx_hal_spi.o
 .text.HAL_TIM_Base_Init
                0x0000000008004bbc       0x9e ./Drivers/STM32F4xx_HAL_Driver/Src/stm32f4xx_hal_tim.o
                0x0000000008004bbc                HAL_TIM_Base_Init
 .text.HAL_TIM_Base_MspInit
                0x0000000008004c5a       0x14 ./Drivers/STM32F4xx_HAL_Driver/Src/stm32f4xx_hal_tim.o
                0x0000000008004c5a                HAL_TIM_Base_MspInit
 *fill*         0x0000000008004c6e        0x2 
 .text.HAL_TIM_Base_Start_IT
                0x0000000008004c70       0xc4 ./Drivers/STM32F4xx_HAL_Driver/Src/stm32f4xx_hal_tim.o
                0x0000000008004c70                HAL_TIM_Base_Start_IT
 .text.HAL_TIM_IRQHandler
                0x0000000008004d34      0x210 ./Drivers/STM32F4xx_HAL_Driver/Src/stm32f4xx_hal_tim.o
                0x0000000008004d34                HAL_TIM_IRQHandler
 .text.HAL_TIM_OC_DelayElapsedCallback
                0x0000000008004f44       0x14 ./Drivers/STM32F4xx_HAL_Driver/Src/stm32f4xx_hal_tim.o
                0x0000000008004f44                HAL_TIM_OC_DelayElapsedCallback
 .text.HAL_TIM_IC_CaptureCallback
                0x0000000008004f58       0x14 ./Drivers/STM32F4xx_HAL_Driver/Src/stm32f4xx_hal_tim.o
                0x0000000008004f58                HAL_TIM_IC_CaptureCallback
 .text.HAL_TIM_PWM_PulseFinishedCallback
                0x0000000008004f6c       0x14 ./Drivers/STM32F4xx_HAL_Driver/Src/stm32f4xx_hal_tim.o
                0x0000000008004f6c                HAL_TIM_PWM_PulseFinishedCallback
 .text.HAL_TIM_TriggerCallback
                0x0000000008004f80       0x14 ./Drivers/STM32F4xx_HAL_Driver/Src/stm32f4xx_hal_tim.o
                0x0000000008004f80                HAL_TIM_TriggerCallback
 .text.TIM_Base_SetConfig
                0x0000000008004f94      0x100 ./Drivers/STM32F4xx_HAL_Driver/Src/stm32f4xx_hal_tim.o
                0x0000000008004f94                TIM_Base_SetConfig
 .text.HAL_TIMEx_CommutCallback
                0x0000000008005094       0x14 ./Drivers/STM32F4xx_HAL_Driver/Src/stm32f4xx_hal_tim_ex.o
                0x0000000008005094                HAL_TIMEx_CommutCallback
 .text.HAL_TIMEx_BreakCallback
                0x00000000080050a8       0x14 ./Drivers/STM32F4xx_HAL_Driver/Src/stm32f4xx_hal_tim_ex.o
                0x00000000080050a8                HAL_TIMEx_BreakCallback
 .text.USB_CoreInit
                0x00000000080050bc       0xc2 ./Drivers/STM32F4xx_HAL_Driver/Src/stm32f4xx_ll_usb.o
                0x00000000080050bc                USB_CoreInit
 *fill*         0x000000000800517e        0x2 
 .text.USB_SetTurnaroundTime
                0x0000000008005180      0x144 ./Drivers/STM32F4xx_HAL_Driver/Src/stm32f4xx_ll_usb.o
                0x0000000008005180                USB_SetTurnaroundTime
 .text.USB_EnableGlobalInt
                0x00000000080052c4       0x22 ./Drivers/STM32F4xx_HAL_Driver/Src/stm32f4xx_ll_usb.o
                0x00000000080052c4                USB_EnableGlobalInt
 .text.USB_DisableGlobalInt
                0x00000000080052e6       0x22 ./Drivers/STM32F4xx_HAL_Driver/Src/stm32f4xx_ll_usb.o
                0x00000000080052e6                USB_DisableGlobalInt
 .text.USB_SetCurrentMode
                0x0000000008005308       0x98 ./Drivers/STM32F4xx_HAL_Driver/Src/stm32f4xx_ll_usb.o
                0x0000000008005308                USB_SetCurrentMode
 .text.USB_DevInit
                0x00000000080053a0      0x2c8 ./Drivers/STM32F4xx_HAL_Driver/Src/stm32f4xx_ll_usb.o
                0x00000000080053a0                USB_DevInit
 .text.USB_FlushTxFifo
                0x0000000008005668       0x68 ./Drivers/STM32F4xx_HAL_Driver/Src/stm32f4xx_ll_usb.o
                0x0000000008005668                USB_FlushTxFifo
 .text.USB_FlushRxFifo
                0x00000000080056d0       0x60 ./Drivers/STM32F4xx_HAL_Driver/Src/stm32f4xx_ll_usb.o
                0x00000000080056d0                USB_FlushRxFifo
 .text.USB_SetDevSpeed
                0x0000000008005730       0x32 ./Drivers/STM32F4xx_HAL_Driver/Src/stm32f4xx_ll_usb.o
                0x0000000008005730                USB_SetDevSpeed
 .text.USB_GetDevSpeed
                0x0000000008005762       0x4a ./Drivers/STM32F4xx_HAL_Driver/Src/stm32f4xx_ll_usb.o
                0x0000000008005762                USB_GetDevSpeed
 .text.USB_ActivateEndpoint
                0x00000000080057ac      0x10e ./Drivers/STM32F4xx_HAL_Driver/Src/stm32f4xx_ll_usb.o
                0x00000000080057ac                USB_ActivateEndpoint
 *fill*         0x00000000080058ba        0x2 
 .text.USB_DeactivateEndpoint
                0x00000000080058bc      0x1b8 ./Drivers/STM32F4xx_HAL_Driver/Src/stm32f4xx_ll_usb.o
                0x00000000080058bc                USB_DeactivateEndpoint
 .text.USB_EPStartXfer
                0x0000000008005a74      0x490 ./Drivers/STM32F4xx_HAL_Driver/Src/stm32f4xx_ll_usb.o
                0x0000000008005a74                USB_EPStartXfer
 .text.USB_EP0StartXfer
                0x0000000008005f04      0x2b0 ./Drivers/STM32F4xx_HAL_Driver/Src/stm32f4xx_ll_usb.o
                0x0000000008005f04                USB_EP0StartXfer
 .text.USB_EPStopXfer
                0x00000000080061b4      0x154 ./Drivers/STM32F4xx_HAL_Driver/Src/stm32f4xx_ll_usb.o
                0x00000000080061b4                USB_EPStopXfer
 .text.USB_WritePacket
                0x0000000008006308       0x7c ./Drivers/STM32F4xx_HAL_Driver/Src/stm32f4xx_ll_usb.o
                0x0000000008006308                USB_WritePacket
 .text.USB_ReadPacket
                0x0000000008006384       0xb0 ./Drivers/STM32F4xx_HAL_Driver/Src/stm32f4xx_ll_usb.o
                0x0000000008006384                USB_ReadPacket
 .text.USB_EPSetStall
                0x0000000008006434       0xdc ./Drivers/STM32F4xx_HAL_Driver/Src/stm32f4xx_ll_usb.o
                0x0000000008006434                USB_EPSetStall
 .text.USB_EPClearStall
                0x0000000008006510       0xcc ./Drivers/STM32F4xx_HAL_Driver/Src/stm32f4xx_ll_usb.o
                0x0000000008006510                USB_EPClearStall
 .text.USB_SetDevAddress
                0x00000000080065dc       0x4c ./Drivers/STM32F4xx_HAL_Driver/Src/stm32f4xx_ll_usb.o
                0x00000000080065dc                USB_SetDevAddress
 .text.USB_DevConnect
                0x0000000008006628       0x42 ./Drivers/STM32F4xx_HAL_Driver/Src/stm32f4xx_ll_usb.o
                0x0000000008006628                USB_DevConnect
 .text.USB_DevDisconnect
                0x000000000800666a       0x42 ./Drivers/STM32F4xx_HAL_Driver/Src/stm32f4xx_ll_usb.o
                0x000000000800666a                USB_DevDisconnect
 .text.USB_ReadInterrupts
                0x00000000080066ac       0x26 ./Drivers/STM32F4xx_HAL_Driver/Src/stm32f4xx_ll_usb.o
                0x00000000080066ac                USB_ReadInterrupts
 .text.USB_ReadDevAllOutEpInterrupt
                0x00000000080066d2       0x34 ./Drivers/STM32F4xx_HAL_Driver/Src/stm32f4xx_ll_usb.o
                0x00000000080066d2                USB_ReadDevAllOutEpInterrupt
 .text.USB_ReadDevAllInEpInterrupt
                0x0000000008006706       0x34 ./Drivers/STM32F4xx_HAL_Driver/Src/stm32f4xx_ll_usb.o
                0x0000000008006706                USB_ReadDevAllInEpInterrupt
 .text.USB_ReadDevOutEPInterrupt
                0x000000000800673a       0x3c ./Drivers/STM32F4xx_HAL_Driver/Src/stm32f4xx_ll_usb.o
                0x000000000800673a                USB_ReadDevOutEPInterrupt
 .text.USB_ReadDevInEPInterrupt
                0x0000000008006776       0x5c ./Drivers/STM32F4xx_HAL_Driver/Src/stm32f4xx_ll_usb.o
                0x0000000008006776                USB_ReadDevInEPInterrupt
 .text.USB_GetMode
                0x00000000080067d2       0x1c ./Drivers/STM32F4xx_HAL_Driver/Src/stm32f4xx_ll_usb.o
                0x00000000080067d2                USB_GetMode
 .text.USB_ActivateSetup
                0x00000000080067ee       0x46 ./Drivers/STM32F4xx_HAL_Driver/Src/stm32f4xx_ll_usb.o
                0x00000000080067ee                USB_ActivateSetup
 .text.USB_EP0_OutStart
                0x0000000008006834       0xbc ./Drivers/STM32F4xx_HAL_Driver/Src/stm32f4xx_ll_usb.o
                0x0000000008006834                USB_EP0_OutStart
 .text.USB_CoreReset
                0x00000000080068f0       0x68 ./Drivers/STM32F4xx_HAL_Driver/Src/stm32f4xx_ll_usb.o
 .text.USBD_CDC_Init
                0x0000000008006958      0x1f0 ./Middlewares/ST/STM32_USB_Device_Library/Class/CDC/Src/usbd_cdc.o
 .text.USBD_CDC_DeInit
                0x0000000008006b48      0x104 ./Middlewares/ST/STM32_USB_Device_Library/Class/CDC/Src/usbd_cdc.o
 .text.USBD_CDC_Setup
                0x0000000008006c4c      0x1b8 ./Middlewares/ST/STM32_USB_Device_Library/Class/CDC/Src/usbd_cdc.o
 .text.USBD_CDC_DataIn
                0x0000000008006e04       0xfe ./Middlewares/ST/STM32_USB_Device_Library/Class/CDC/Src/usbd_cdc.o
 .text.USBD_CDC_DataOut
                0x0000000008006f02       0x70 ./Middlewares/ST/STM32_USB_Device_Library/Class/CDC/Src/usbd_cdc.o
 .text.USBD_CDC_EP0_RxReady
                0x0000000008006f72       0x76 ./Middlewares/ST/STM32_USB_Device_Library/Class/CDC/Src/usbd_cdc.o
 .text.USBD_CDC_GetFSCfgDesc
                0x0000000008006fe8       0x70 ./Middlewares/ST/STM32_USB_Device_Library/Class/CDC/Src/usbd_cdc.o
 .text.USBD_CDC_GetHSCfgDesc
                0x0000000008007058       0x70 ./Middlewares/ST/STM32_USB_Device_Library/Class/CDC/Src/usbd_cdc.o
 .text.USBD_CDC_GetOtherSpeedCfgDesc
                0x00000000080070c8       0x70 ./Middlewares/ST/STM32_USB_Device_Library/Class/CDC/Src/usbd_cdc.o
 .text.USBD_CDC_GetDeviceQualifierDescriptor
                0x0000000008007138       0x20 ./Middlewares/ST/STM32_USB_Device_Library/Class/CDC/Src/usbd_cdc.o
                0x0000000008007138                USBD_CDC_GetDeviceQualifierDescriptor
 .text.USBD_CDC_RegisterInterface
                0x0000000008007158       0x34 ./Middlewares/ST/STM32_USB_Device_Library/Class/CDC/Src/usbd_cdc.o
                0x0000000008007158                USBD_CDC_RegisterInterface
 .text.USBD_CDC_SetTxBuffer
                0x000000000800718c       0x44 ./Middlewares/ST/STM32_USB_Device_Library/Class/CDC/Src/usbd_cdc.o
                0x000000000800718c                USBD_CDC_SetTxBuffer
 .text.USBD_CDC_SetRxBuffer
                0x00000000080071d0       0x3a ./Middlewares/ST/STM32_USB_Device_Library/Class/CDC/Src/usbd_cdc.o
                0x00000000080071d0                USBD_CDC_SetRxBuffer
 *fill*         0x000000000800720a        0x2 
 .text.USBD_CDC_TransmitPacket
                0x000000000800720c       0x8c ./Middlewares/ST/STM32_USB_Device_Library/Class/CDC/Src/usbd_cdc.o
                0x000000000800720c                USBD_CDC_TransmitPacket
 .text.USBD_CDC_ReceivePacket
                0x0000000008007298       0x6c ./Middlewares/ST/STM32_USB_Device_Library/Class/CDC/Src/usbd_cdc.o
                0x0000000008007298                USBD_CDC_ReceivePacket
 .text.USBD_Init
                0x0000000008007304       0x60 ./Middlewares/ST/STM32_USB_Device_Library/Core/Src/usbd_core.o
                0x0000000008007304                USBD_Init
 .text.USBD_RegisterClass
                0x0000000008007364       0x6c ./Middlewares/ST/STM32_USB_Device_Library/Core/Src/usbd_core.o
                0x0000000008007364                USBD_RegisterClass
 .text.USBD_Start
                0x00000000080073d0       0x18 ./Middlewares/ST/STM32_USB_Device_Library/Core/Src/usbd_core.o
                0x00000000080073d0                USBD_Start
 .text.USBD_RunTestMode
                0x00000000080073e8       0x16 ./Middlewares/ST/STM32_USB_Device_Library/Core/Src/usbd_core.o
                0x00000000080073e8                USBD_RunTestMode
 .text.USBD_SetClassConfig
                0x00000000080073fe       0x38 ./Middlewares/ST/STM32_USB_Device_Library/Core/Src/usbd_core.o
                0x00000000080073fe                USBD_SetClassConfig
 .text.USBD_ClrClassConfig
                0x0000000008007436       0x34 ./Middlewares/ST/STM32_USB_Device_Library/Core/Src/usbd_core.o
                0x0000000008007436                USBD_ClrClassConfig
 .text.USBD_LL_SetupStage
                0x000000000800746a       0xaa ./Middlewares/ST/STM32_USB_Device_Library/Core/Src/usbd_core.o
                0x000000000800746a                USBD_LL_SetupStage
 .text.USBD_LL_DataOutStage
                0x0000000008007514      0x166 ./Middlewares/ST/STM32_USB_Device_Library/Core/Src/usbd_core.o
                0x0000000008007514                USBD_LL_DataOutStage
 .text.USBD_LL_DataInStage
                0x000000000800767a      0x164 ./Middlewares/ST/STM32_USB_Device_Library/Core/Src/usbd_core.o
                0x000000000800767a                USBD_LL_DataInStage
 .text.USBD_LL_Reset
                0x00000000080077de       0xa4 ./Middlewares/ST/STM32_USB_Device_Library/Core/Src/usbd_core.o
                0x00000000080077de                USBD_LL_Reset
 .text.USBD_LL_SetSpeed
                0x0000000008007882       0x20 ./Middlewares/ST/STM32_USB_Device_Library/Core/Src/usbd_core.o
                0x0000000008007882                USBD_LL_SetSpeed
 .text.USBD_LL_Suspend
                0x00000000080078a2       0x2c ./Middlewares/ST/STM32_USB_Device_Library/Core/Src/usbd_core.o
                0x00000000080078a2                USBD_LL_Suspend
 .text.USBD_LL_Resume
                0x00000000080078ce       0x30 ./Middlewares/ST/STM32_USB_Device_Library/Core/Src/usbd_core.o
                0x00000000080078ce                USBD_LL_Resume
 .text.USBD_LL_SOF
                0x00000000080078fe       0x40 ./Middlewares/ST/STM32_USB_Device_Library/Core/Src/usbd_core.o
                0x00000000080078fe                USBD_LL_SOF
 .text.USBD_LL_IsoINIncomplete
                0x000000000800793e       0x64 ./Middlewares/ST/STM32_USB_Device_Library/Core/Src/usbd_core.o
                0x000000000800793e                USBD_LL_IsoINIncomplete
 .text.USBD_LL_IsoOUTIncomplete
                0x00000000080079a2       0x64 ./Middlewares/ST/STM32_USB_Device_Library/Core/Src/usbd_core.o
                0x00000000080079a2                USBD_LL_IsoOUTIncomplete
 .text.USBD_LL_DevConnected
                0x0000000008007a06       0x16 ./Middlewares/ST/STM32_USB_Device_Library/Core/Src/usbd_core.o
                0x0000000008007a06                USBD_LL_DevConnected
 .text.USBD_LL_DevDisconnected
                0x0000000008007a1c       0x46 ./Middlewares/ST/STM32_USB_Device_Library/Core/Src/usbd_core.o
                0x0000000008007a1c                USBD_LL_DevDisconnected
 .text.USBD_CoreFindIF
                0x0000000008007a62       0x1a ./Middlewares/ST/STM32_USB_Device_Library/Core/Src/usbd_core.o
                0x0000000008007a62                USBD_CoreFindIF
 .text.USBD_CoreFindEP
                0x0000000008007a7c       0x1a ./Middlewares/ST/STM32_USB_Device_Library/Core/Src/usbd_core.o
                0x0000000008007a7c                USBD_CoreFindEP
 .text.USBD_GetEpDesc
                0x0000000008007a96       0x74 ./Middlewares/ST/STM32_USB_Device_Library/Core/Src/usbd_core.o
                0x0000000008007a96                USBD_GetEpDesc
 .text.USBD_GetNextDesc
                0x0000000008007b0a       0x3a ./Middlewares/ST/STM32_USB_Device_Library/Core/Src/usbd_core.o
                0x0000000008007b0a                USBD_GetNextDesc
 .text.SWAPBYTE
                0x0000000008007b44       0x3c ./Middlewares/ST/STM32_USB_Device_Library/Core/Src/usbd_ctlreq.o
 .text.USBD_StdDevReq
                0x0000000008007b80       0xe4 ./Middlewares/ST/STM32_USB_Device_Library/Core/Src/usbd_ctlreq.o
                0x0000000008007b80                USBD_StdDevReq
 .text.USBD_StdItfReq
                0x0000000008007c64       0xd8 ./Middlewares/ST/STM32_USB_Device_Library/Core/Src/usbd_ctlreq.o
                0x0000000008007c64                USBD_StdItfReq
 .text.USBD_StdEPReq
                0x0000000008007d3c      0x33a ./Middlewares/ST/STM32_USB_Device_Library/Core/Src/usbd_ctlreq.o
                0x0000000008007d3c                USBD_StdEPReq
 *fill*         0x0000000008008076        0x2 
 .text.USBD_GetDescriptor
                0x0000000008008078      0x2d4 ./Middlewares/ST/STM32_USB_Device_Library/Core/Src/usbd_ctlreq.o
 .text.USBD_SetAddress
                0x000000000800834c       0x88 ./Middlewares/ST/STM32_USB_Device_Library/Core/Src/usbd_ctlreq.o
 .text.USBD_SetConfig
                0x00000000080083d4      0x154 ./Middlewares/ST/STM32_USB_Device_Library/Core/Src/usbd_ctlreq.o
 .text.USBD_GetConfig
                0x0000000008008528       0x6c ./Middlewares/ST/STM32_USB_Device_Library/Core/Src/usbd_ctlreq.o
 .text.USBD_GetStatus
                0x0000000008008594       0x68 ./Middlewares/ST/STM32_USB_Device_Library/Core/Src/usbd_ctlreq.o
 .text.USBD_SetFeature
                0x00000000080085fc       0x52 ./Middlewares/ST/STM32_USB_Device_Library/Core/Src/usbd_ctlreq.o
 .text.USBD_ClrFeature
                0x000000000800864e       0x44 ./Middlewares/ST/STM32_USB_Device_Library/Core/Src/usbd_ctlreq.o
 .text.USBD_ParseSetupRequest
                0x0000000008008692       0x74 ./Middlewares/ST/STM32_USB_Device_Library/Core/Src/usbd_ctlreq.o
                0x0000000008008692                USBD_ParseSetupRequest
 .text.USBD_CtlError
                0x0000000008008706       0x22 ./Middlewares/ST/STM32_USB_Device_Library/Core/Src/usbd_ctlreq.o
                0x0000000008008706                USBD_CtlError
 .text.USBD_GetString
                0x0000000008008728       0x8c ./Middlewares/ST/STM32_USB_Device_Library/Core/Src/usbd_ctlreq.o
                0x0000000008008728                USBD_GetString
 .text.USBD_GetLen
                0x00000000080087b4       0x34 ./Middlewares/ST/STM32_USB_Device_Library/Core/Src/usbd_ctlreq.o
 .text.USBD_CtlSendData
                0x00000000080087e8       0x36 ./Middlewares/ST/STM32_USB_Device_Library/Core/Src/usbd_ioreq.o
                0x00000000080087e8                USBD_CtlSendData
 .text.USBD_CtlContinueSendData
                0x000000000800881e       0x22 ./Middlewares/ST/STM32_USB_Device_Library/Core/Src/usbd_ioreq.o
                0x000000000800881e                USBD_CtlContinueSendData
 .text.USBD_CtlPrepareRx
                0x0000000008008840       0x3a ./Middlewares/ST/STM32_USB_Device_Library/Core/Src/usbd_ioreq.o
                0x0000000008008840                USBD_CtlPrepareRx
 .text.USBD_CtlContinueRx
                0x000000000800887a       0x22 ./Middlewares/ST/STM32_USB_Device_Library/Core/Src/usbd_ioreq.o
                0x000000000800887a                USBD_CtlContinueRx
 .text.USBD_CtlSendStatus
                0x000000000800889c       0x26 ./Middlewares/ST/STM32_USB_Device_Library/Core/Src/usbd_ioreq.o
                0x000000000800889c                USBD_CtlSendStatus
 .text.USBD_CtlReceiveStatus
                0x00000000080088c2       0x26 ./Middlewares/ST/STM32_USB_Device_Library/Core/Src/usbd_ioreq.o
                0x00000000080088c2                USBD_CtlReceiveStatus
 .text.__NVIC_SetPriority
                0x00000000080088e8       0x54 ./Middlewares/Third_Party/FreeRTOS/Source/CMSIS_RTOS_V2/cmsis_os2.o
 .text.SysTick_Handler
                0x000000000800893c       0x20 ./Middlewares/Third_Party/FreeRTOS/Source/CMSIS_RTOS_V2/cmsis_os2.o
                0x000000000800893c                SysTick_Handler
 .text.SVC_Setup
                0x000000000800895c       0x12 ./Middlewares/Third_Party/FreeRTOS/Source/CMSIS_RTOS_V2/cmsis_os2.o
 *fill*         0x000000000800896e        0x2 
 .text.osKernelInitialize
                0x0000000008008970       0x48 ./Middlewares/Third_Party/FreeRTOS/Source/CMSIS_RTOS_V2/cmsis_os2.o
                0x0000000008008970                osKernelInitialize
 .text.osKernelStart
                0x00000000080089b8       0x4c ./Middlewares/Third_Party/FreeRTOS/Source/CMSIS_RTOS_V2/cmsis_os2.o
                0x00000000080089b8                osKernelStart
 .text.osThreadNew
                0x0000000008008a04      0x124 ./Middlewares/Third_Party/FreeRTOS/Source/CMSIS_RTOS_V2/cmsis_os2.o
                0x0000000008008a04                osThreadNew
 .text.osDelay  0x0000000008008b28       0x36 ./Middlewares/Third_Party/FreeRTOS/Source/CMSIS_RTOS_V2/cmsis_os2.o
                0x0000000008008b28                osDelay
 *fill*         0x0000000008008b5e        0x2 
 .text.vApplicationGetIdleTaskMemory
                0x0000000008008b60       0x34 ./Middlewares/Third_Party/FreeRTOS/Source/CMSIS_RTOS_V2/cmsis_os2.o
                0x0000000008008b60                vApplicationGetIdleTaskMemory
 .text.vApplicationGetTimerTaskMemory
                0x0000000008008b94       0x34 ./Middlewares/Third_Party/FreeRTOS/Source/CMSIS_RTOS_V2/cmsis_os2.o
                0x0000000008008b94                vApplicationGetTimerTaskMemory
 .text.vListInitialise
                0x0000000008008bc8       0x40 ./Middlewares/Third_Party/FreeRTOS/Source/list.o
                0x0000000008008bc8                vListInitialise
 .text.vListInitialiseItem
                0x0000000008008c08       0x1a ./Middlewares/Third_Party/FreeRTOS/Source/list.o
                0x0000000008008c08                vListInitialiseItem
 .text.vListInsertEnd
                0x0000000008008c22       0x48 ./Middlewares/Third_Party/FreeRTOS/Source/list.o
                0x0000000008008c22                vListInsertEnd
 .text.vListInsert
                0x0000000008008c6a       0x72 ./Middlewares/Third_Party/FreeRTOS/Source/list.o
                0x0000000008008c6a                vListInsert
 .text.uxListRemove
                0x0000000008008cdc       0x54 ./Middlewares/Third_Party/FreeRTOS/Source/list.o
                0x0000000008008cdc                uxListRemove
 .text.xQueueGenericReset
                0x0000000008008d30       0xd0 ./Middlewares/Third_Party/FreeRTOS/Source/queue.o
                0x0000000008008d30                xQueueGenericReset
 .text.xQueueGenericCreateStatic
                0x0000000008008e00       0xf0 ./Middlewares/Third_Party/FreeRTOS/Source/queue.o
                0x0000000008008e00                xQueueGenericCreateStatic
 .text.xQueueGenericCreate
                0x0000000008008ef0       0x74 ./Middlewares/Third_Party/FreeRTOS/Source/queue.o
                0x0000000008008ef0                xQueueGenericCreate
 .text.prvInitialiseNewQueue
                0x0000000008008f64       0x46 ./Middlewares/Third_Party/FreeRTOS/Source/queue.o
 *fill*         0x0000000008008faa        0x2 
 .text.xQueueGenericSend
                0x0000000008008fac      0x1fc ./Middlewares/Third_Party/FreeRTOS/Source/queue.o
                0x0000000008008fac                xQueueGenericSend
 .text.xQueueGenericSendFromISR
                0x00000000080091a8      0x136 ./Middlewares/Third_Party/FreeRTOS/Source/queue.o
                0x00000000080091a8                xQueueGenericSendFromISR
 *fill*         0x00000000080092de        0x2 
 .text.xQueueReceive
                0x00000000080092e0      0x1c0 ./Middlewares/Third_Party/FreeRTOS/Source/queue.o
                0x00000000080092e0                xQueueReceive
 .text.prvCopyDataToQueue
                0x00000000080094a0       0xd4 ./Middlewares/Third_Party/FreeRTOS/Source/queue.o
 .text.prvCopyDataFromQueue
                0x0000000008009574       0x4c ./Middlewares/Third_Party/FreeRTOS/Source/queue.o
 .text.prvUnlockQueue
                0x00000000080095c0       0xa4 ./Middlewares/Third_Party/FreeRTOS/Source/queue.o
 .text.prvIsQueueEmpty
                0x0000000008009664       0x2c ./Middlewares/Third_Party/FreeRTOS/Source/queue.o
 .text.prvIsQueueFull
                0x0000000008009690       0x30 ./Middlewares/Third_Party/FreeRTOS/Source/queue.o
 .text.vQueueAddToRegistry
                0x00000000080096c0       0x54 ./Middlewares/Third_Party/FreeRTOS/Source/queue.o
                0x00000000080096c0                vQueueAddToRegistry
 .text.vQueueWaitForMessageRestricted
                0x0000000008009714       0x68 ./Middlewares/Third_Party/FreeRTOS/Source/queue.o
                0x0000000008009714                vQueueWaitForMessageRestricted
 .text.xTaskCreateStatic
                0x000000000800977c       0xba ./Middlewares/Third_Party/FreeRTOS/Source/tasks.o
                0x000000000800977c                xTaskCreateStatic
 .text.xTaskCreate
                0x0000000008009836       0x8a ./Middlewares/Third_Party/FreeRTOS/Source/tasks.o
                0x0000000008009836                xTaskCreate
 .text.prvInitialiseNewTask
                0x00000000080098c0      0x14c ./Middlewares/Third_Party/FreeRTOS/Source/tasks.o
 .text.prvAddNewTaskToReadyList
                0x0000000008009a0c       0xe0 ./Middlewares/Third_Party/FreeRTOS/Source/tasks.o
 .text.vTaskDelay
                0x0000000008009aec       0x68 ./Middlewares/Third_Party/FreeRTOS/Source/tasks.o
                0x0000000008009aec                vTaskDelay
 .text.vTaskStartScheduler
                0x0000000008009b54       0xe0 ./Middlewares/Third_Party/FreeRTOS/Source/tasks.o
                0x0000000008009b54                vTaskStartScheduler
 .text.vTaskSuspendAll
                0x0000000008009c34       0x1c ./Middlewares/Third_Party/FreeRTOS/Source/tasks.o
                0x0000000008009c34                vTaskSuspendAll
 .text.xTaskResumeAll
                0x0000000008009c50      0x13c ./Middlewares/Third_Party/FreeRTOS/Source/tasks.o
                0x0000000008009c50                xTaskResumeAll
 .text.xTaskGetTickCount
                0x0000000008009d8c       0x20 ./Middlewares/Third_Party/FreeRTOS/Source/tasks.o
                0x0000000008009d8c                xTaskGetTickCount
 .text.xTaskIncrementTick
                0x0000000008009dac      0x174 ./Middlewares/Third_Party/FreeRTOS/Source/tasks.o
                0x0000000008009dac                xTaskIncrementTick
 .text.vTaskSwitchContext
                0x0000000008009f20       0xc8 ./Middlewares/Third_Party/FreeRTOS/Source/tasks.o
                0x0000000008009f20                vTaskSwitchContext
 .text.vTaskPlaceOnEventList
                0x0000000008009fe8       0x48 ./Middlewares/Third_Party/FreeRTOS/Source/tasks.o
                0x0000000008009fe8                vTaskPlaceOnEventList
 .text.vTaskPlaceOnEventListRestricted
                0x000000000800a030       0x58 ./Middlewares/Third_Party/FreeRTOS/Source/tasks.o
                0x000000000800a030                vTaskPlaceOnEventListRestricted
 .text.xTaskRemoveFromEventList
                0x000000000800a088       0xc8 ./Middlewares/Third_Party/FreeRTOS/Source/tasks.o
                0x000000000800a088                xTaskRemoveFromEventList
 .text.vTaskInternalSetTimeOutState
                0x000000000800a150       0x2c ./Middlewares/Third_Party/FreeRTOS/Source/tasks.o
                0x000000000800a150                vTaskInternalSetTimeOutState
 .text.xTaskCheckForTimeOut
                0x000000000800a17c       0xc4 ./Middlewares/Third_Party/FreeRTOS/Source/tasks.o
                0x000000000800a17c                xTaskCheckForTimeOut
 .text.vTaskMissedYield
                0x000000000800a240       0x18 ./Middlewares/Third_Party/FreeRTOS/Source/tasks.o
                0x000000000800a240                vTaskMissedYield
 .text.prvIdleTask
                0x000000000800a258       0x30 ./Middlewares/Third_Party/FreeRTOS/Source/tasks.o
 .text.prvInitialiseTaskLists
                0x000000000800a288       0x80 ./Middlewares/Third_Party/FreeRTOS/Source/tasks.o
 .text.prvCheckTasksWaitingTermination
                0x000000000800a308       0x5c ./Middlewares/Third_Party/FreeRTOS/Source/tasks.o
 .text.prvDeleteTCB
                0x000000000800a364       0x68 ./Middlewares/Third_Party/FreeRTOS/Source/tasks.o
 .text.prvResetNextTaskUnblockTime
                0x000000000800a3cc       0x40 ./Middlewares/Third_Party/FreeRTOS/Source/tasks.o
 .text.xTaskGetSchedulerState
                0x000000000800a40c       0x3c ./Middlewares/Third_Party/FreeRTOS/Source/tasks.o
                0x000000000800a40c                xTaskGetSchedulerState
 .text.xTaskPriorityDisinherit
                0x000000000800a448       0xdc ./Middlewares/Third_Party/FreeRTOS/Source/tasks.o
                0x000000000800a448                xTaskPriorityDisinherit
 .text.prvAddCurrentTaskToDelayedList
                0x000000000800a524       0xa8 ./Middlewares/Third_Party/FreeRTOS/Source/tasks.o
 .text.xTimerCreateTimerTask
                0x000000000800a5cc       0x90 ./Middlewares/Third_Party/FreeRTOS/Source/timers.o
                0x000000000800a5cc                xTimerCreateTimerTask
 .text.xTimerGenericCommand
                0x000000000800a65c       0x9c ./Middlewares/Third_Party/FreeRTOS/Source/timers.o
                0x000000000800a65c                xTimerGenericCommand
 .text.prvProcessExpiredTimer
                0x000000000800a6f8       0x98 ./Middlewares/Third_Party/FreeRTOS/Source/timers.o
 .text.prvTimerTask
                0x000000000800a790       0x24 ./Middlewares/Third_Party/FreeRTOS/Source/timers.o
 .text.prvProcessTimerOrBlockTask
                0x000000000800a7b4       0x9c ./Middlewares/Third_Party/FreeRTOS/Source/timers.o
 .text.prvGetNextExpireTime
                0x000000000800a850       0x48 ./Middlewares/Third_Party/FreeRTOS/Source/timers.o
 .text.prvSampleTimeNow
                0x000000000800a898       0x40 ./Middlewares/Third_Party/FreeRTOS/Source/timers.o
 .text.prvInsertTimerInActiveList
                0x000000000800a8d8       0x84 ./Middlewares/Third_Party/FreeRTOS/Source/timers.o
 .text.prvProcessReceivedCommands
                0x000000000800a95c      0x1c4 ./Middlewares/Third_Party/FreeRTOS/Source/timers.o
 .text.prvSwitchTimerLists
                0x000000000800ab20       0xc8 ./Middlewares/Third_Party/FreeRTOS/Source/timers.o
 .text.prvCheckForValidListAndQueue
                0x000000000800abe8       0x80 ./Middlewares/Third_Party/FreeRTOS/Source/timers.o
 .text.pxPortInitialiseStack
                0x000000000800ac68       0x68 ./Middlewares/Third_Party/FreeRTOS/Source/portable/GCC/ARM_CM4F/port.o
                0x000000000800ac68                pxPortInitialiseStack
 .text.prvTaskExitError
                0x000000000800acd0       0x58 ./Middlewares/Third_Party/FreeRTOS/Source/portable/GCC/ARM_CM4F/port.o
 *fill*         0x000000000800ad28        0x8 
 .text.SVC_Handler
                0x000000000800ad30       0x28 ./Middlewares/Third_Party/FreeRTOS/Source/portable/GCC/ARM_CM4F/port.o
                0x000000000800ad30                SVC_Handler
 .text.prvPortStartFirstTask
                0x000000000800ad58       0x28 ./Middlewares/Third_Party/FreeRTOS/Source/portable/GCC/ARM_CM4F/port.o
 .text.xPortStartScheduler
                0x000000000800ad80      0x144 ./Middlewares/Third_Party/FreeRTOS/Source/portable/GCC/ARM_CM4F/port.o
                0x000000000800ad80                xPortStartScheduler
 .text.vPortEnterCritical
                0x000000000800aec4       0x60 ./Middlewares/Third_Party/FreeRTOS/Source/portable/GCC/ARM_CM4F/port.o
                0x000000000800aec4                vPortEnterCritical
 .text.vPortExitCritical
                0x000000000800af24       0x54 ./Middlewares/Third_Party/FreeRTOS/Source/portable/GCC/ARM_CM4F/port.o
                0x000000000800af24                vPortExitCritical
 *fill*         0x000000000800af78        0x8 
 .text.PendSV_Handler
                0x000000000800af80       0x68 ./Middlewares/Third_Party/FreeRTOS/Source/portable/GCC/ARM_CM4F/port.o
                0x000000000800af80                PendSV_Handler
 .text.xPortSysTickHandler
                0x000000000800afe8       0x44 ./Middlewares/Third_Party/FreeRTOS/Source/portable/GCC/ARM_CM4F/port.o
                0x000000000800afe8                xPortSysTickHandler
 .text.vPortSetupTimerInterrupt
                0x000000000800b02c       0x48 ./Middlewares/Third_Party/FreeRTOS/Source/portable/GCC/ARM_CM4F/port.o
                0x000000000800b02c                vPortSetupTimerInterrupt
 .text.vPortEnableVFP
                0x000000000800b074       0x14 ./Middlewares/Third_Party/FreeRTOS/Source/portable/GCC/ARM_CM4F/port.o
 .text.vPortValidateInterruptPriority
                0x000000000800b088       0x80 ./Middlewares/Third_Party/FreeRTOS/Source/portable/GCC/ARM_CM4F/port.o
                0x000000000800b088                vPortValidateInterruptPriority
 .text.pvPortMalloc
                0x000000000800b108      0x198 ./Middlewares/Third_Party/FreeRTOS/Source/portable/MemMang/heap_4.o
                0x000000000800b108                pvPortMalloc
 .text.vPortFree
                0x000000000800b2a0       0xc4 ./Middlewares/Third_Party/FreeRTOS/Source/portable/MemMang/heap_4.o
                0x000000000800b2a0                vPortFree
 .text.prvHeapInit
                0x000000000800b364       0xc4 ./Middlewares/Third_Party/FreeRTOS/Source/portable/MemMang/heap_4.o
 .text.prvInsertBlockIntoFreeList
                0x000000000800b428       0xb4 ./Middlewares/Third_Party/FreeRTOS/Source/portable/MemMang/heap_4.o
 .text.MX_USB_DEVICE_Init
                0x000000000800b4dc       0x60 ./USB_DEVICE/App/usb_device.o
                0x000000000800b4dc                MX_USB_DEVICE_Init
 .text.CDC_Init_FS
                0x000000000800b53c       0x28 ./USB_DEVICE/App/usbd_cdc_if.o
 .text.CDC_DeInit_FS
                0x000000000800b564       0x10 ./USB_DEVICE/App/usbd_cdc_if.o
 .text.CDC_Control_FS
                0x000000000800b574       0xbc ./USB_DEVICE/App/usbd_cdc_if.o
 .text.CDC_Receive_FS
                0x000000000800b630       0x28 ./USB_DEVICE/App/usbd_cdc_if.o
 .text.CDC_Transmit_FS
                0x000000000800b658       0x4c ./USB_DEVICE/App/usbd_cdc_if.o
                0x000000000800b658                CDC_Transmit_FS
 .text.CDC_TransmitCplt_FS
                0x000000000800b6a4       0x22 ./USB_DEVICE/App/usbd_cdc_if.o
 *fill*         0x000000000800b6c6        0x2 
 .text.USBD_FS_DeviceDescriptor
                0x000000000800b6c8       0x24 ./USB_DEVICE/App/usbd_desc.o
                0x000000000800b6c8                USBD_FS_DeviceDescriptor
 .text.USBD_FS_LangIDStrDescriptor
                0x000000000800b6ec       0x24 ./USB_DEVICE/App/usbd_desc.o
                0x000000000800b6ec                USBD_FS_LangIDStrDescriptor
 .text.USBD_FS_ProductStrDescriptor
                0x000000000800b710       0x3c ./USB_DEVICE/App/usbd_desc.o
                0x000000000800b710                USBD_FS_ProductStrDescriptor
 .text.USBD_FS_ManufacturerStrDescriptor
                0x000000000800b74c       0x28 ./USB_DEVICE/App/usbd_desc.o
                0x000000000800b74c                USBD_FS_ManufacturerStrDescriptor
 .text.USBD_FS_SerialStrDescriptor
                0x000000000800b774       0x24 ./USB_DEVICE/App/usbd_desc.o
                0x000000000800b774                USBD_FS_SerialStrDescriptor
 .text.USBD_FS_ConfigStrDescriptor
                0x000000000800b798       0x3c ./USB_DEVICE/App/usbd_desc.o
                0x000000000800b798                USBD_FS_ConfigStrDescriptor
 .text.USBD_FS_InterfaceStrDescriptor
                0x000000000800b7d4       0x3c ./USB_DEVICE/App/usbd_desc.o
                0x000000000800b7d4                USBD_FS_InterfaceStrDescriptor
 .text.Get_SerialNum
                0x000000000800b810       0x58 ./USB_DEVICE/App/usbd_desc.o
 .text.IntToUnicode
                0x000000000800b868       0x7e ./USB_DEVICE/App/usbd_desc.o
 *fill*         0x000000000800b8e6        0x2 
 .text.HAL_PCD_MspInit
                0x000000000800b8e8       0xc4 ./USB_DEVICE/Target/usbd_conf.o
                0x000000000800b8e8                HAL_PCD_MspInit
 .text.HAL_PCD_SetupStageCallback
                0x000000000800b9ac       0x24 ./USB_DEVICE/Target/usbd_conf.o
                0x000000000800b9ac                HAL_PCD_SetupStageCallback
 .text.HAL_PCD_DataOutStageCallback
                0x000000000800b9d0       0x36 ./USB_DEVICE/Target/usbd_conf.o
                0x000000000800b9d0                HAL_PCD_DataOutStageCallback
 .text.HAL_PCD_DataInStageCallback
                0x000000000800ba06       0x34 ./USB_DEVICE/Target/usbd_conf.o
                0x000000000800ba06                HAL_PCD_DataInStageCallback
 .text.HAL_PCD_SOFCallback
                0x000000000800ba3a       0x1c ./USB_DEVICE/Target/usbd_conf.o
                0x000000000800ba3a                HAL_PCD_SOFCallback
 .text.HAL_PCD_ResetCallback
                0x000000000800ba56       0x3c ./USB_DEVICE/Target/usbd_conf.o
                0x000000000800ba56                HAL_PCD_ResetCallback
 *fill*         0x000000000800ba92        0x2 
 .text.HAL_PCD_SuspendCallback
                0x000000000800ba94       0x4c ./USB_DEVICE/Target/usbd_conf.o
                0x000000000800ba94                HAL_PCD_SuspendCallback
 .text.HAL_PCD_ResumeCallback
                0x000000000800bae0       0x1c ./USB_DEVICE/Target/usbd_conf.o
                0x000000000800bae0                HAL_PCD_ResumeCallback
 .text.HAL_PCD_ISOOUTIncompleteCallback
                0x000000000800bafc       0x24 ./USB_DEVICE/Target/usbd_conf.o
                0x000000000800bafc                HAL_PCD_ISOOUTIncompleteCallback
 .text.HAL_PCD_ISOINIncompleteCallback
                0x000000000800bb20       0x24 ./USB_DEVICE/Target/usbd_conf.o
                0x000000000800bb20                HAL_PCD_ISOINIncompleteCallback
 .text.HAL_PCD_ConnectCallback
                0x000000000800bb44       0x1c ./USB_DEVICE/Target/usbd_conf.o
                0x000000000800bb44                HAL_PCD_ConnectCallback
 .text.HAL_PCD_DisconnectCallback
                0x000000000800bb60       0x1c ./USB_DEVICE/Target/usbd_conf.o
                0x000000000800bb60                HAL_PCD_DisconnectCallback
 .text.USBD_LL_Init
                0x000000000800bb7c       0x98 ./USB_DEVICE/Target/usbd_conf.o
                0x000000000800bb7c                USBD_LL_Init
 .text.USBD_LL_Start
                0x000000000800bc14       0x36 ./USB_DEVICE/Target/usbd_conf.o
                0x000000000800bc14                USBD_LL_Start
 .text.USBD_LL_OpenEP
                0x000000000800bc4a       0x4c ./USB_DEVICE/Target/usbd_conf.o
                0x000000000800bc4a                USBD_LL_OpenEP
 .text.USBD_LL_CloseEP
                0x000000000800bc96       0x3e ./USB_DEVICE/Target/usbd_conf.o
                0x000000000800bc96                USBD_LL_CloseEP
 .text.USBD_LL_StallEP
                0x000000000800bcd4       0x3e ./USB_DEVICE/Target/usbd_conf.o
                0x000000000800bcd4                USBD_LL_StallEP
 .text.USBD_LL_ClearStallEP
                0x000000000800bd12       0x3e ./USB_DEVICE/Target/usbd_conf.o
                0x000000000800bd12                USBD_LL_ClearStallEP
 .text.USBD_LL_IsStallEP
                0x000000000800bd50       0x58 ./USB_DEVICE/Target/usbd_conf.o
                0x000000000800bd50                USBD_LL_IsStallEP
 .text.USBD_LL_SetUSBAddress
                0x000000000800bda8       0x3e ./USB_DEVICE/Target/usbd_conf.o
                0x000000000800bda8                USBD_LL_SetUSBAddress
 .text.USBD_LL_Transmit
                0x000000000800bde6       0x42 ./USB_DEVICE/Target/usbd_conf.o
                0x000000000800bde6                USBD_LL_Transmit
 .text.USBD_LL_PrepareReceive
                0x000000000800be28       0x42 ./USB_DEVICE/Target/usbd_conf.o
                0x000000000800be28                USBD_LL_PrepareReceive
 .text.USBD_LL_GetRxDataSize
                0x000000000800be6a       0x26 ./USB_DEVICE/Target/usbd_conf.o
                0x000000000800be6a                USBD_LL_GetRxDataSize
 .text.USBD_static_malloc
                0x000000000800be90       0x1c ./USB_DEVICE/Target/usbd_conf.o
                0x000000000800be90                USBD_static_malloc
 .text.USBD_static_free
                0x000000000800beac       0x14 ./USB_DEVICE/Target/usbd_conf.o
                0x000000000800beac                USBD_static_free
 .text.USBD_Get_USB_Status
                0x000000000800bec0       0x58 ./USB_DEVICE/Target/usbd_conf.o
                0x000000000800bec0                USBD_Get_USB_Status
 .text.memset   0x000000000800bf18       0x10 C:/ST/STM32CubeIDE_1.13.2/STM32CubeIDE/plugins/com.st.stm32cube.ide.mcu.externaltools.gnu-tools-for-stm32.11.3.rel1.win32_1.1.1.202309131626/tools/bin/../lib/gcc/arm-none-eabi/11.3.1/../../../../arm-none-eabi/lib/thumb/v7e-m+fp/hard\libc_nano.a(libc_a-memset.o)
                0x000000000800bf18                memset
 .text._reclaim_reent
                0x000000000800bf28       0xac C:/ST/STM32CubeIDE_1.13.2/STM32CubeIDE/plugins/com.st.stm32cube.ide.mcu.externaltools.gnu-tools-for-stm32.11.3.rel1.win32_1.1.1.202309131626/tools/bin/../lib/gcc/arm-none-eabi/11.3.1/../../../../arm-none-eabi/lib/thumb/v7e-m+fp/hard\libc_nano.a(libc_a-reent.o)
                0x000000000800bf28                _reclaim_reent
 .text.__libc_init_array
                0x000000000800bfd4       0x48 C:/ST/STM32CubeIDE_1.13.2/STM32CubeIDE/plugins/com.st.stm32cube.ide.mcu.externaltools.gnu-tools-for-stm32.11.3.rel1.win32_1.1.1.202309131626/tools/bin/../lib/gcc/arm-none-eabi/11.3.1/../../../../arm-none-eabi/lib/thumb/v7e-m+fp/hard\libc_nano.a(libc_a-init.o)
                0x000000000800bfd4                __libc_init_array
 .text.__retarget_lock_acquire_recursive
                0x000000000800c01c        0x2 C:/ST/STM32CubeIDE_1.13.2/STM32CubeIDE/plugins/com.st.stm32cube.ide.mcu.externaltools.gnu-tools-for-stm32.11.3.rel1.win32_1.1.1.202309131626/tools/bin/../lib/gcc/arm-none-eabi/11.3.1/../../../../arm-none-eabi/lib/thumb/v7e-m+fp/hard\libc_nano.a(libc_a-lock.o)
                0x000000000800c01c                __retarget_lock_acquire_recursive
 .text.__retarget_lock_release_recursive
                0x000000000800c01e        0x2 C:/ST/STM32CubeIDE_1.13.2/STM32CubeIDE/plugins/com.st.stm32cube.ide.mcu.externaltools.gnu-tools-for-stm32.11.3.rel1.win32_1.1.1.202309131626/tools/bin/../lib/gcc/arm-none-eabi/11.3.1/../../../../arm-none-eabi/lib/thumb/v7e-m+fp/hard\libc_nano.a(libc_a-lock.o)
                0x000000000800c01e                __retarget_lock_release_recursive
 .text.memcpy   0x000000000800c020       0x1c C:/ST/STM32CubeIDE_1.13.2/STM32CubeIDE/plugins/com.st.stm32cube.ide.mcu.externaltools.gnu-tools-for-stm32.11.3.rel1.win32_1.1.1.202309131626/tools/bin/../lib/gcc/arm-none-eabi/11.3.1/../../../../arm-none-eabi/lib/thumb/v7e-m+fp/hard\libc_nano.a(libc_a-memcpy-stub.o)
                0x000000000800c020                memcpy
 .text._free_r  0x000000000800c03c       0x98 C:/ST/STM32CubeIDE_1.13.2/STM32CubeIDE/plugins/com.st.stm32cube.ide.mcu.externaltools.gnu-tools-for-stm32.11.3.rel1.win32_1.1.1.202309131626/tools/bin/../lib/gcc/arm-none-eabi/11.3.1/../../../../arm-none-eabi/lib/thumb/v7e-m+fp/hard\libc_nano.a(libc_a-freer.o)
                0x000000000800c03c                _free_r
 .text.__malloc_lock
                0x000000000800c0d4        0xc C:/ST/STM32CubeIDE_1.13.2/STM32CubeIDE/plugins/com.st.stm32cube.ide.mcu.externaltools.gnu-tools-for-stm32.11.3.rel1.win32_1.1.1.202309131626/tools/bin/../lib/gcc/arm-none-eabi/11.3.1/../../../../arm-none-eabi/lib/thumb/v7e-m+fp/hard\libc_nano.a(libc_a-mlock.o)
                0x000000000800c0d4                __malloc_lock
 .text.__malloc_unlock
                0x000000000800c0e0        0xc C:/ST/STM32CubeIDE_1.13.2/STM32CubeIDE/plugins/com.st.stm32cube.ide.mcu.externaltools.gnu-tools-for-stm32.11.3.rel1.win32_1.1.1.202309131626/tools/bin/../lib/gcc/arm-none-eabi/11.3.1/../../../../arm-none-eabi/lib/thumb/v7e-m+fp/hard\libc_nano.a(libc_a-mlock.o)
                0x000000000800c0e0                __malloc_unlock
 *(.glue_7)
 .glue_7        0x000000000800c0ec        0x0 linker stubs
 *(.glue_7t)
 .glue_7t       0x000000000800c0ec        0x0 linker stubs
 *(.eh_frame)
 .eh_frame      0x000000000800c0ec        0x0 C:/ST/STM32CubeIDE_1.13.2/STM32CubeIDE/plugins/com.st.stm32cube.ide.mcu.externaltools.gnu-tools-for-stm32.11.3.rel1.win32_1.1.1.202309131626/tools/bin/../lib/gcc/arm-none-eabi/11.3.1/thumb/v7e-m+fp/hard/crtbegin.o
 *(.init)
 .init          0x000000000800c0ec        0x4 C:/ST/STM32CubeIDE_1.13.2/STM32CubeIDE/plugins/com.st.stm32cube.ide.mcu.externaltools.gnu-tools-for-stm32.11.3.rel1.win32_1.1.1.202309131626/tools/bin/../lib/gcc/arm-none-eabi/11.3.1/thumb/v7e-m+fp/hard/crti.o
                0x000000000800c0ec                _init
 .init          0x000000000800c0f0        0x8 C:/ST/STM32CubeIDE_1.13.2/STM32CubeIDE/plugins/com.st.stm32cube.ide.mcu.externaltools.gnu-tools-for-stm32.11.3.rel1.win32_1.1.1.202309131626/tools/bin/../lib/gcc/arm-none-eabi/11.3.1/thumb/v7e-m+fp/hard/crtn.o
 *(.fini)
 .fini          0x000000000800c0f8        0x4 C:/ST/STM32CubeIDE_1.13.2/STM32CubeIDE/plugins/com.st.stm32cube.ide.mcu.externaltools.gnu-tools-for-stm32.11.3.rel1.win32_1.1.1.202309131626/tools/bin/../lib/gcc/arm-none-eabi/11.3.1/thumb/v7e-m+fp/hard/crti.o
                0x000000000800c0f8                _fini
 .fini          0x000000000800c0fc        0x8 C:/ST/STM32CubeIDE_1.13.2/STM32CubeIDE/plugins/com.st.stm32cube.ide.mcu.externaltools.gnu-tools-for-stm32.11.3.rel1.win32_1.1.1.202309131626/tools/bin/../lib/gcc/arm-none-eabi/11.3.1/thumb/v7e-m+fp/hard/crtn.o
                0x000000000800c104                . = ALIGN (0x4)
                0x000000000800c104                _etext = .

.vfp11_veneer   0x000000000800c104        0x0
 .vfp11_veneer  0x000000000800c104        0x0 linker stubs

.v4_bx          0x000000000800c104        0x0
 .v4_bx         0x000000000800c104        0x0 linker stubs

.iplt           0x000000000800c104        0x0
 .iplt          0x000000000800c104        0x0 C:/ST/STM32CubeIDE_1.13.2/STM32CubeIDE/plugins/com.st.stm32cube.ide.mcu.externaltools.gnu-tools-for-stm32.11.3.rel1.win32_1.1.1.202309131626/tools/bin/../lib/gcc/arm-none-eabi/11.3.1/thumb/v7e-m+fp/hard/crtbegin.o

.rodata         0x000000000800c104      0x130
                0x000000000800c104                . = ALIGN (0x4)
 *(.rodata)
 .rodata        0x000000000800c104       0x94 ./Core/Src/main.o
 .rodata        0x000000000800c198        0x5 ./Middlewares/Third_Party/FreeRTOS/Source/tasks.o
 *fill*         0x000000000800c19d        0x3 
 .rodata        0x000000000800c1a0        0xd ./Middlewares/Third_Party/FreeRTOS/Source/timers.o
 *fill*         0x000000000800c1ad        0x3 
 .rodata        0x000000000800c1b0       0x46 ./USB_DEVICE/App/usbd_desc.o
 *(.rodata*)
 *fill*         0x000000000800c1f6        0x2 
 .rodata.defaultTask_attributes
                0x000000000800c1f8       0x24 ./Core/Src/main.o
                0x000000000800c1f8                defaultTask_attributes
 .rodata.AHBPrescTable
                0x000000000800c21c       0x10 ./Core/Src/system_stm32f4xx.o
                0x000000000800c21c                AHBPrescTable
 .rodata.APBPrescTable
                0x000000000800c22c        0x8 ./Core/Src/system_stm32f4xx.o
                0x000000000800c22c                APBPrescTable
                0x000000000800c234                . = ALIGN (0x4)

.ARM.extab      0x000000000800c234        0x0
                0x000000000800c234                . = ALIGN (0x4)
 *(.ARM.extab* .gnu.linkonce.armextab.*)
                0x000000000800c234                . = ALIGN (0x4)

.ARM            0x000000000800c234        0x8
                0x000000000800c234                . = ALIGN (0x4)
                0x000000000800c234                __exidx_start = .
 *(.ARM.exidx*)
 .ARM.exidx     0x000000000800c234        0x8 C:/ST/STM32CubeIDE_1.13.2/STM32CubeIDE/plugins/com.st.stm32cube.ide.mcu.externaltools.gnu-tools-for-stm32.11.3.rel1.win32_1.1.1.202309131626/tools/bin/../lib/gcc/arm-none-eabi/11.3.1/thumb/v7e-m+fp/hard\libgcc.a(_udivmoddi4.o)
                0x000000000800c23c                __exidx_end = .
                0x000000000800c23c                . = ALIGN (0x4)

.rel.dyn        0x000000000800c23c        0x0
 .rel.iplt      0x000000000800c23c        0x0 C:/ST/STM32CubeIDE_1.13.2/STM32CubeIDE/plugins/com.st.stm32cube.ide.mcu.externaltools.gnu-tools-for-stm32.11.3.rel1.win32_1.1.1.202309131626/tools/bin/../lib/gcc/arm-none-eabi/11.3.1/thumb/v7e-m+fp/hard/crtbegin.o

.preinit_array  0x000000000800c23c        0x0
                0x000000000800c23c                . = ALIGN (0x4)
                0x000000000800c23c                PROVIDE (__preinit_array_start = .)
 *(.preinit_array*)
                0x000000000800c23c                PROVIDE (__preinit_array_end = .)
                0x000000000800c23c                . = ALIGN (0x4)

.init_array     0x000000000800c23c        0x4
                0x000000000800c23c                . = ALIGN (0x4)
                0x000000000800c23c                PROVIDE (__init_array_start = .)
 *(SORT_BY_NAME(.init_array.*))
 *(.init_array*)
 .init_array    0x000000000800c23c        0x4 C:/ST/STM32CubeIDE_1.13.2/STM32CubeIDE/plugins/com.st.stm32cube.ide.mcu.externaltools.gnu-tools-for-stm32.11.3.rel1.win32_1.1.1.202309131626/tools/bin/../lib/gcc/arm-none-eabi/11.3.1/thumb/v7e-m+fp/hard/crtbegin.o
                0x000000000800c240                PROVIDE (__init_array_end = .)
                0x000000000800c240                . = ALIGN (0x4)

.fini_array     0x000000000800c240        0x4
                0x000000000800c240                . = ALIGN (0x4)
                [!provide]                        PROVIDE (__fini_array_start = .)
 *(SORT_BY_NAME(.fini_array.*))
 *(.fini_array*)
 .fini_array    0x000000000800c240        0x4 C:/ST/STM32CubeIDE_1.13.2/STM32CubeIDE/plugins/com.st.stm32cube.ide.mcu.externaltools.gnu-tools-for-stm32.11.3.rel1.win32_1.1.1.202309131626/tools/bin/../lib/gcc/arm-none-eabi/11.3.1/thumb/v7e-m+fp/hard/crtbegin.o
                [!provide]                        PROVIDE (__fini_array_end = .)
                0x000000000800c244                . = ALIGN (0x4)
                0x000000000800c244                _sidata = LOADADDR (.data)

.data           0x0000000020000000      0x150 load address 0x000000000800c244
                0x0000000020000000                . = ALIGN (0x4)
                0x0000000020000000                _sdata = .
 *(.data)
 *(.data*)
 .data.SystemCoreClock
                0x0000000020000000        0x4 ./Core/Src/system_stm32f4xx.o
                0x0000000020000000                SystemCoreClock
 .data.uwTickPrio
                0x0000000020000004        0x4 ./Drivers/STM32F4xx_HAL_Driver/Src/stm32f4xx_hal.o
                0x0000000020000004                uwTickPrio
 .data.uwTickFreq
                0x0000000020000008        0x1 ./Drivers/STM32F4xx_HAL_Driver/Src/stm32f4xx_hal.o
                0x0000000020000008                uwTickFreq
 *fill*         0x0000000020000009        0x3 
 .data.USBD_CDC_DeviceQualifierDesc
                0x000000002000000c        0xa ./Middlewares/ST/STM32_USB_Device_Library/Class/CDC/Src/usbd_cdc.o
 *fill*         0x0000000020000016        0x2 
 .data.USBD_CDC
                0x0000000020000018       0x38 ./Middlewares/ST/STM32_USB_Device_Library/Class/CDC/Src/usbd_cdc.o
                0x0000000020000018                USBD_CDC
 .data.USBD_CDC_CfgDesc
                0x0000000020000050       0x43 ./Middlewares/ST/STM32_USB_Device_Library/Class/CDC/Src/usbd_cdc.o
 .data.CDCInEpAdd
                0x0000000020000093        0x1 ./Middlewares/ST/STM32_USB_Device_Library/Class/CDC/Src/usbd_cdc.o
 .data.CDCOutEpAdd
                0x0000000020000094        0x1 ./Middlewares/ST/STM32_USB_Device_Library/Class/CDC/Src/usbd_cdc.o
 .data.CDCCmdEpAdd
                0x0000000020000095        0x1 ./Middlewares/ST/STM32_USB_Device_Library/Class/CDC/Src/usbd_cdc.o
 *fill*         0x0000000020000096        0x2 
 .data.uxCriticalNesting
                0x0000000020000098        0x4 ./Middlewares/Third_Party/FreeRTOS/Source/portable/GCC/ARM_CM4F/port.o
 .data.USBD_Interface_fops_FS
                0x000000002000009c       0x14 ./USB_DEVICE/App/usbd_cdc_if.o
                0x000000002000009c                USBD_Interface_fops_FS
 .data.FS_Desc  0x00000000200000b0       0x1c ./USB_DEVICE/App/usbd_desc.o
                0x00000000200000b0                FS_Desc
 .data.USBD_FS_DeviceDesc
                0x00000000200000cc       0x12 ./USB_DEVICE/App/usbd_desc.o
                0x00000000200000cc                USBD_FS_DeviceDesc
 *fill*         0x00000000200000de        0x2 
 .data.USBD_LangIDDesc
                0x00000000200000e0        0x4 ./USB_DEVICE/App/usbd_desc.o
                0x00000000200000e0                USBD_LangIDDesc
 .data.USBD_StringSerial
                0x00000000200000e4       0x1a ./USB_DEVICE/App/usbd_desc.o
                0x00000000200000e4                USBD_StringSerial
 *fill*         0x00000000200000fe        0x2 
 .data._impure_data
                0x0000000020000100       0x4c C:/ST/STM32CubeIDE_1.13.2/STM32CubeIDE/plugins/com.st.stm32cube.ide.mcu.externaltools.gnu-tools-for-stm32.11.3.rel1.win32_1.1.1.202309131626/tools/bin/../lib/gcc/arm-none-eabi/11.3.1/../../../../arm-none-eabi/lib/thumb/v7e-m+fp/hard\libc_nano.a(libc_a-impure.o)
                0x0000000020000100                _impure_data
 .data._impure_ptr
                0x000000002000014c        0x4 C:/ST/STM32CubeIDE_1.13.2/STM32CubeIDE/plugins/com.st.stm32cube.ide.mcu.externaltools.gnu-tools-for-stm32.11.3.rel1.win32_1.1.1.202309131626/tools/bin/../lib/gcc/arm-none-eabi/11.3.1/../../../../arm-none-eabi/lib/thumb/v7e-m+fp/hard\libc_nano.a(libc_a-impure.o)
                0x000000002000014c                _impure_ptr
 *(.RamFunc)
 *(.RamFunc*)
                0x0000000020000150                . = ALIGN (0x4)
                0x0000000020000150                _edata = .

.igot.plt       0x0000000020000150        0x0 load address 0x000000000800c394
 .igot.plt      0x0000000020000150        0x0 C:/ST/STM32CubeIDE_1.13.2/STM32CubeIDE/plugins/com.st.stm32cube.ide.mcu.externaltools.gnu-tools-for-stm32.11.3.rel1.win32_1.1.1.202309131626/tools/bin/../lib/gcc/arm-none-eabi/11.3.1/thumb/v7e-m+fp/hard/crtbegin.o
                0x0000000020000150                . = ALIGN (0x4)

.bss            0x0000000020000150     0x6854 load address 0x000000000800c394
                0x0000000020000150                _sbss = .
                0x0000000020000150                __bss_start__ = _sbss
 *(.bss)
 .bss           0x0000000020000150       0x1c C:/ST/STM32CubeIDE_1.13.2/STM32CubeIDE/plugins/com.st.stm32cube.ide.mcu.externaltools.gnu-tools-for-stm32.11.3.rel1.win32_1.1.1.202309131626/tools/bin/../lib/gcc/arm-none-eabi/11.3.1/thumb/v7e-m+fp/hard/crtbegin.o
 *(.bss*)
 .bss.hi2c1     0x000000002000016c       0x54 ./Core/Src/main.o
                0x000000002000016c                hi2c1
 .bss.hspi1     0x00000000200001c0       0x58 ./Core/Src/main.o
                0x00000000200001c0                hspi1
 .bss.defaultTaskHandle
                0x0000000020000218        0x4 ./Core/Src/main.o
                0x0000000020000218                defaultTaskHandle
 .bss.QueueGyro
                0x000000002000021c        0x4 ./Core/Src/main.o
                0x000000002000021c                QueueGyro
 .bss.QueueAccel
                0x0000000020000220        0x4 ./Core/Src/main.o
                0x0000000020000220                QueueAccel
 .bss.htim4     0x0000000020000224       0x48 ./Core/Src/stm32f4xx_hal_timebase_tim.o
                0x0000000020000224                htim4
 .bss.uwTick    0x000000002000026c        0x4 ./Drivers/STM32F4xx_HAL_Driver/Src/stm32f4xx_hal.o
                0x000000002000026c                uwTick
 .bss.cfgidx.0  0x0000000020000270        0x1 ./Middlewares/ST/STM32_USB_Device_Library/Core/Src/usbd_ctlreq.o
 *fill*         0x0000000020000271        0x3 
 .bss.KernelState
                0x0000000020000274        0x4 ./Middlewares/Third_Party/FreeRTOS/Source/CMSIS_RTOS_V2/cmsis_os2.o
 .bss.Idle_TCB.3
                0x0000000020000278       0xa8 ./Middlewares/Third_Party/FreeRTOS/Source/CMSIS_RTOS_V2/cmsis_os2.o
 .bss.Idle_Stack.2
                0x0000000020000320      0x200 ./Middlewares/Third_Party/FreeRTOS/Source/CMSIS_RTOS_V2/cmsis_os2.o
 .bss.Timer_TCB.1
                0x0000000020000520       0xa8 ./Middlewares/Third_Party/FreeRTOS/Source/CMSIS_RTOS_V2/cmsis_os2.o
 .bss.Timer_Stack.0
                0x00000000200005c8      0x400 ./Middlewares/Third_Party/FreeRTOS/Source/CMSIS_RTOS_V2/cmsis_os2.o
 .bss.xQueueRegistry
                0x00000000200009c8       0x40 ./Middlewares/Third_Party/FreeRTOS/Source/queue.o
                0x00000000200009c8                xQueueRegistry
 .bss.pxCurrentTCB
                0x0000000020000a08        0x4 ./Middlewares/Third_Party/FreeRTOS/Source/tasks.o
                0x0000000020000a08                pxCurrentTCB
 .bss.pxReadyTasksLists
                0x0000000020000a0c      0x460 ./Middlewares/Third_Party/FreeRTOS/Source/tasks.o
 .bss.xDelayedTaskList1
                0x0000000020000e6c       0x14 ./Middlewares/Third_Party/FreeRTOS/Source/tasks.o
 .bss.xDelayedTaskList2
                0x0000000020000e80       0x14 ./Middlewares/Third_Party/FreeRTOS/Source/tasks.o
 .bss.pxDelayedTaskList
                0x0000000020000e94        0x4 ./Middlewares/Third_Party/FreeRTOS/Source/tasks.o
 .bss.pxOverflowDelayedTaskList
                0x0000000020000e98        0x4 ./Middlewares/Third_Party/FreeRTOS/Source/tasks.o
 .bss.xPendingReadyList
                0x0000000020000e9c       0x14 ./Middlewares/Third_Party/FreeRTOS/Source/tasks.o
 .bss.xTasksWaitingTermination
                0x0000000020000eb0       0x14 ./Middlewares/Third_Party/FreeRTOS/Source/tasks.o
 .bss.uxDeletedTasksWaitingCleanUp
                0x0000000020000ec4        0x4 ./Middlewares/Third_Party/FreeRTOS/Source/tasks.o
 .bss.xSuspendedTaskList
                0x0000000020000ec8       0x14 ./Middlewares/Third_Party/FreeRTOS/Source/tasks.o
 .bss.uxCurrentNumberOfTasks
                0x0000000020000edc        0x4 ./Middlewares/Third_Party/FreeRTOS/Source/tasks.o
 .bss.xTickCount
                0x0000000020000ee0        0x4 ./Middlewares/Third_Party/FreeRTOS/Source/tasks.o
 .bss.uxTopReadyPriority
                0x0000000020000ee4        0x4 ./Middlewares/Third_Party/FreeRTOS/Source/tasks.o
 .bss.xSchedulerRunning
                0x0000000020000ee8        0x4 ./Middlewares/Third_Party/FreeRTOS/Source/tasks.o
 .bss.xPendedTicks
                0x0000000020000eec        0x4 ./Middlewares/Third_Party/FreeRTOS/Source/tasks.o
 .bss.xYieldPending
                0x0000000020000ef0        0x4 ./Middlewares/Third_Party/FreeRTOS/Source/tasks.o
 .bss.xNumOfOverflows
                0x0000000020000ef4        0x4 ./Middlewares/Third_Party/FreeRTOS/Source/tasks.o
 .bss.uxTaskNumber
                0x0000000020000ef8        0x4 ./Middlewares/Third_Party/FreeRTOS/Source/tasks.o
 .bss.xNextTaskUnblockTime
                0x0000000020000efc        0x4 ./Middlewares/Third_Party/FreeRTOS/Source/tasks.o
 .bss.xIdleTaskHandle
                0x0000000020000f00        0x4 ./Middlewares/Third_Party/FreeRTOS/Source/tasks.o
 .bss.uxSchedulerSuspended
                0x0000000020000f04        0x4 ./Middlewares/Third_Party/FreeRTOS/Source/tasks.o
 .bss.xActiveTimerList1
                0x0000000020000f08       0x14 ./Middlewares/Third_Party/FreeRTOS/Source/timers.o
 .bss.xActiveTimerList2
                0x0000000020000f1c       0x14 ./Middlewares/Third_Party/FreeRTOS/Source/timers.o
 .bss.pxCurrentTimerList
                0x0000000020000f30        0x4 ./Middlewares/Third_Party/FreeRTOS/Source/timers.o
 .bss.pxOverflowTimerList
                0x0000000020000f34        0x4 ./Middlewares/Third_Party/FreeRTOS/Source/timers.o
 .bss.xTimerQueue
                0x0000000020000f38        0x4 ./Middlewares/Third_Party/FreeRTOS/Source/timers.o
 .bss.xTimerTaskHandle
                0x0000000020000f3c        0x4 ./Middlewares/Third_Party/FreeRTOS/Source/timers.o
 .bss.xLastTime.2
                0x0000000020000f40        0x4 ./Middlewares/Third_Party/FreeRTOS/Source/timers.o
 .bss.ucStaticTimerQueueStorage.1
                0x0000000020000f44       0xa0 ./Middlewares/Third_Party/FreeRTOS/Source/timers.o
 .bss.xStaticTimerQueue.0
                0x0000000020000fe4       0x50 ./Middlewares/Third_Party/FreeRTOS/Source/timers.o
 .bss.ucMaxSysCallPriority
                0x0000000020001034        0x1 ./Middlewares/Third_Party/FreeRTOS/Source/portable/GCC/ARM_CM4F/port.o
 *fill*         0x0000000020001035        0x3 
 .bss.ulMaxPRIGROUPValue
                0x0000000020001038        0x4 ./Middlewares/Third_Party/FreeRTOS/Source/portable/GCC/ARM_CM4F/port.o
 .bss.ucHeap    0x000000002000103c     0x3c00 ./Middlewares/Third_Party/FreeRTOS/Source/portable/MemMang/heap_4.o
 .bss.xStart    0x0000000020004c3c        0x8 ./Middlewares/Third_Party/FreeRTOS/Source/portable/MemMang/heap_4.o
 .bss.pxEnd     0x0000000020004c44        0x4 ./Middlewares/Third_Party/FreeRTOS/Source/portable/MemMang/heap_4.o
 .bss.xFreeBytesRemaining
                0x0000000020004c48        0x4 ./Middlewares/Third_Party/FreeRTOS/Source/portable/MemMang/heap_4.o
 .bss.xMinimumEverFreeBytesRemaining
                0x0000000020004c4c        0x4 ./Middlewares/Third_Party/FreeRTOS/Source/portable/MemMang/heap_4.o
 .bss.xNumberOfSuccessfulAllocations
                0x0000000020004c50        0x4 ./Middlewares/Third_Party/FreeRTOS/Source/portable/MemMang/heap_4.o
 .bss.xNumberOfSuccessfulFrees
                0x0000000020004c54        0x4 ./Middlewares/Third_Party/FreeRTOS/Source/portable/MemMang/heap_4.o
 .bss.xBlockAllocatedBit
                0x0000000020004c58        0x4 ./Middlewares/Third_Party/FreeRTOS/Source/portable/MemMang/heap_4.o
 .bss.hUsbDeviceFS
                0x0000000020004c5c      0x2dc ./USB_DEVICE/App/usb_device.o
                0x0000000020004c5c                hUsbDeviceFS
 .bss.UserRxBufferFS
                0x0000000020004f38      0x800 ./USB_DEVICE/App/usbd_cdc_if.o
                0x0000000020004f38                UserRxBufferFS
 .bss.UserTxBufferFS
                0x0000000020005738      0x800 ./USB_DEVICE/App/usbd_cdc_if.o
                0x0000000020005738                UserTxBufferFS
 .bss.USBD_StrDesc
                0x0000000020005f38      0x200 ./USB_DEVICE/App/usbd_desc.o
                0x0000000020005f38                USBD_StrDesc
 .bss.hpcd_USB_OTG_FS
                0x0000000020006138      0x50c ./USB_DEVICE/Target/usbd_conf.o
                0x0000000020006138                hpcd_USB_OTG_FS
 .bss.mem.0     0x0000000020006644      0x220 ./USB_DEVICE/Target/usbd_conf.o
 .bss.__sf      0x0000000020006864      0x138 C:/ST/STM32CubeIDE_1.13.2/STM32CubeIDE/plugins/com.st.stm32cube.ide.mcu.externaltools.gnu-tools-for-stm32.11.3.rel1.win32_1.1.1.202309131626/tools/bin/../lib/gcc/arm-none-eabi/11.3.1/../../../../arm-none-eabi/lib/thumb/v7e-m+fp/hard\libc_nano.a(libc_a-findfp.o)
                0x0000000020006864                __sf
 .bss.__lock___malloc_recursive_mutex
                0x000000002000699c        0x1 C:/ST/STM32CubeIDE_1.13.2/STM32CubeIDE/plugins/com.st.stm32cube.ide.mcu.externaltools.gnu-tools-for-stm32.11.3.rel1.win32_1.1.1.202309131626/tools/bin/../lib/gcc/arm-none-eabi/11.3.1/../../../../arm-none-eabi/lib/thumb/v7e-m+fp/hard\libc_nano.a(libc_a-lock.o)
                0x000000002000699c                __lock___malloc_recursive_mutex
 *fill*         0x000000002000699d        0x3 
 .bss.__malloc_free_list
                0x00000000200069a0        0x4 C:/ST/STM32CubeIDE_1.13.2/STM32CubeIDE/plugins/com.st.stm32cube.ide.mcu.externaltools.gnu-tools-for-stm32.11.3.rel1.win32_1.1.1.202309131626/tools/bin/../lib/gcc/arm-none-eabi/11.3.1/../../../../arm-none-eabi/lib/thumb/v7e-m+fp/hard\libc_nano.a(libc_a-mallocr.o)
                0x00000000200069a0                __malloc_free_list
 *(COMMON)
                0x00000000200069a4                . = ALIGN (0x4)
                0x00000000200069a4                _ebss = .
                0x00000000200069a4                __bss_end__ = _ebss

._user_heap_stack
                0x00000000200069a4      0x604 load address 0x000000000800c394
                0x00000000200069a8                . = ALIGN (0x8)
 *fill*         0x00000000200069a4        0x4 
                [!provide]                        PROVIDE (end = .)
                0x00000000200069a8                PROVIDE (_end = .)
                0x0000000020006ba8                . = (. + _Min_Heap_Size)
 *fill*         0x00000000200069a8      0x200 
                0x0000000020006fa8                . = (. + _Min_Stack_Size)
 *fill*         0x0000000020006ba8      0x400 
                0x0000000020006fa8                . = ALIGN (0x8)

/DISCARD/
 libc.a(*)
 libm.a(*)
 libgcc.a(*)

.ARM.attributes
                0x0000000000000000       0x30
 *(.ARM.attributes)
 .ARM.attributes
                0x0000000000000000       0x1e C:/ST/STM32CubeIDE_1.13.2/STM32CubeIDE/plugins/com.st.stm32cube.ide.mcu.externaltools.gnu-tools-for-stm32.11.3.rel1.win32_1.1.1.202309131626/tools/bin/../lib/gcc/arm-none-eabi/11.3.1/thumb/v7e-m+fp/hard/crti.o
 .ARM.attributes
                0x000000000000001e       0x34 C:/ST/STM32CubeIDE_1.13.2/STM32CubeIDE/plugins/com.st.stm32cube.ide.mcu.externaltools.gnu-tools-for-stm32.11.3.rel1.win32_1.1.1.202309131626/tools/bin/../lib/gcc/arm-none-eabi/11.3.1/thumb/v7e-m+fp/hard/crtbegin.o
 .ARM.attributes
                0x0000000000000052       0x34 ./Core/Src/main.o
 .ARM.attributes
                0x0000000000000086       0x34 ./Core/Src/stm32f4xx_hal_msp.o
 .ARM.attributes
                0x00000000000000ba       0x34 ./Core/Src/stm32f4xx_hal_timebase_tim.o
 .ARM.attributes
                0x00000000000000ee       0x34 ./Core/Src/stm32f4xx_it.o
 .ARM.attributes
                0x0000000000000122       0x34 ./Core/Src/system_stm32f4xx.o
 .ARM.attributes
                0x0000000000000156       0x21 ./Core/Startup/startup_stm32f411vetx.o
 .ARM.attributes
                0x0000000000000177       0x34 ./Drivers/STM32F4xx_HAL_Driver/Src/stm32f4xx_hal.o
 .ARM.attributes
                0x00000000000001ab       0x34 ./Drivers/STM32F4xx_HAL_Driver/Src/stm32f4xx_hal_cortex.o
 .ARM.attributes
                0x00000000000001df       0x34 ./Drivers/STM32F4xx_HAL_Driver/Src/stm32f4xx_hal_gpio.o
 .ARM.attributes
                0x0000000000000213       0x34 ./Drivers/STM32F4xx_HAL_Driver/Src/stm32f4xx_hal_i2c.o
 .ARM.attributes
                0x0000000000000247       0x34 ./Drivers/STM32F4xx_HAL_Driver/Src/stm32f4xx_hal_pcd.o
 .ARM.attributes
                0x000000000000027b       0x34 ./Drivers/STM32F4xx_HAL_Driver/Src/stm32f4xx_hal_pcd_ex.o
 .ARM.attributes
                0x00000000000002af       0x34 ./Drivers/STM32F4xx_HAL_Driver/Src/stm32f4xx_hal_rcc.o
 .ARM.attributes
                0x00000000000002e3       0x34 ./Drivers/STM32F4xx_HAL_Driver/Src/stm32f4xx_hal_spi.o
 .ARM.attributes
                0x0000000000000317       0x34 ./Drivers/STM32F4xx_HAL_Driver/Src/stm32f4xx_hal_tim.o
 .ARM.attributes
                0x000000000000034b       0x34 ./Drivers/STM32F4xx_HAL_Driver/Src/stm32f4xx_hal_tim_ex.o
 .ARM.attributes
                0x000000000000037f       0x34 ./Drivers/STM32F4xx_HAL_Driver/Src/stm32f4xx_ll_usb.o
 .ARM.attributes
                0x00000000000003b3       0x34 ./Middlewares/ST/STM32_USB_Device_Library/Class/CDC/Src/usbd_cdc.o
 .ARM.attributes
                0x00000000000003e7       0x34 ./Middlewares/ST/STM32_USB_Device_Library/Core/Src/usbd_core.o
 .ARM.attributes
                0x000000000000041b       0x34 ./Middlewares/ST/STM32_USB_Device_Library/Core/Src/usbd_ctlreq.o
 .ARM.attributes
                0x000000000000044f       0x34 ./Middlewares/ST/STM32_USB_Device_Library/Core/Src/usbd_ioreq.o
 .ARM.attributes
                0x0000000000000483       0x34 ./Middlewares/Third_Party/FreeRTOS/Source/CMSIS_RTOS_V2/cmsis_os2.o
 .ARM.attributes
                0x00000000000004b7       0x34 ./Middlewares/Third_Party/FreeRTOS/Source/list.o
 .ARM.attributes
                0x00000000000004eb       0x34 ./Middlewares/Third_Party/FreeRTOS/Source/queue.o
 .ARM.attributes