../STM32F4xx_ESP32_firmware-main/Src/MQTT_dispatcher.c:125:12:mqtt_init	24	static
../STM32F4xx_ESP32_firmware-main/Src/MQTT_dispatcher.c:148:16:mqtt_pub	312	static
../STM32F4xx_ESP32_firmware-main/Src/MQTT_dispatcher.c:160:16:mqtt_pub_raw	312	static
../STM32F4xx_ESP32_firmware-main/Src/MQTT_dispatcher.c:174:16:mqtt_add_subscriber	40	static
../STM32F4xx_ESP32_firmware-main/Src/MQTT_dispatcher.c:203:16:mqtt_remove_subscriber	32	static
../STM32F4xx_ESP32_firmware-main/Src/MQTT_dispatcher.c:220:16:mqtt_subscribe_topic	56	static
../STM32F4xx_ESP32_firmware-main/Src/MQTT_dispatcher.c:256:16:mqtt_unsubscribe_topic	40	static
../STM32F4xx_ESP32_firmware-main/Src/MQTT_dispatcher.c:285:19:mqtt_poll	32	static
../STM32F4xx_ESP32_firmware-main/Src/MQTT_dispatcher.c:292:12:mqtt_to_latest	24	static
../STM32F4xx_ESP32_firmware-main/Src/MQTT_dispatcher.c:308:13:mqtt_dispatcher_init_task	32	static
../STM32F4xx_ESP32_firmware-main/Src/MQTT_dispatcher.c:370:13:mqtt_dispatcher_task	544	static
../STM32F4xx_ESP32_firmware-main/Src/MQTT_dispatcher.c:414:26:mqtt_redirect_callback	24	static
../STM32F4xx_ESP32_firmware-main/Src/MQTT_dispatcher.c:420:23:parse_input	16	static
../STM32F4xx_ESP32_firmware-main/Src/MQTT_dispatcher.c:433:19:subscriber_init	24	static
../STM32F4xx_ESP32_firmware-main/Src/MQTT_dispatcher.c:445:19:subscriber_deinit	32	static
../STM32F4xx_ESP32_firmware-main/Src/MQTT_dispatcher.c:466:23:topic_init	320	static
../STM32F4xx_ESP32_firmware-main/Src/MQTT_dispatcher.c:496:30:topic_deinit	304	static
../STM32F4xx_ESP32_firmware-main/Src/MQTT_dispatcher.c:515:26:topic_has_subscribers	16	static
../STM32F4xx_ESP32_firmware-main/Src/MQTT_dispatcher.c:519:26:topic_set_subscriber	24	static
../STM32F4xx_ESP32_firmware-main/Src/MQTT_dispatcher.c:528:21:get_topic	24	static
../STM32F4xx_ESP32_firmware-main/Src/MQTT_dispatcher.c:535:26:get_next_topic_subscriber	24	static
../STM32F4xx_ESP32_firmware-main/Src/MQTT_dispatcher.c:555:19:parse_message	56	static
../STM32F4xx_ESP32_firmware-main/Src/MQTT_dispatcher.c:587:20:subscriber_send_message	24	static
../STM32F4xx_ESP32_firmware-main/Src/MQTT_dispatcher.c:602:20:subscriber_copy_message	32	static
