../Core/Src/main.c:109:9:spi1_beriRegister	32	static
../Core/Src/main.c:118:6:spi1_pisiRegister	24	static
../Core/Src/main.c:125:6:spi1_beriRegistre	16	static
../Core/Src/main.c:132:6:initGyro	16	static
../Core/Src/main.c:142:9:i2c1_pisiRegister	32	static
../Core/Src/main.c:146:6:i2c1_beriRegistre	32	static
../Core/Src/main.c:152:6:initAccel	8	static
../Core/Src/main.c:156:6:TaskReadGyro	40	static
../Core/Src/main.c:175:6:TaskReadAccel	40	static
../Core/Src/main.c:203:6:TaskSendGyro	48	static
../Core/Src/main.c:222:6:TaskSendAccel	40	static
../Core/Src/main.c:245:5:main	16	static
../Core/Src/main.c:346:6:SystemClock_Config	88	static
../Core/Src/main.c:392:13:MX_I2C1_Init	8	static
../Core/Src/main.c:426:13:MX_SPI1_Init	8	static
../Core/Src/main.c:464:13:MX_USART2_UART_Init	8	static
../Core/Src/main.c:497:13:MX_GPIO_Init	56	static
../Core/Src/main.c:615:6:StartDefaultTask	16	static
../Core/Src/main.c:636:6:HAL_TIM_PeriodElapsedCallback	16	static
../Core/Src/main.c:653:6:Error_Handler	4	static,ignoring_inline_asm
